

================================================================
== Vitis HLS Report for 'dut_Pipeline_VITIS_LOOP_27_3'
================================================================
* Date:           Thu Apr 23 22:10:16 2026

* Version:        2025.1 (Build 6135595 on May 21 2025)
* Project:        mcts.prj
* Solution:       solution1 (Vivado IP Flow Target)
* Product family: zynquplus
* Target device:  xck26-sfvc784-2LV-c


================================================================
== Performance Estimates
================================================================
+ Timing: 
    * Summary: 
    +--------+----------+----------+------------+
    |  Clock |  Target  | Estimated| Uncertainty|
    +--------+----------+----------+------------+
    |ap_clk  |  10.00 ns|  7.157 ns|     2.70 ns|
    +--------+----------+----------+------------+

+ Latency: 
    * Summary: 
    +---------+---------+----------+----------+-----+-----+------------------------------------------------+
    |  Latency (cycles) |  Latency (absolute) |  Interval |                    Pipeline                    |
    |   min   |   max   |    min   |    max   | min | max |                      Type                      |
    +---------+---------+----------+----------+-----+-----+------------------------------------------------+
    |       10|       10|  0.100 us|  0.100 us|    9|    9|  loop auto-rewind stp (delay=0 clock cycles(s))|
    +---------+---------+----------+----------+-----+-----+------------------------------------------------+

    + Detail: 
        * Instance: 
        N/A

        * Loop: 
        +-------------------+---------+---------+----------+-----------+-----------+------+----------+
        |                   |  Latency (cycles) | Iteration|  Initiation Interval  | Trip |          |
        |     Loop Name     |   min   |   max   |  Latency |  achieved |   target  | Count| Pipelined|
        +-------------------+---------+---------+----------+-----------+-----------+------+----------+
        |- VITIS_LOOP_27_3  |        8|        8|         5|          4|          1|     2|       yes|
        +-------------------+---------+---------+----------+-----------+-----------+------+----------+

============================================================
+ Verbose Summary: Synthesis Manager
============================================================
InlineROM: 1
ExposeGlobal: 0
============================================================
+ Verbose Summary: CDFG Model
============================================================
IsTopModel: 0
ResetActiveHigh: 1
IsCombinational: 0
IsDatapathOnly: 0
HasWiredReturn: 1
HasMFsm: 2
HasVarLatency: 1
IsPipeline: 0
IsRtlPipelined: 0
IsInstanceOverlapped: 0
IsDontTouch: 0
HasImplIP: 0
IsGatedGlobalClock: 0

+ Individual pipeline summary: 
  * Pipeline-0: initiation interval (II) = 4, depth = 5


============================================================
+ Verbose Summary: Schedule
============================================================
* Number of FSM states : 5
* Pipeline : 1
  Pipeline-0 : II = 4, D = 5, States = { 1 2 3 4 5 }
* Dataflow Pipeline: 0

* FSM state transitions: 
1 --> 2 
2 --> 3 
3 --> 4 
4 --> 5 
5 --> 

* FSM state operations: 

State 1 <SV = 0> <Delay = 1.40>
ST_1 : Operation 8 [1/1] (0.00ns)   --->   "%player2 = alloca i32 1" [dut.cpp:15]   --->   Operation 8 'alloca' 'player2' <Predicate = true> <Delay = 0.00>
ST_1 : Operation 9 [1/1] (0.00ns)   --->   "%word = alloca i32 1" [dut.cpp:27]   --->   Operation 9 'alloca' 'word' <Predicate = true> <Delay = 0.00>
ST_1 : Operation 10 [1/1] (0.00ns)   --->   "%specinterface_ln0 = specinterface void @_ssdm_op_SpecInterface, i32 %strm_in, void @empty_1, i32 0, i32 0, void @empty_0, i32 0, i32 0, void @empty_0, void @empty_0, void @empty_0, i32 0, i32 0, i32 0, i32 0, void @empty_0, void @empty_0, i32 4294967295, i32 0, i32 0"   --->   Operation 10 'specinterface' 'specinterface_ln0' <Predicate = true> <Delay = 0.00>
ST_1 : Operation 11 [1/1] (0.42ns)   --->   "%store_ln27 = store i2 0, i2 %word" [dut.cpp:27]   --->   Operation 11 'store' 'store_ln27' <Predicate = true> <Delay = 0.42>
ST_1 : Operation 12 [1/1] (0.42ns)   --->   "%store_ln15 = store i49 0, i49 %player2" [dut.cpp:15]   --->   Operation 12 'store' 'store_ln15' <Predicate = true> <Delay = 0.42>
ST_1 : Operation 13 [1/1] (0.00ns)   --->   "%br_ln27 = br void %VITIS_LOOP_29_4" [dut.cpp:27]   --->   Operation 13 'br' 'br_ln27' <Predicate = true> <Delay = 0.00>
ST_1 : Operation 14 [1/1] (0.00ns)   --->   "%word_1 = load i2 %word" [dut.cpp:27]   --->   Operation 14 'load' 'word_1' <Predicate = true> <Delay = 0.00>
ST_1 : Operation 15 [1/1] (0.54ns)   --->   "%icmp_ln27 = icmp_eq  i2 %word_1, i2 2" [dut.cpp:27]   --->   Operation 15 'icmp' 'icmp_ln27' <Predicate = true> <Delay = 0.54> <CoreInst = "Cmp">   --->   Core 9 'Cmp' <Latency = 0> <II = 1> <Delay = 0.54> <FuncUnit> <Opcode : 'seteq' 'setne' 'setle' 'setge' 'setlt' 'setgt'> <InPorts = 2> <OutPorts = 1>
ST_1 : Operation 16 [1/1] (0.54ns)   --->   "%word_2 = add i2 %word_1, i2 1" [dut.cpp:27]   --->   Operation 16 'add' 'word_2' <Predicate = true> <Delay = 0.54> <CoreInst = "Adder">   --->   Core 1 'Adder' <Latency = 0> <II = 1> <Delay = 0.54> <FuncUnit> <Opcode : 'add' 'sub'> <InPorts = 2> <OutPorts = 1>
ST_1 : Operation 17 [1/1] (0.00ns)   --->   "%br_ln27 = br i1 %icmp_ln27, void %VITIS_LOOP_29_4.split_ifconv, void %for.end34.exitStub" [dut.cpp:27]   --->   Operation 17 'br' 'br_ln27' <Predicate = true> <Delay = 0.00>
ST_1 : Operation 18 [1/1] (0.00ns)   --->   "%empty = trunc i2 %word_1" [dut.cpp:27]   --->   Operation 18 'trunc' 'empty' <Predicate = (!icmp_ln27)> <Delay = 0.00>
ST_1 : Operation 19 [1/1] (0.42ns)   --->   "%store_ln27 = store i2 %word_2, i2 %word" [dut.cpp:27]   --->   Operation 19 'store' 'store_ln27' <Predicate = (!icmp_ln27)> <Delay = 0.42>
ST_1 : Operation 153 [1/1] (0.00ns)   --->   "%player2_load = load i49 %player2"   --->   Operation 153 'load' 'player2_load' <Predicate = (icmp_ln27)> <Delay = 0.00>
ST_1 : Operation 154 [1/1] (0.00ns)   --->   "%write_ln0 = write void @_ssdm_op_Write.ap_auto.i49P0A, i49 %player2_out, i49 %player2_load"   --->   Operation 154 'write' 'write_ln0' <Predicate = (icmp_ln27)> <Delay = 0.00>
ST_1 : Operation 155 [1/1] (0.42ns)   --->   "%ret_ln0 = ret"   --->   Operation 155 'ret' 'ret_ln0' <Predicate = (icmp_ln27)> <Delay = 0.42>

State 2 <SV = 1> <Delay = 7.07>
ST_2 : Operation 20 [1/1] (0.00ns)   --->   "%player2_load_1 = load i49 %player2" [dut.cpp:32]   --->   Operation 20 'load' 'player2_load_1' <Predicate = (!icmp_ln27)> <Delay = 0.00>
ST_2 : Operation 21 [1/1] ( I:1.63ns O:1.63ns )   --->   "%partial = read i32 @_ssdm_op_Read.ap_fifo.volatile.i32P0A, i32 %strm_in" [dut.cpp:28]   --->   Operation 21 'read' 'partial' <Predicate = (!icmp_ln27)> <Delay = 1.63> <CoreInst = "FIFO">   --->   Core 77 'FIFO' <Latency = 0> <II = 1> <Delay = 1.63> <Storage> <Opcode : 'read' 'write' 'nbread' 'nbwrite'> <Ports = 0> <Width = -1> <Depth = -1> <FIFO>
ST_2 : Operation 22 [1/1] (0.00ns)   --->   "%idx = bitconcatenate i6 @_ssdm_op_BitConcatenate.i6.i1.i5, i1 %empty, i5 0" [dut.cpp:27]   --->   Operation 22 'bitconcatenate' 'idx' <Predicate = (!icmp_ln27)> <Delay = 0.00>
ST_2 : Operation 23 [1/1] (0.00ns)   --->   "%trunc_ln32 = trunc i32 %partial" [dut.cpp:32]   --->   Operation 23 'trunc' 'trunc_ln32' <Predicate = (!icmp_ln27)> <Delay = 0.00>
ST_2 : Operation 24 [1/1] (0.45ns)   --->   "%player2_1 = bitset i49 @_ssdm_op_BitSet.i49.i49.i6.i1, i49 %player2_load_1, i6 %idx, i1 %trunc_ln32" [dut.cpp:32]   --->   Operation 24 'bitset' 'player2_1' <Predicate = (!icmp_ln27)> <Delay = 0.45> <CoreInst = "BitSet">   --->   Core 154 'BitSet' <Latency = 0> <II = 1> <Delay = 0.45> <FuncUnit> <Opcode : 'bitset'> <InPorts = 3> <OutPorts = 1>
ST_2 : Operation 25 [1/1] (0.00ns)   --->   "%idx_1 = bitconcatenate i6 @_ssdm_op_BitConcatenate.i6.i1.i5, i1 %empty, i5 1" [dut.cpp:30]   --->   Operation 25 'bitconcatenate' 'idx_1' <Predicate = (!icmp_ln27)> <Delay = 0.00>
ST_2 : Operation 26 [1/1] (0.00ns)   --->   "%tmp = bitselect i1 @_ssdm_op_BitSelect.i1.i32.i32, i32 %partial, i32 1" [dut.cpp:32]   --->   Operation 26 'bitselect' 'tmp' <Predicate = (!icmp_ln27)> <Delay = 0.00>
ST_2 : Operation 27 [1/1] (0.45ns)   --->   "%player2_2 = bitset i49 @_ssdm_op_BitSet.i49.i49.i6.i1, i49 %player2_1, i6 %idx_1, i1 %tmp" [dut.cpp:32]   --->   Operation 27 'bitset' 'player2_2' <Predicate = (!icmp_ln27)> <Delay = 0.45> <CoreInst = "BitSet">   --->   Core 154 'BitSet' <Latency = 0> <II = 1> <Delay = 0.45> <FuncUnit> <Opcode : 'bitset'> <InPorts = 3> <OutPorts = 1>
ST_2 : Operation 28 [1/1] (0.00ns)   --->   "%idx_2 = bitconcatenate i6 @_ssdm_op_BitConcatenate.i6.i1.i5, i1 %empty, i5 2" [dut.cpp:30]   --->   Operation 28 'bitconcatenate' 'idx_2' <Predicate = (!icmp_ln27)> <Delay = 0.00>
ST_2 : Operation 29 [1/1] (0.00ns)   --->   "%tmp_253 = bitselect i1 @_ssdm_op_BitSelect.i1.i32.i32, i32 %partial, i32 2" [dut.cpp:32]   --->   Operation 29 'bitselect' 'tmp_253' <Predicate = (!icmp_ln27)> <Delay = 0.00>
ST_2 : Operation 30 [1/1] (0.45ns)   --->   "%player2_3 = bitset i49 @_ssdm_op_BitSet.i49.i49.i6.i1, i49 %player2_2, i6 %idx_2, i1 %tmp_253" [dut.cpp:32]   --->   Operation 30 'bitset' 'player2_3' <Predicate = (!icmp_ln27)> <Delay = 0.45> <CoreInst = "BitSet">   --->   Core 154 'BitSet' <Latency = 0> <II = 1> <Delay = 0.45> <FuncUnit> <Opcode : 'bitset'> <InPorts = 3> <OutPorts = 1>
ST_2 : Operation 31 [1/1] (0.00ns)   --->   "%idx_3 = bitconcatenate i6 @_ssdm_op_BitConcatenate.i6.i1.i5, i1 %empty, i5 3" [dut.cpp:30]   --->   Operation 31 'bitconcatenate' 'idx_3' <Predicate = (!icmp_ln27)> <Delay = 0.00>
ST_2 : Operation 32 [1/1] (0.00ns)   --->   "%tmp_255 = bitselect i1 @_ssdm_op_BitSelect.i1.i32.i32, i32 %partial, i32 3" [dut.cpp:32]   --->   Operation 32 'bitselect' 'tmp_255' <Predicate = (!icmp_ln27)> <Delay = 0.00>
ST_2 : Operation 33 [1/1] (0.45ns)   --->   "%player2_4 = bitset i49 @_ssdm_op_BitSet.i49.i49.i6.i1, i49 %player2_3, i6 %idx_3, i1 %tmp_255" [dut.cpp:32]   --->   Operation 33 'bitset' 'player2_4' <Predicate = (!icmp_ln27)> <Delay = 0.45> <CoreInst = "BitSet">   --->   Core 154 'BitSet' <Latency = 0> <II = 1> <Delay = 0.45> <FuncUnit> <Opcode : 'bitset'> <InPorts = 3> <OutPorts = 1>
ST_2 : Operation 34 [1/1] (0.00ns)   --->   "%idx_4 = bitconcatenate i6 @_ssdm_op_BitConcatenate.i6.i1.i5, i1 %empty, i5 4" [dut.cpp:30]   --->   Operation 34 'bitconcatenate' 'idx_4' <Predicate = (!icmp_ln27)> <Delay = 0.00>
ST_2 : Operation 35 [1/1] (0.00ns)   --->   "%tmp_257 = bitselect i1 @_ssdm_op_BitSelect.i1.i32.i32, i32 %partial, i32 4" [dut.cpp:32]   --->   Operation 35 'bitselect' 'tmp_257' <Predicate = (!icmp_ln27)> <Delay = 0.00>
ST_2 : Operation 36 [1/1] (0.45ns)   --->   "%player2_5 = bitset i49 @_ssdm_op_BitSet.i49.i49.i6.i1, i49 %player2_4, i6 %idx_4, i1 %tmp_257" [dut.cpp:32]   --->   Operation 36 'bitset' 'player2_5' <Predicate = (!icmp_ln27)> <Delay = 0.45> <CoreInst = "BitSet">   --->   Core 154 'BitSet' <Latency = 0> <II = 1> <Delay = 0.45> <FuncUnit> <Opcode : 'bitset'> <InPorts = 3> <OutPorts = 1>
ST_2 : Operation 37 [1/1] (0.00ns)   --->   "%idx_5 = bitconcatenate i6 @_ssdm_op_BitConcatenate.i6.i1.i5, i1 %empty, i5 5" [dut.cpp:30]   --->   Operation 37 'bitconcatenate' 'idx_5' <Predicate = (!icmp_ln27)> <Delay = 0.00>
ST_2 : Operation 38 [1/1] (0.00ns)   --->   "%tmp_259 = bitselect i1 @_ssdm_op_BitSelect.i1.i32.i32, i32 %partial, i32 5" [dut.cpp:32]   --->   Operation 38 'bitselect' 'tmp_259' <Predicate = (!icmp_ln27)> <Delay = 0.00>
ST_2 : Operation 39 [1/1] (0.45ns)   --->   "%player2_6 = bitset i49 @_ssdm_op_BitSet.i49.i49.i6.i1, i49 %player2_5, i6 %idx_5, i1 %tmp_259" [dut.cpp:32]   --->   Operation 39 'bitset' 'player2_6' <Predicate = (!icmp_ln27)> <Delay = 0.45> <CoreInst = "BitSet">   --->   Core 154 'BitSet' <Latency = 0> <II = 1> <Delay = 0.45> <FuncUnit> <Opcode : 'bitset'> <InPorts = 3> <OutPorts = 1>
ST_2 : Operation 40 [1/1] (0.00ns)   --->   "%idx_6 = bitconcatenate i6 @_ssdm_op_BitConcatenate.i6.i1.i5, i1 %empty, i5 6" [dut.cpp:30]   --->   Operation 40 'bitconcatenate' 'idx_6' <Predicate = (!icmp_ln27)> <Delay = 0.00>
ST_2 : Operation 41 [1/1] (0.00ns)   --->   "%tmp_261 = bitselect i1 @_ssdm_op_BitSelect.i1.i32.i32, i32 %partial, i32 6" [dut.cpp:32]   --->   Operation 41 'bitselect' 'tmp_261' <Predicate = (!icmp_ln27)> <Delay = 0.00>
ST_2 : Operation 42 [1/1] (0.45ns)   --->   "%player2_7 = bitset i49 @_ssdm_op_BitSet.i49.i49.i6.i1, i49 %player2_6, i6 %idx_6, i1 %tmp_261" [dut.cpp:32]   --->   Operation 42 'bitset' 'player2_7' <Predicate = (!icmp_ln27)> <Delay = 0.45> <CoreInst = "BitSet">   --->   Core 154 'BitSet' <Latency = 0> <II = 1> <Delay = 0.45> <FuncUnit> <Opcode : 'bitset'> <InPorts = 3> <OutPorts = 1>
ST_2 : Operation 43 [1/1] (0.00ns)   --->   "%idx_7 = bitconcatenate i6 @_ssdm_op_BitConcatenate.i6.i1.i5, i1 %empty, i5 7" [dut.cpp:30]   --->   Operation 43 'bitconcatenate' 'idx_7' <Predicate = (!icmp_ln27)> <Delay = 0.00>
ST_2 : Operation 44 [1/1] (0.00ns)   --->   "%tmp_263 = bitselect i1 @_ssdm_op_BitSelect.i1.i32.i32, i32 %partial, i32 7" [dut.cpp:32]   --->   Operation 44 'bitselect' 'tmp_263' <Predicate = (!icmp_ln27)> <Delay = 0.00>
ST_2 : Operation 45 [1/1] (0.45ns)   --->   "%player2_8 = bitset i49 @_ssdm_op_BitSet.i49.i49.i6.i1, i49 %player2_7, i6 %idx_7, i1 %tmp_263" [dut.cpp:32]   --->   Operation 45 'bitset' 'player2_8' <Predicate = (!icmp_ln27)> <Delay = 0.45> <CoreInst = "BitSet">   --->   Core 154 'BitSet' <Latency = 0> <II = 1> <Delay = 0.45> <FuncUnit> <Opcode : 'bitset'> <InPorts = 3> <OutPorts = 1>
ST_2 : Operation 46 [1/1] (0.00ns)   --->   "%idx_8 = bitconcatenate i6 @_ssdm_op_BitConcatenate.i6.i1.i5, i1 %empty, i5 8" [dut.cpp:30]   --->   Operation 46 'bitconcatenate' 'idx_8' <Predicate = (!icmp_ln27)> <Delay = 0.00>
ST_2 : Operation 47 [1/1] (0.00ns)   --->   "%tmp_265 = bitselect i1 @_ssdm_op_BitSelect.i1.i32.i32, i32 %partial, i32 8" [dut.cpp:32]   --->   Operation 47 'bitselect' 'tmp_265' <Predicate = (!icmp_ln27)> <Delay = 0.00>
ST_2 : Operation 48 [1/1] (0.45ns)   --->   "%player2_9 = bitset i49 @_ssdm_op_BitSet.i49.i49.i6.i1, i49 %player2_8, i6 %idx_8, i1 %tmp_265" [dut.cpp:32]   --->   Operation 48 'bitset' 'player2_9' <Predicate = (!icmp_ln27)> <Delay = 0.45> <CoreInst = "BitSet">   --->   Core 154 'BitSet' <Latency = 0> <II = 1> <Delay = 0.45> <FuncUnit> <Opcode : 'bitset'> <InPorts = 3> <OutPorts = 1>
ST_2 : Operation 49 [1/1] (0.00ns)   --->   "%idx_9 = bitconcatenate i6 @_ssdm_op_BitConcatenate.i6.i1.i5, i1 %empty, i5 9" [dut.cpp:30]   --->   Operation 49 'bitconcatenate' 'idx_9' <Predicate = (!icmp_ln27)> <Delay = 0.00>
ST_2 : Operation 50 [1/1] (0.00ns)   --->   "%tmp_267 = bitselect i1 @_ssdm_op_BitSelect.i1.i32.i32, i32 %partial, i32 9" [dut.cpp:32]   --->   Operation 50 'bitselect' 'tmp_267' <Predicate = (!icmp_ln27)> <Delay = 0.00>
ST_2 : Operation 51 [1/1] (0.45ns)   --->   "%player2_10 = bitset i49 @_ssdm_op_BitSet.i49.i49.i6.i1, i49 %player2_9, i6 %idx_9, i1 %tmp_267" [dut.cpp:32]   --->   Operation 51 'bitset' 'player2_10' <Predicate = (!icmp_ln27)> <Delay = 0.45> <CoreInst = "BitSet">   --->   Core 154 'BitSet' <Latency = 0> <II = 1> <Delay = 0.45> <FuncUnit> <Opcode : 'bitset'> <InPorts = 3> <OutPorts = 1>
ST_2 : Operation 52 [1/1] (0.00ns)   --->   "%idx_10 = bitconcatenate i6 @_ssdm_op_BitConcatenate.i6.i1.i5, i1 %empty, i5 10" [dut.cpp:30]   --->   Operation 52 'bitconcatenate' 'idx_10' <Predicate = (!icmp_ln27)> <Delay = 0.00>
ST_2 : Operation 53 [1/1] (0.00ns)   --->   "%tmp_269 = bitselect i1 @_ssdm_op_BitSelect.i1.i32.i32, i32 %partial, i32 10" [dut.cpp:32]   --->   Operation 53 'bitselect' 'tmp_269' <Predicate = (!icmp_ln27)> <Delay = 0.00>
ST_2 : Operation 54 [1/1] (0.45ns)   --->   "%player2_11 = bitset i49 @_ssdm_op_BitSet.i49.i49.i6.i1, i49 %player2_10, i6 %idx_10, i1 %tmp_269" [dut.cpp:32]   --->   Operation 54 'bitset' 'player2_11' <Predicate = (!icmp_ln27)> <Delay = 0.45> <CoreInst = "BitSet">   --->   Core 154 'BitSet' <Latency = 0> <II = 1> <Delay = 0.45> <FuncUnit> <Opcode : 'bitset'> <InPorts = 3> <OutPorts = 1>
ST_2 : Operation 55 [1/1] (0.00ns)   --->   "%idx_11 = bitconcatenate i6 @_ssdm_op_BitConcatenate.i6.i1.i5, i1 %empty, i5 11" [dut.cpp:30]   --->   Operation 55 'bitconcatenate' 'idx_11' <Predicate = (!icmp_ln27)> <Delay = 0.00>
ST_2 : Operation 56 [1/1] (0.00ns)   --->   "%tmp_271 = bitselect i1 @_ssdm_op_BitSelect.i1.i32.i32, i32 %partial, i32 11" [dut.cpp:32]   --->   Operation 56 'bitselect' 'tmp_271' <Predicate = (!icmp_ln27)> <Delay = 0.00>
ST_2 : Operation 57 [1/1] (0.45ns)   --->   "%player2_12 = bitset i49 @_ssdm_op_BitSet.i49.i49.i6.i1, i49 %player2_11, i6 %idx_11, i1 %tmp_271" [dut.cpp:32]   --->   Operation 57 'bitset' 'player2_12' <Predicate = (!icmp_ln27)> <Delay = 0.45> <CoreInst = "BitSet">   --->   Core 154 'BitSet' <Latency = 0> <II = 1> <Delay = 0.45> <FuncUnit> <Opcode : 'bitset'> <InPorts = 3> <OutPorts = 1>
ST_2 : Operation 58 [1/1] (0.00ns)   --->   "%tmp_273 = bitselect i1 @_ssdm_op_BitSelect.i1.i32.i32, i32 %partial, i32 12" [dut.cpp:32]   --->   Operation 58 'bitselect' 'tmp_273' <Predicate = (!icmp_ln27)> <Delay = 0.00>
ST_2 : Operation 59 [1/1] (0.00ns)   --->   "%tmp_275 = bitselect i1 @_ssdm_op_BitSelect.i1.i32.i32, i32 %partial, i32 13" [dut.cpp:32]   --->   Operation 59 'bitselect' 'tmp_275' <Predicate = (!icmp_ln27)> <Delay = 0.00>
ST_2 : Operation 60 [1/1] (0.00ns)   --->   "%tmp_277 = bitselect i1 @_ssdm_op_BitSelect.i1.i32.i32, i32 %partial, i32 14" [dut.cpp:32]   --->   Operation 60 'bitselect' 'tmp_277' <Predicate = (!icmp_ln27)> <Delay = 0.00>
ST_2 : Operation 61 [1/1] (0.00ns)   --->   "%tmp_279 = bitselect i1 @_ssdm_op_BitSelect.i1.i32.i32, i32 %partial, i32 15" [dut.cpp:32]   --->   Operation 61 'bitselect' 'tmp_279' <Predicate = (!icmp_ln27)> <Delay = 0.00>
ST_2 : Operation 62 [1/1] (0.00ns)   --->   "%tmp_281 = bitselect i1 @_ssdm_op_BitSelect.i1.i32.i32, i32 %partial, i32 16" [dut.cpp:32]   --->   Operation 62 'bitselect' 'tmp_281' <Predicate = (!icmp_ln27)> <Delay = 0.00>
ST_2 : Operation 63 [1/1] (0.00ns)   --->   "%tmp_283 = bitselect i1 @_ssdm_op_BitSelect.i1.i32.i32, i32 %partial, i32 17" [dut.cpp:32]   --->   Operation 63 'bitselect' 'tmp_283' <Predicate = (!icmp_ln27)> <Delay = 0.00>
ST_2 : Operation 64 [1/1] (0.00ns)   --->   "%tmp_285 = bitselect i1 @_ssdm_op_BitSelect.i1.i32.i32, i32 %partial, i32 18" [dut.cpp:32]   --->   Operation 64 'bitselect' 'tmp_285' <Predicate = (!icmp_ln27)> <Delay = 0.00>
ST_2 : Operation 65 [1/1] (0.00ns)   --->   "%tmp_287 = bitselect i1 @_ssdm_op_BitSelect.i1.i32.i32, i32 %partial, i32 19" [dut.cpp:32]   --->   Operation 65 'bitselect' 'tmp_287' <Predicate = (!icmp_ln27)> <Delay = 0.00>
ST_2 : Operation 66 [1/1] (0.00ns)   --->   "%tmp_289 = bitselect i1 @_ssdm_op_BitSelect.i1.i32.i32, i32 %partial, i32 20" [dut.cpp:32]   --->   Operation 66 'bitselect' 'tmp_289' <Predicate = (!icmp_ln27)> <Delay = 0.00>
ST_2 : Operation 67 [1/1] (0.00ns)   --->   "%tmp_291 = bitselect i1 @_ssdm_op_BitSelect.i1.i32.i32, i32 %partial, i32 21" [dut.cpp:32]   --->   Operation 67 'bitselect' 'tmp_291' <Predicate = (!icmp_ln27)> <Delay = 0.00>
ST_2 : Operation 68 [1/1] (0.00ns)   --->   "%tmp_293 = bitselect i1 @_ssdm_op_BitSelect.i1.i32.i32, i32 %partial, i32 22" [dut.cpp:32]   --->   Operation 68 'bitselect' 'tmp_293' <Predicate = (!icmp_ln27)> <Delay = 0.00>
ST_2 : Operation 69 [1/1] (0.00ns)   --->   "%tmp_295 = bitselect i1 @_ssdm_op_BitSelect.i1.i32.i32, i32 %partial, i32 23" [dut.cpp:32]   --->   Operation 69 'bitselect' 'tmp_295' <Predicate = (!icmp_ln27)> <Delay = 0.00>
ST_2 : Operation 70 [1/1] (0.00ns)   --->   "%tmp_297 = bitselect i1 @_ssdm_op_BitSelect.i1.i32.i32, i32 %partial, i32 24" [dut.cpp:32]   --->   Operation 70 'bitselect' 'tmp_297' <Predicate = (!icmp_ln27)> <Delay = 0.00>
ST_2 : Operation 71 [1/1] (0.00ns)   --->   "%tmp_299 = bitselect i1 @_ssdm_op_BitSelect.i1.i32.i32, i32 %partial, i32 25" [dut.cpp:32]   --->   Operation 71 'bitselect' 'tmp_299' <Predicate = (!icmp_ln27)> <Delay = 0.00>
ST_2 : Operation 72 [1/1] (0.00ns)   --->   "%tmp_301 = bitselect i1 @_ssdm_op_BitSelect.i1.i32.i32, i32 %partial, i32 26" [dut.cpp:32]   --->   Operation 72 'bitselect' 'tmp_301' <Predicate = (!icmp_ln27)> <Delay = 0.00>
ST_2 : Operation 73 [1/1] (0.00ns)   --->   "%tmp_303 = bitselect i1 @_ssdm_op_BitSelect.i1.i32.i32, i32 %partial, i32 27" [dut.cpp:32]   --->   Operation 73 'bitselect' 'tmp_303' <Predicate = (!icmp_ln27)> <Delay = 0.00>
ST_2 : Operation 74 [1/1] (0.00ns)   --->   "%tmp_305 = bitselect i1 @_ssdm_op_BitSelect.i1.i32.i32, i32 %partial, i32 28" [dut.cpp:32]   --->   Operation 74 'bitselect' 'tmp_305' <Predicate = (!icmp_ln27)> <Delay = 0.00>
ST_2 : Operation 75 [1/1] (0.00ns)   --->   "%tmp_307 = bitselect i1 @_ssdm_op_BitSelect.i1.i32.i32, i32 %partial, i32 29" [dut.cpp:32]   --->   Operation 75 'bitselect' 'tmp_307' <Predicate = (!icmp_ln27)> <Delay = 0.00>
ST_2 : Operation 76 [1/1] (0.00ns)   --->   "%tmp_309 = bitselect i1 @_ssdm_op_BitSelect.i1.i32.i32, i32 %partial, i32 30" [dut.cpp:32]   --->   Operation 76 'bitselect' 'tmp_309' <Predicate = (!icmp_ln27)> <Delay = 0.00>
ST_2 : Operation 77 [1/1] (0.00ns)   --->   "%tmp_311 = bitselect i1 @_ssdm_op_BitSelect.i1.i32.i32, i32 %partial, i32 31" [dut.cpp:32]   --->   Operation 77 'bitselect' 'tmp_311' <Predicate = (!icmp_ln27)> <Delay = 0.00>

State 3 <SV = 2> <Delay = 7.07>
ST_3 : Operation 78 [1/1] (0.00ns)   --->   "%idx_12 = bitconcatenate i6 @_ssdm_op_BitConcatenate.i6.i1.i5, i1 %empty, i5 12" [dut.cpp:30]   --->   Operation 78 'bitconcatenate' 'idx_12' <Predicate = (!icmp_ln27)> <Delay = 0.00>
ST_3 : Operation 79 [1/1] (0.45ns)   --->   "%player2_13 = bitset i49 @_ssdm_op_BitSet.i49.i49.i6.i1, i49 %player2_12, i6 %idx_12, i1 %tmp_273" [dut.cpp:32]   --->   Operation 79 'bitset' 'player2_13' <Predicate = (!icmp_ln27)> <Delay = 0.45> <CoreInst = "BitSet">   --->   Core 154 'BitSet' <Latency = 0> <II = 1> <Delay = 0.45> <FuncUnit> <Opcode : 'bitset'> <InPorts = 3> <OutPorts = 1>
ST_3 : Operation 80 [1/1] (0.00ns)   --->   "%idx_13 = bitconcatenate i6 @_ssdm_op_BitConcatenate.i6.i1.i5, i1 %empty, i5 13" [dut.cpp:30]   --->   Operation 80 'bitconcatenate' 'idx_13' <Predicate = (!icmp_ln27)> <Delay = 0.00>
ST_3 : Operation 81 [1/1] (0.45ns)   --->   "%player2_14 = bitset i49 @_ssdm_op_BitSet.i49.i49.i6.i1, i49 %player2_13, i6 %idx_13, i1 %tmp_275" [dut.cpp:32]   --->   Operation 81 'bitset' 'player2_14' <Predicate = (!icmp_ln27)> <Delay = 0.45> <CoreInst = "BitSet">   --->   Core 154 'BitSet' <Latency = 0> <II = 1> <Delay = 0.45> <FuncUnit> <Opcode : 'bitset'> <InPorts = 3> <OutPorts = 1>
ST_3 : Operation 82 [1/1] (0.00ns)   --->   "%idx_14 = bitconcatenate i6 @_ssdm_op_BitConcatenate.i6.i1.i5, i1 %empty, i5 14" [dut.cpp:30]   --->   Operation 82 'bitconcatenate' 'idx_14' <Predicate = (!icmp_ln27)> <Delay = 0.00>
ST_3 : Operation 83 [1/1] (0.45ns)   --->   "%player2_15 = bitset i49 @_ssdm_op_BitSet.i49.i49.i6.i1, i49 %player2_14, i6 %idx_14, i1 %tmp_277" [dut.cpp:32]   --->   Operation 83 'bitset' 'player2_15' <Predicate = (!icmp_ln27)> <Delay = 0.45> <CoreInst = "BitSet">   --->   Core 154 'BitSet' <Latency = 0> <II = 1> <Delay = 0.45> <FuncUnit> <Opcode : 'bitset'> <InPorts = 3> <OutPorts = 1>
ST_3 : Operation 84 [1/1] (0.00ns)   --->   "%idx_15 = bitconcatenate i6 @_ssdm_op_BitConcatenate.i6.i1.i5, i1 %empty, i5 15" [dut.cpp:30]   --->   Operation 84 'bitconcatenate' 'idx_15' <Predicate = (!icmp_ln27)> <Delay = 0.00>
ST_3 : Operation 85 [1/1] (0.45ns)   --->   "%player2_16 = bitset i49 @_ssdm_op_BitSet.i49.i49.i6.i1, i49 %player2_15, i6 %idx_15, i1 %tmp_279" [dut.cpp:32]   --->   Operation 85 'bitset' 'player2_16' <Predicate = (!icmp_ln27)> <Delay = 0.45> <CoreInst = "BitSet">   --->   Core 154 'BitSet' <Latency = 0> <II = 1> <Delay = 0.45> <FuncUnit> <Opcode : 'bitset'> <InPorts = 3> <OutPorts = 1>
ST_3 : Operation 86 [1/1] (0.00ns)   --->   "%idx_16 = bitconcatenate i6 @_ssdm_op_BitConcatenate.i6.i1.i5, i1 %empty, i5 16" [dut.cpp:30]   --->   Operation 86 'bitconcatenate' 'idx_16' <Predicate = (!icmp_ln27)> <Delay = 0.00>
ST_3 : Operation 87 [1/1] (0.45ns)   --->   "%player2_17 = bitset i49 @_ssdm_op_BitSet.i49.i49.i6.i1, i49 %player2_16, i6 %idx_16, i1 %tmp_281" [dut.cpp:32]   --->   Operation 87 'bitset' 'player2_17' <Predicate = (!icmp_ln27)> <Delay = 0.45> <CoreInst = "BitSet">   --->   Core 154 'BitSet' <Latency = 0> <II = 1> <Delay = 0.45> <FuncUnit> <Opcode : 'bitset'> <InPorts = 3> <OutPorts = 1>
ST_3 : Operation 88 [1/1] (0.00ns)   --->   "%idx_17 = bitconcatenate i6 @_ssdm_op_BitConcatenate.i6.i1.i5, i1 %empty, i5 17" [dut.cpp:30]   --->   Operation 88 'bitconcatenate' 'idx_17' <Predicate = (!icmp_ln27)> <Delay = 0.00>
ST_3 : Operation 89 [1/1] (0.78ns)   --->   "%icmp_ln31 = icmp_ne  i6 %idx_17, i6 49" [dut.cpp:31]   --->   Operation 89 'icmp' 'icmp_ln31' <Predicate = (!icmp_ln27)> <Delay = 0.78> <CoreInst = "Cmp">   --->   Core 9 'Cmp' <Latency = 0> <II = 1> <Delay = 0.78> <FuncUnit> <Opcode : 'seteq' 'setne' 'setle' 'setge' 'setlt' 'setgt'> <InPorts = 2> <OutPorts = 1>
ST_3 : Operation 90 [1/1] (0.45ns)   --->   "%player2_18 = bitset i49 @_ssdm_op_BitSet.i49.i49.i6.i1, i49 %player2_17, i6 %idx_17, i1 %tmp_283" [dut.cpp:32]   --->   Operation 90 'bitset' 'player2_18' <Predicate = (!icmp_ln27)> <Delay = 0.45> <CoreInst = "BitSet">   --->   Core 154 'BitSet' <Latency = 0> <II = 1> <Delay = 0.45> <FuncUnit> <Opcode : 'bitset'> <InPorts = 3> <OutPorts = 1>
ST_3 : Operation 91 [1/1] (0.50ns)   --->   "%player2_19 = select i1 %icmp_ln31, i49 %player2_18, i49 %player2_17" [dut.cpp:31]   --->   Operation 91 'select' 'player2_19' <Predicate = (!icmp_ln27)> <Delay = 0.50> <CoreInst = "Sel">   --->   Core 73 'Sel' <Latency = 0> <II = 1> <Delay = 0.50> <FuncUnit> <Opcode : 'select'> <InPorts = 3> <OutPorts = 1>
ST_3 : Operation 92 [1/1] (0.00ns)   --->   "%idx_18 = bitconcatenate i6 @_ssdm_op_BitConcatenate.i6.i1.i5, i1 %empty, i5 18" [dut.cpp:30]   --->   Operation 92 'bitconcatenate' 'idx_18' <Predicate = (!icmp_ln27)> <Delay = 0.00>
ST_3 : Operation 93 [1/1] (0.78ns)   --->   "%icmp_ln31_1 = icmp_ult  i6 %idx_18, i6 49" [dut.cpp:31]   --->   Operation 93 'icmp' 'icmp_ln31_1' <Predicate = (!icmp_ln27)> <Delay = 0.78> <CoreInst = "Cmp">   --->   Core 9 'Cmp' <Latency = 0> <II = 1> <Delay = 0.78> <FuncUnit> <Opcode : 'seteq' 'setne' 'setle' 'setge' 'setlt' 'setgt'> <InPorts = 2> <OutPorts = 1>
ST_3 : Operation 94 [1/1] (0.45ns)   --->   "%player2_20 = bitset i49 @_ssdm_op_BitSet.i49.i49.i6.i1, i49 %player2_19, i6 %idx_18, i1 %tmp_285" [dut.cpp:32]   --->   Operation 94 'bitset' 'player2_20' <Predicate = (!icmp_ln27)> <Delay = 0.45> <CoreInst = "BitSet">   --->   Core 154 'BitSet' <Latency = 0> <II = 1> <Delay = 0.45> <FuncUnit> <Opcode : 'bitset'> <InPorts = 3> <OutPorts = 1>
ST_3 : Operation 95 [1/1] (0.50ns)   --->   "%player2_21 = select i1 %icmp_ln31_1, i49 %player2_20, i49 %player2_19" [dut.cpp:31]   --->   Operation 95 'select' 'player2_21' <Predicate = (!icmp_ln27)> <Delay = 0.50> <CoreInst = "Sel">   --->   Core 73 'Sel' <Latency = 0> <II = 1> <Delay = 0.50> <FuncUnit> <Opcode : 'select'> <InPorts = 3> <OutPorts = 1>
ST_3 : Operation 96 [1/1] (0.00ns)   --->   "%idx_19 = bitconcatenate i6 @_ssdm_op_BitConcatenate.i6.i1.i5, i1 %empty, i5 19" [dut.cpp:30]   --->   Operation 96 'bitconcatenate' 'idx_19' <Predicate = (!icmp_ln27)> <Delay = 0.00>
ST_3 : Operation 97 [1/1] (0.78ns)   --->   "%icmp_ln31_2 = icmp_ult  i6 %idx_19, i6 49" [dut.cpp:31]   --->   Operation 97 'icmp' 'icmp_ln31_2' <Predicate = (!icmp_ln27)> <Delay = 0.78> <CoreInst = "Cmp">   --->   Core 9 'Cmp' <Latency = 0> <II = 1> <Delay = 0.78> <FuncUnit> <Opcode : 'seteq' 'setne' 'setle' 'setge' 'setlt' 'setgt'> <InPorts = 2> <OutPorts = 1>
ST_3 : Operation 98 [1/1] (0.45ns)   --->   "%player2_22 = bitset i49 @_ssdm_op_BitSet.i49.i49.i6.i1, i49 %player2_21, i6 %idx_19, i1 %tmp_287" [dut.cpp:32]   --->   Operation 98 'bitset' 'player2_22' <Predicate = (!icmp_ln27)> <Delay = 0.45> <CoreInst = "BitSet">   --->   Core 154 'BitSet' <Latency = 0> <II = 1> <Delay = 0.45> <FuncUnit> <Opcode : 'bitset'> <InPorts = 3> <OutPorts = 1>
ST_3 : Operation 99 [1/1] (0.50ns)   --->   "%player2_23 = select i1 %icmp_ln31_2, i49 %player2_22, i49 %player2_21" [dut.cpp:31]   --->   Operation 99 'select' 'player2_23' <Predicate = (!icmp_ln27)> <Delay = 0.50> <CoreInst = "Sel">   --->   Core 73 'Sel' <Latency = 0> <II = 1> <Delay = 0.50> <FuncUnit> <Opcode : 'select'> <InPorts = 3> <OutPorts = 1>
ST_3 : Operation 100 [1/1] (0.00ns)   --->   "%idx_20 = bitconcatenate i6 @_ssdm_op_BitConcatenate.i6.i1.i5, i1 %empty, i5 20" [dut.cpp:30]   --->   Operation 100 'bitconcatenate' 'idx_20' <Predicate = (!icmp_ln27)> <Delay = 0.00>
ST_3 : Operation 101 [1/1] (0.78ns)   --->   "%icmp_ln31_3 = icmp_ult  i6 %idx_20, i6 49" [dut.cpp:31]   --->   Operation 101 'icmp' 'icmp_ln31_3' <Predicate = (!icmp_ln27)> <Delay = 0.78> <CoreInst = "Cmp">   --->   Core 9 'Cmp' <Latency = 0> <II = 1> <Delay = 0.78> <FuncUnit> <Opcode : 'seteq' 'setne' 'setle' 'setge' 'setlt' 'setgt'> <InPorts = 2> <OutPorts = 1>
ST_3 : Operation 102 [1/1] (0.45ns)   --->   "%player2_24 = bitset i49 @_ssdm_op_BitSet.i49.i49.i6.i1, i49 %player2_23, i6 %idx_20, i1 %tmp_289" [dut.cpp:32]   --->   Operation 102 'bitset' 'player2_24' <Predicate = (!icmp_ln27)> <Delay = 0.45> <CoreInst = "BitSet">   --->   Core 154 'BitSet' <Latency = 0> <II = 1> <Delay = 0.45> <FuncUnit> <Opcode : 'bitset'> <InPorts = 3> <OutPorts = 1>
ST_3 : Operation 103 [1/1] (0.50ns)   --->   "%player2_25 = select i1 %icmp_ln31_3, i49 %player2_24, i49 %player2_23" [dut.cpp:31]   --->   Operation 103 'select' 'player2_25' <Predicate = (!icmp_ln27)> <Delay = 0.50> <CoreInst = "Sel">   --->   Core 73 'Sel' <Latency = 0> <II = 1> <Delay = 0.50> <FuncUnit> <Opcode : 'select'> <InPorts = 3> <OutPorts = 1>
ST_3 : Operation 104 [1/1] (0.00ns)   --->   "%idx_21 = bitconcatenate i6 @_ssdm_op_BitConcatenate.i6.i1.i5, i1 %empty, i5 21" [dut.cpp:30]   --->   Operation 104 'bitconcatenate' 'idx_21' <Predicate = (!icmp_ln27)> <Delay = 0.00>
ST_3 : Operation 105 [1/1] (0.78ns)   --->   "%icmp_ln31_4 = icmp_ult  i6 %idx_21, i6 49" [dut.cpp:31]   --->   Operation 105 'icmp' 'icmp_ln31_4' <Predicate = (!icmp_ln27)> <Delay = 0.78> <CoreInst = "Cmp">   --->   Core 9 'Cmp' <Latency = 0> <II = 1> <Delay = 0.78> <FuncUnit> <Opcode : 'seteq' 'setne' 'setle' 'setge' 'setlt' 'setgt'> <InPorts = 2> <OutPorts = 1>
ST_3 : Operation 106 [1/1] (0.45ns)   --->   "%player2_26 = bitset i49 @_ssdm_op_BitSet.i49.i49.i6.i1, i49 %player2_25, i6 %idx_21, i1 %tmp_291" [dut.cpp:32]   --->   Operation 106 'bitset' 'player2_26' <Predicate = (!icmp_ln27)> <Delay = 0.45> <CoreInst = "BitSet">   --->   Core 154 'BitSet' <Latency = 0> <II = 1> <Delay = 0.45> <FuncUnit> <Opcode : 'bitset'> <InPorts = 3> <OutPorts = 1>
ST_3 : Operation 107 [1/1] (0.50ns)   --->   "%player2_27 = select i1 %icmp_ln31_4, i49 %player2_26, i49 %player2_25" [dut.cpp:31]   --->   Operation 107 'select' 'player2_27' <Predicate = (!icmp_ln27)> <Delay = 0.50> <CoreInst = "Sel">   --->   Core 73 'Sel' <Latency = 0> <II = 1> <Delay = 0.50> <FuncUnit> <Opcode : 'select'> <InPorts = 3> <OutPorts = 1>

State 4 <SV = 3> <Delay = 3.21>
ST_4 : Operation 108 [1/1] (0.00ns)   --->   "%idx_22 = bitconcatenate i6 @_ssdm_op_BitConcatenate.i6.i1.i5, i1 %empty, i5 22" [dut.cpp:30]   --->   Operation 108 'bitconcatenate' 'idx_22' <Predicate = (!icmp_ln27)> <Delay = 0.00>
ST_4 : Operation 109 [1/1] (0.78ns)   --->   "%icmp_ln31_5 = icmp_ult  i6 %idx_22, i6 49" [dut.cpp:31]   --->   Operation 109 'icmp' 'icmp_ln31_5' <Predicate = (!icmp_ln27)> <Delay = 0.78> <CoreInst = "Cmp">   --->   Core 9 'Cmp' <Latency = 0> <II = 1> <Delay = 0.78> <FuncUnit> <Opcode : 'seteq' 'setne' 'setle' 'setge' 'setlt' 'setgt'> <InPorts = 2> <OutPorts = 1>
ST_4 : Operation 110 [1/1] (0.45ns)   --->   "%player2_28 = bitset i49 @_ssdm_op_BitSet.i49.i49.i6.i1, i49 %player2_27, i6 %idx_22, i1 %tmp_293" [dut.cpp:32]   --->   Operation 110 'bitset' 'player2_28' <Predicate = (!icmp_ln27)> <Delay = 0.45> <CoreInst = "BitSet">   --->   Core 154 'BitSet' <Latency = 0> <II = 1> <Delay = 0.45> <FuncUnit> <Opcode : 'bitset'> <InPorts = 3> <OutPorts = 1>
ST_4 : Operation 111 [1/1] (0.50ns)   --->   "%player2_29 = select i1 %icmp_ln31_5, i49 %player2_28, i49 %player2_27" [dut.cpp:31]   --->   Operation 111 'select' 'player2_29' <Predicate = (!icmp_ln27)> <Delay = 0.50> <CoreInst = "Sel">   --->   Core 73 'Sel' <Latency = 0> <II = 1> <Delay = 0.50> <FuncUnit> <Opcode : 'select'> <InPorts = 3> <OutPorts = 1>
ST_4 : Operation 112 [1/1] (0.00ns)   --->   "%idx_23 = bitconcatenate i6 @_ssdm_op_BitConcatenate.i6.i1.i5, i1 %empty, i5 23" [dut.cpp:30]   --->   Operation 112 'bitconcatenate' 'idx_23' <Predicate = (!icmp_ln27)> <Delay = 0.00>
ST_4 : Operation 113 [1/1] (0.78ns)   --->   "%icmp_ln31_6 = icmp_ult  i6 %idx_23, i6 49" [dut.cpp:31]   --->   Operation 113 'icmp' 'icmp_ln31_6' <Predicate = (!icmp_ln27)> <Delay = 0.78> <CoreInst = "Cmp">   --->   Core 9 'Cmp' <Latency = 0> <II = 1> <Delay = 0.78> <FuncUnit> <Opcode : 'seteq' 'setne' 'setle' 'setge' 'setlt' 'setgt'> <InPorts = 2> <OutPorts = 1>
ST_4 : Operation 114 [1/1] (0.45ns)   --->   "%player2_30 = bitset i49 @_ssdm_op_BitSet.i49.i49.i6.i1, i49 %player2_29, i6 %idx_23, i1 %tmp_295" [dut.cpp:32]   --->   Operation 114 'bitset' 'player2_30' <Predicate = (!icmp_ln27)> <Delay = 0.45> <CoreInst = "BitSet">   --->   Core 154 'BitSet' <Latency = 0> <II = 1> <Delay = 0.45> <FuncUnit> <Opcode : 'bitset'> <InPorts = 3> <OutPorts = 1>
ST_4 : Operation 115 [1/1] (0.50ns)   --->   "%player2_31 = select i1 %icmp_ln31_6, i49 %player2_30, i49 %player2_29" [dut.cpp:31]   --->   Operation 115 'select' 'player2_31' <Predicate = (!icmp_ln27)> <Delay = 0.50> <CoreInst = "Sel">   --->   Core 73 'Sel' <Latency = 0> <II = 1> <Delay = 0.50> <FuncUnit> <Opcode : 'select'> <InPorts = 3> <OutPorts = 1>
ST_4 : Operation 116 [1/1] (0.00ns)   --->   "%idx_24 = bitconcatenate i6 @_ssdm_op_BitConcatenate.i6.i1.i5, i1 %empty, i5 24" [dut.cpp:30]   --->   Operation 116 'bitconcatenate' 'idx_24' <Predicate = (!icmp_ln27)> <Delay = 0.00>
ST_4 : Operation 117 [1/1] (0.78ns)   --->   "%icmp_ln31_7 = icmp_ult  i6 %idx_24, i6 49" [dut.cpp:31]   --->   Operation 117 'icmp' 'icmp_ln31_7' <Predicate = (!icmp_ln27)> <Delay = 0.78> <CoreInst = "Cmp">   --->   Core 9 'Cmp' <Latency = 0> <II = 1> <Delay = 0.78> <FuncUnit> <Opcode : 'seteq' 'setne' 'setle' 'setge' 'setlt' 'setgt'> <InPorts = 2> <OutPorts = 1>
ST_4 : Operation 118 [1/1] (0.45ns)   --->   "%player2_32 = bitset i49 @_ssdm_op_BitSet.i49.i49.i6.i1, i49 %player2_31, i6 %idx_24, i1 %tmp_297" [dut.cpp:32]   --->   Operation 118 'bitset' 'player2_32' <Predicate = (!icmp_ln27)> <Delay = 0.45> <CoreInst = "BitSet">   --->   Core 154 'BitSet' <Latency = 0> <II = 1> <Delay = 0.45> <FuncUnit> <Opcode : 'bitset'> <InPorts = 3> <OutPorts = 1>
ST_4 : Operation 119 [1/1] (0.50ns)   --->   "%player2_33 = select i1 %icmp_ln31_7, i49 %player2_32, i49 %player2_31" [dut.cpp:31]   --->   Operation 119 'select' 'player2_33' <Predicate = (!icmp_ln27)> <Delay = 0.50> <CoreInst = "Sel">   --->   Core 73 'Sel' <Latency = 0> <II = 1> <Delay = 0.50> <FuncUnit> <Opcode : 'select'> <InPorts = 3> <OutPorts = 1>
ST_4 : Operation 120 [1/1] (0.00ns)   --->   "%idx_25 = bitconcatenate i6 @_ssdm_op_BitConcatenate.i6.i1.i5, i1 %empty, i5 25" [dut.cpp:30]   --->   Operation 120 'bitconcatenate' 'idx_25' <Predicate = (!icmp_ln27)> <Delay = 0.00>
ST_4 : Operation 121 [1/1] (0.78ns)   --->   "%icmp_ln31_8 = icmp_ult  i6 %idx_25, i6 49" [dut.cpp:31]   --->   Operation 121 'icmp' 'icmp_ln31_8' <Predicate = (!icmp_ln27)> <Delay = 0.78> <CoreInst = "Cmp">   --->   Core 9 'Cmp' <Latency = 0> <II = 1> <Delay = 0.78> <FuncUnit> <Opcode : 'seteq' 'setne' 'setle' 'setge' 'setlt' 'setgt'> <InPorts = 2> <OutPorts = 1>

State 5 <SV = 4> <Delay = 7.15>
ST_5 : Operation 122 [1/1] (0.00ns)   --->   "%specpipeline_ln15 = specpipeline void @_ssdm_op_SpecPipeline, i32 4294967295, i32 0, i32 0, i32 0, void @empty_0" [dut.cpp:15]   --->   Operation 122 'specpipeline' 'specpipeline_ln15' <Predicate = true> <Delay = 0.00>
ST_5 : Operation 123 [1/1] (0.00ns)   --->   "%speclooptripcount_ln15 = speclooptripcount void @_ssdm_op_SpecLoopTripCount, i64 2, i64 2, i64 2" [dut.cpp:15]   --->   Operation 123 'speclooptripcount' 'speclooptripcount_ln15' <Predicate = true> <Delay = 0.00>
ST_5 : Operation 124 [1/1] (0.00ns)   --->   "%specloopname_ln27 = specloopname void @_ssdm_op_SpecLoopName, void @empty_8" [dut.cpp:27]   --->   Operation 124 'specloopname' 'specloopname_ln27' <Predicate = true> <Delay = 0.00>
ST_5 : Operation 125 [1/1] (0.45ns)   --->   "%player2_34 = bitset i49 @_ssdm_op_BitSet.i49.i49.i6.i1, i49 %player2_33, i6 %idx_25, i1 %tmp_299" [dut.cpp:32]   --->   Operation 125 'bitset' 'player2_34' <Predicate = (icmp_ln31_8)> <Delay = 0.45> <CoreInst = "BitSet">   --->   Core 154 'BitSet' <Latency = 0> <II = 1> <Delay = 0.45> <FuncUnit> <Opcode : 'bitset'> <InPorts = 3> <OutPorts = 1>
ST_5 : Operation 126 [1/1] (0.50ns)   --->   "%player2_35 = select i1 %icmp_ln31_8, i49 %player2_34, i49 %player2_33" [dut.cpp:31]   --->   Operation 126 'select' 'player2_35' <Predicate = true> <Delay = 0.50> <CoreInst = "Sel">   --->   Core 73 'Sel' <Latency = 0> <II = 1> <Delay = 0.50> <FuncUnit> <Opcode : 'select'> <InPorts = 3> <OutPorts = 1>
ST_5 : Operation 127 [1/1] (0.00ns)   --->   "%idx_26 = bitconcatenate i6 @_ssdm_op_BitConcatenate.i6.i1.i5, i1 %empty, i5 26" [dut.cpp:30]   --->   Operation 127 'bitconcatenate' 'idx_26' <Predicate = true> <Delay = 0.00>
ST_5 : Operation 128 [1/1] (0.78ns)   --->   "%icmp_ln31_9 = icmp_ult  i6 %idx_26, i6 49" [dut.cpp:31]   --->   Operation 128 'icmp' 'icmp_ln31_9' <Predicate = true> <Delay = 0.78> <CoreInst = "Cmp">   --->   Core 9 'Cmp' <Latency = 0> <II = 1> <Delay = 0.78> <FuncUnit> <Opcode : 'seteq' 'setne' 'setle' 'setge' 'setlt' 'setgt'> <InPorts = 2> <OutPorts = 1>
ST_5 : Operation 129 [1/1] (0.45ns)   --->   "%player2_36 = bitset i49 @_ssdm_op_BitSet.i49.i49.i6.i1, i49 %player2_35, i6 %idx_26, i1 %tmp_301" [dut.cpp:32]   --->   Operation 129 'bitset' 'player2_36' <Predicate = true> <Delay = 0.45> <CoreInst = "BitSet">   --->   Core 154 'BitSet' <Latency = 0> <II = 1> <Delay = 0.45> <FuncUnit> <Opcode : 'bitset'> <InPorts = 3> <OutPorts = 1>
ST_5 : Operation 130 [1/1] (0.50ns)   --->   "%player2_37 = select i1 %icmp_ln31_9, i49 %player2_36, i49 %player2_35" [dut.cpp:31]   --->   Operation 130 'select' 'player2_37' <Predicate = true> <Delay = 0.50> <CoreInst = "Sel">   --->   Core 73 'Sel' <Latency = 0> <II = 1> <Delay = 0.50> <FuncUnit> <Opcode : 'select'> <InPorts = 3> <OutPorts = 1>
ST_5 : Operation 131 [1/1] (0.00ns)   --->   "%idx_27 = bitconcatenate i6 @_ssdm_op_BitConcatenate.i6.i1.i5, i1 %empty, i5 27" [dut.cpp:30]   --->   Operation 131 'bitconcatenate' 'idx_27' <Predicate = true> <Delay = 0.00>
ST_5 : Operation 132 [1/1] (0.78ns)   --->   "%icmp_ln31_10 = icmp_ult  i6 %idx_27, i6 49" [dut.cpp:31]   --->   Operation 132 'icmp' 'icmp_ln31_10' <Predicate = true> <Delay = 0.78> <CoreInst = "Cmp">   --->   Core 9 'Cmp' <Latency = 0> <II = 1> <Delay = 0.78> <FuncUnit> <Opcode : 'seteq' 'setne' 'setle' 'setge' 'setlt' 'setgt'> <InPorts = 2> <OutPorts = 1>
ST_5 : Operation 133 [1/1] (0.45ns)   --->   "%player2_38 = bitset i49 @_ssdm_op_BitSet.i49.i49.i6.i1, i49 %player2_37, i6 %idx_27, i1 %tmp_303" [dut.cpp:32]   --->   Operation 133 'bitset' 'player2_38' <Predicate = true> <Delay = 0.45> <CoreInst = "BitSet">   --->   Core 154 'BitSet' <Latency = 0> <II = 1> <Delay = 0.45> <FuncUnit> <Opcode : 'bitset'> <InPorts = 3> <OutPorts = 1>
ST_5 : Operation 134 [1/1] (0.50ns)   --->   "%player2_39 = select i1 %icmp_ln31_10, i49 %player2_38, i49 %player2_37" [dut.cpp:31]   --->   Operation 134 'select' 'player2_39' <Predicate = true> <Delay = 0.50> <CoreInst = "Sel">   --->   Core 73 'Sel' <Latency = 0> <II = 1> <Delay = 0.50> <FuncUnit> <Opcode : 'select'> <InPorts = 3> <OutPorts = 1>
ST_5 : Operation 135 [1/1] (0.00ns)   --->   "%idx_28 = bitconcatenate i6 @_ssdm_op_BitConcatenate.i6.i1.i5, i1 %empty, i5 28" [dut.cpp:30]   --->   Operation 135 'bitconcatenate' 'idx_28' <Predicate = true> <Delay = 0.00>
ST_5 : Operation 136 [1/1] (0.78ns)   --->   "%icmp_ln31_11 = icmp_ult  i6 %idx_28, i6 49" [dut.cpp:31]   --->   Operation 136 'icmp' 'icmp_ln31_11' <Predicate = true> <Delay = 0.78> <CoreInst = "Cmp">   --->   Core 9 'Cmp' <Latency = 0> <II = 1> <Delay = 0.78> <FuncUnit> <Opcode : 'seteq' 'setne' 'setle' 'setge' 'setlt' 'setgt'> <InPorts = 2> <OutPorts = 1>
ST_5 : Operation 137 [1/1] (0.45ns)   --->   "%player2_40 = bitset i49 @_ssdm_op_BitSet.i49.i49.i6.i1, i49 %player2_39, i6 %idx_28, i1 %tmp_305" [dut.cpp:32]   --->   Operation 137 'bitset' 'player2_40' <Predicate = true> <Delay = 0.45> <CoreInst = "BitSet">   --->   Core 154 'BitSet' <Latency = 0> <II = 1> <Delay = 0.45> <FuncUnit> <Opcode : 'bitset'> <InPorts = 3> <OutPorts = 1>
ST_5 : Operation 138 [1/1] (0.50ns)   --->   "%player2_41 = select i1 %icmp_ln31_11, i49 %player2_40, i49 %player2_39" [dut.cpp:31]   --->   Operation 138 'select' 'player2_41' <Predicate = true> <Delay = 0.50> <CoreInst = "Sel">   --->   Core 73 'Sel' <Latency = 0> <II = 1> <Delay = 0.50> <FuncUnit> <Opcode : 'select'> <InPorts = 3> <OutPorts = 1>
ST_5 : Operation 139 [1/1] (0.00ns)   --->   "%idx_29 = bitconcatenate i6 @_ssdm_op_BitConcatenate.i6.i1.i5, i1 %empty, i5 29" [dut.cpp:30]   --->   Operation 139 'bitconcatenate' 'idx_29' <Predicate = true> <Delay = 0.00>
ST_5 : Operation 140 [1/1] (0.78ns)   --->   "%icmp_ln31_12 = icmp_ult  i6 %idx_29, i6 49" [dut.cpp:31]   --->   Operation 140 'icmp' 'icmp_ln31_12' <Predicate = true> <Delay = 0.78> <CoreInst = "Cmp">   --->   Core 9 'Cmp' <Latency = 0> <II = 1> <Delay = 0.78> <FuncUnit> <Opcode : 'seteq' 'setne' 'setle' 'setge' 'setlt' 'setgt'> <InPorts = 2> <OutPorts = 1>
ST_5 : Operation 141 [1/1] (0.45ns)   --->   "%player2_42 = bitset i49 @_ssdm_op_BitSet.i49.i49.i6.i1, i49 %player2_41, i6 %idx_29, i1 %tmp_307" [dut.cpp:32]   --->   Operation 141 'bitset' 'player2_42' <Predicate = true> <Delay = 0.45> <CoreInst = "BitSet">   --->   Core 154 'BitSet' <Latency = 0> <II = 1> <Delay = 0.45> <FuncUnit> <Opcode : 'bitset'> <InPorts = 3> <OutPorts = 1>
ST_5 : Operation 142 [1/1] (0.50ns)   --->   "%player2_43 = select i1 %icmp_ln31_12, i49 %player2_42, i49 %player2_41" [dut.cpp:31]   --->   Operation 142 'select' 'player2_43' <Predicate = true> <Delay = 0.50> <CoreInst = "Sel">   --->   Core 73 'Sel' <Latency = 0> <II = 1> <Delay = 0.50> <FuncUnit> <Opcode : 'select'> <InPorts = 3> <OutPorts = 1>
ST_5 : Operation 143 [1/1] (0.00ns)   --->   "%idx_30 = bitconcatenate i6 @_ssdm_op_BitConcatenate.i6.i1.i5, i1 %empty, i5 30" [dut.cpp:30]   --->   Operation 143 'bitconcatenate' 'idx_30' <Predicate = true> <Delay = 0.00>
ST_5 : Operation 144 [1/1] (0.78ns)   --->   "%icmp_ln31_13 = icmp_ult  i6 %idx_30, i6 49" [dut.cpp:31]   --->   Operation 144 'icmp' 'icmp_ln31_13' <Predicate = true> <Delay = 0.78> <CoreInst = "Cmp">   --->   Core 9 'Cmp' <Latency = 0> <II = 1> <Delay = 0.78> <FuncUnit> <Opcode : 'seteq' 'setne' 'setle' 'setge' 'setlt' 'setgt'> <InPorts = 2> <OutPorts = 1>
ST_5 : Operation 145 [1/1] (0.45ns)   --->   "%player2_44 = bitset i49 @_ssdm_op_BitSet.i49.i49.i6.i1, i49 %player2_43, i6 %idx_30, i1 %tmp_309" [dut.cpp:32]   --->   Operation 145 'bitset' 'player2_44' <Predicate = true> <Delay = 0.45> <CoreInst = "BitSet">   --->   Core 154 'BitSet' <Latency = 0> <II = 1> <Delay = 0.45> <FuncUnit> <Opcode : 'bitset'> <InPorts = 3> <OutPorts = 1>
ST_5 : Operation 146 [1/1] (0.50ns)   --->   "%player2_45 = select i1 %icmp_ln31_13, i49 %player2_44, i49 %player2_43" [dut.cpp:31]   --->   Operation 146 'select' 'player2_45' <Predicate = true> <Delay = 0.50> <CoreInst = "Sel">   --->   Core 73 'Sel' <Latency = 0> <II = 1> <Delay = 0.50> <FuncUnit> <Opcode : 'select'> <InPorts = 3> <OutPorts = 1>
ST_5 : Operation 147 [1/1] (0.00ns)   --->   "%idx_31 = bitconcatenate i6 @_ssdm_op_BitConcatenate.i6.i1.i5, i1 %empty, i5 31" [dut.cpp:30]   --->   Operation 147 'bitconcatenate' 'idx_31' <Predicate = true> <Delay = 0.00>
ST_5 : Operation 148 [1/1] (0.78ns)   --->   "%icmp_ln31_14 = icmp_ult  i6 %idx_31, i6 49" [dut.cpp:31]   --->   Operation 148 'icmp' 'icmp_ln31_14' <Predicate = true> <Delay = 0.78> <CoreInst = "Cmp">   --->   Core 9 'Cmp' <Latency = 0> <II = 1> <Delay = 0.78> <FuncUnit> <Opcode : 'seteq' 'setne' 'setle' 'setge' 'setlt' 'setgt'> <InPorts = 2> <OutPorts = 1>
ST_5 : Operation 149 [1/1] (0.45ns)   --->   "%player2_46 = bitset i49 @_ssdm_op_BitSet.i49.i49.i6.i1, i49 %player2_45, i6 %idx_31, i1 %tmp_311" [dut.cpp:32]   --->   Operation 149 'bitset' 'player2_46' <Predicate = true> <Delay = 0.45> <CoreInst = "BitSet">   --->   Core 154 'BitSet' <Latency = 0> <II = 1> <Delay = 0.45> <FuncUnit> <Opcode : 'bitset'> <InPorts = 3> <OutPorts = 1>
ST_5 : Operation 150 [1/1] (0.50ns)   --->   "%player2_47 = select i1 %icmp_ln31_14, i49 %player2_46, i49 %player2_45" [dut.cpp:31]   --->   Operation 150 'select' 'player2_47' <Predicate = true> <Delay = 0.50> <CoreInst = "Sel">   --->   Core 73 'Sel' <Latency = 0> <II = 1> <Delay = 0.50> <FuncUnit> <Opcode : 'select'> <InPorts = 3> <OutPorts = 1>
ST_5 : Operation 151 [1/1] (0.42ns)   --->   "%store_ln15 = store i49 %player2_47, i49 %player2" [dut.cpp:15]   --->   Operation 151 'store' 'store_ln15' <Predicate = true> <Delay = 0.42>
ST_5 : Operation 152 [1/1] (0.00ns)   --->   "%br_ln27 = br void %VITIS_LOOP_29_4" [dut.cpp:27]   --->   Operation 152 'br' 'br_ln27' <Predicate = true> <Delay = 0.00>


============================================================
+ Verbose Summary: Timing violations
============================================================
Target clock period: 10.000ns, clock uncertainty: 2.700ns.

 <State 1>: 1.402ns
The critical path consists of the following:
	'store' operation 0 bit ('store_ln27', dut.cpp:27) of constant 0 on local variable 'word', dut.cpp:27 [6]  (0.427 ns)
	'load' operation 2 bit ('word', dut.cpp:27) on local variable 'word', dut.cpp:27 [10]  (0.000 ns)
	'icmp' operation 1 bit ('icmp_ln27', dut.cpp:27) [11]  (0.548 ns)
	'store' operation 0 bit ('store_ln27', dut.cpp:27) of variable 'word', dut.cpp:27 on local variable 'word', dut.cpp:27 [147]  (0.427 ns)

 <State 2>: 7.072ns
The critical path consists of the following:
	fifo read operation ('partial', dut.cpp:28) on port 'strm_in' (dut.cpp:28) [19]  (1.636 ns)
	blocking operation 5.436 ns on control path)

 <State 3>: 7.072ns
The critical path consists of the following:
	'select' operation 49 bit ('player2', dut.cpp:31) [76]  (0.509 ns)
	'select' operation 49 bit ('player2', dut.cpp:31) [81]  (0.509 ns)
	'select' operation 49 bit ('player2', dut.cpp:31) [86]  (0.509 ns)
	'select' operation 49 bit ('player2', dut.cpp:31) [91]  (0.509 ns)
	'select' operation 49 bit ('player2', dut.cpp:31) [96]  (0.509 ns)
	blocking operation 4.53 ns on control path)

 <State 4>: 3.213ns
The critical path consists of the following:
	'icmp' operation 1 bit ('icmp_ln31_5', dut.cpp:31) [98]  (0.781 ns)
	'select' operation 49 bit ('player2', dut.cpp:31) [101]  (0.509 ns)
	'select' operation 49 bit ('player2', dut.cpp:31) [106]  (0.509 ns)
	'select' operation 49 bit ('player2', dut.cpp:31) [111]  (0.509 ns)
	blocking operation 0.906 ns on control path)

 <State 5>: 7.157ns
The critical path consists of the following:
	'select' operation 49 bit ('player2', dut.cpp:31) [116]  (0.509 ns)
	'select' operation 49 bit ('player2', dut.cpp:31) [121]  (0.509 ns)
	'select' operation 49 bit ('player2', dut.cpp:31) [126]  (0.509 ns)
	'select' operation 49 bit ('player2', dut.cpp:31) [131]  (0.509 ns)
	'select' operation 49 bit ('player2', dut.cpp:31) [136]  (0.509 ns)
	'select' operation 49 bit ('player2', dut.cpp:31) [141]  (0.509 ns)
	'select' operation 49 bit ('player2', dut.cpp:31) [146]  (0.509 ns)
	'store' operation 0 bit ('store_ln15', dut.cpp:15) of variable 'player2', dut.cpp:31 on local variable 'player2', dut.cpp:15 [148]  (0.427 ns)
	blocking operation 3.171 ns on control path)


============================================================
+ Verbose Summary: Binding
============================================================
N/A
* FSMD analyzer results:
  - Output states:
 - Input state : 
  - Chain level:
	State 1
	State 2
	State 3
	State 4
	State 5


============================================================
+ Verbose Summary: Datapath Resource usage 
============================================================
N/A
