

================================================================
== Vitis HLS Report for 'search_Pipeline_VITIS_LOOP_42_1'
================================================================
* Date:           Thu Apr 23 22:10:21 2026

* Version:        2025.1 (Build 6135595 on May 21 2025)
* Project:        mcts.prj
* Solution:       solution1 (Vivado IP Flow Target)
* Product family: zynquplus
* Target device:  xck26-sfvc784-2LV-c


================================================================
== Performance Estimates
================================================================
+ Timing: 
    * Summary: 
    +--------+----------+----------+------------+
    |  Clock |  Target  | Estimated| Uncertainty|
    +--------+----------+----------+------------+
    |ap_clk  |  10.00 ns|  1.892 ns|     2.70 ns|
    +--------+----------+----------+------------+

+ Latency: 
    * Summary: 
    +---------+---------+----------+----------+-----+-----+------------------------------------------------+
    |  Latency (cycles) |  Latency (absolute) |  Interval |                    Pipeline                    |
    |   min   |   max   |    min   |    max   | min | max |                      Type                      |
    +---------+---------+----------+----------+-----+-----+------------------------------------------------+
    |       51|       51|  0.510 us|  0.510 us|   50|   50|  loop auto-rewind stp (delay=0 clock cycles(s))|
    +---------+---------+----------+----------+-----+-----+------------------------------------------------+

    + Detail: 
        * Instance: 
        N/A

        * Loop: 
        +-------------------+---------+---------+----------+-----------+-----------+------+----------+
        |                   |  Latency (cycles) | Iteration|  Initiation Interval  | Trip |          |
        |     Loop Name     |   min   |   max   |  Latency |  achieved |   target  | Count| Pipelined|
        +-------------------+---------+---------+----------+-----------+-----------+------+----------+
        |- VITIS_LOOP_42_1  |       49|       49|         1|          1|          1|    49|       yes|
        +-------------------+---------+---------+----------+-----------+-----------+------+----------+



================================================================
== Utilization Estimates
================================================================
* Summary: 
+-----------------+---------+------+--------+--------+-----+
|       Name      | BRAM_18K|  DSP |   FF   |   LUT  | URAM|
+-----------------+---------+------+--------+--------+-----+
|DSP              |        -|     -|       -|       -|    -|
|Expression       |        -|     -|       0|      99|    -|
|FIFO             |        -|     -|       -|       -|    -|
|Instance         |        -|     -|       0|      17|    -|
|Memory           |        -|     -|       -|       -|    -|
|Multiplexer      |        -|     -|       0|      36|    -|
|Register         |        -|     -|      41|       -|    -|
+-----------------+---------+------+--------+--------+-----+
|Total            |        0|     0|      41|     152|    0|
+-----------------+---------+------+--------+--------+-----+
|Available        |      288|  1248|  234240|  117120|   64|
+-----------------+---------+------+--------+--------+-----+
|Utilization (%)  |        0|     0|      ~0|      ~0|    0|
+-----------------+---------+------+--------+--------+-----+

+ Detail: 
    * Instance: 
    +----------------------------------+------------------------------+---------+----+---+----+-----+
    |             Instance             |            Module            | BRAM_18K| DSP| FF| LUT| URAM|
    +----------------------------------+------------------------------+---------+----+---+----+-----+
    |bitselect_1ns_49ns_6ns_1_1_1_U70  |bitselect_1ns_49ns_6ns_1_1_1  |        0|   0|  0|  17|    0|
    +----------------------------------+------------------------------+---------+----+---+----+-----+
    |Total                             |                              |        0|   0|  0|  17|    0|
    +----------------------------------+------------------------------+---------+----+---+----+-----+

    * DSP: 
    N/A

    * Memory: 
    N/A

    * FIFO: 
    N/A

    * Expression: 
    +----------------------------+----------+----+---+----+------------+------------+
    |        Variable Name       | Operation| DSP| FF| LUT| Bitwidth P0| Bitwidth P1|
    +----------------------------+----------+----+---+----+------------+------------+
    |add_ln44_fu_90_p2           |         +|   0|  0|  39|          32|           1|
    |i_2_fu_74_p2                |         +|   0|  0|  13|           6|           1|
    |icmp_ln42_fu_68_p2          |      icmp|   0|  0|  13|           6|           5|
    |numLegalActions_1_fu_96_p3  |    select|   0|  0|  32|           1|          32|
    |ap_enable_pp0               |       xor|   0|  0|   2|           1|           2|
    +----------------------------+----------+----+---+----+------------+------------+
    |Total                       |          |   0|  0|  99|          46|          41|
    +----------------------------+----------+----+---+----+------------+------------+

    * Multiplexer: 
    +-------------------------+----+-----------+-----+-----------+
    |           Name          | LUT| Input Size| Bits| Total Bits|
    +-------------------------+----+-----------+-----+-----------+
    |ap_done_int              |   9|          2|    1|          2|
    |ap_enable_reg_pp0_iter1  |   9|          2|    1|          2|
    |i_fu_38                  |   9|          2|    6|         12|
    |numLegalActions_fu_34    |   9|          2|   32|         64|
    +-------------------------+----+-----------+-----+-----------+
    |Total                    |  36|          8|   40|         80|
    +-------------------------+----+-----------+-----+-----------+

    * Register: 
    +-------------------------+----+----+-----+-----------+
    |           Name          | FF | LUT| Bits| Const Bits|
    +-------------------------+----+----+-----+-----------+
    |ap_CS_fsm                |   1|   0|    1|          0|
    |ap_done_reg              |   1|   0|    1|          0|
    |ap_enable_reg_pp0_iter1  |   1|   0|    1|          0|
    |i_fu_38                  |   6|   0|    6|          0|
    |numLegalActions_fu_34    |  32|   0|   32|          0|
    +-------------------------+----+----+-----+-----------+
    |Total                    |  41|   0|   41|          0|
    +-------------------------+----+----+-----+-----------+



================================================================
== Interface
================================================================
* Summary: 
+----------------------------+-----+-----+------------+---------------------------------+--------------+
|          RTL Ports         | Dir | Bits|  Protocol  |          Source Object          |    C Type    |
+----------------------------+-----+-----+------------+---------------------------------+--------------+
|ap_clk                      |   in|    1|  ap_ctrl_hs|  search_Pipeline_VITIS_LOOP_42_1|  return value|
|ap_rst                      |   in|    1|  ap_ctrl_hs|  search_Pipeline_VITIS_LOOP_42_1|  return value|
|ap_start                    |   in|    1|  ap_ctrl_hs|  search_Pipeline_VITIS_LOOP_42_1|  return value|
|ap_done                     |  out|    1|  ap_ctrl_hs|  search_Pipeline_VITIS_LOOP_42_1|  return value|
|ap_idle                     |  out|    1|  ap_ctrl_hs|  search_Pipeline_VITIS_LOOP_42_1|  return value|
|ap_ready                    |  out|    1|  ap_ctrl_hs|  search_Pipeline_VITIS_LOOP_42_1|  return value|
|gameState_legalActionMap    |   in|   49|     ap_none|         gameState_legalActionMap|        scalar|
|numLegalActions_out         |  out|   32|      ap_vld|              numLegalActions_out|       pointer|
|numLegalActions_out_ap_vld  |  out|    1|      ap_vld|              numLegalActions_out|       pointer|
+----------------------------+-----+-----+------------+---------------------------------+--------------+

============================================================
+ Verbose Summary: Synthesis Manager
============================================================
InlineROM: 1
ExposeGlobal: 0
============================================================
+ Verbose Summary: CDFG Model
============================================================
IsTopModel: 0
ResetActiveHigh: 1
IsCombinational: 2
IsDatapathOnly: 2
HasWiredReturn: 1
HasMFsm: 2
HasVarLatency: 1
IsPipeline: 0
IsRtlPipelined: 0
IsInstanceOverlapped: 0
IsDontTouch: 0
HasImplIP: 0
IsGatedGlobalClock: 0

+ Individual pipeline summary: 
  * Pipeline-0: initiation interval (II) = 1, depth = 2


============================================================
+ Verbose Summary: Schedule
============================================================
* Number of FSM states : 2
* Pipeline : 1
  Pipeline-0 : II = 1, D = 2, States = { 1 2 }
* Dataflow Pipeline: 0

* FSM state transitions: 
1 --> 2 
2 --> 

* FSM state operations: 

State 1 <SV = 0> <Delay = 0.42>
ST_1 : Operation 4 [1/1] (0.00ns)   --->   "%numLegalActions = alloca i32 1" [./GameState.h:41->MCTSSearcher.cpp:43->MCTSSearcher.cpp:17]   --->   Operation 4 'alloca' 'numLegalActions' <Predicate = true> <Delay = 0.00>
ST_1 : Operation 5 [1/1] (0.00ns)   --->   "%i = alloca i32 1" [./GameState.h:42->MCTSSearcher.cpp:43->MCTSSearcher.cpp:17]   --->   Operation 5 'alloca' 'i' <Predicate = true> <Delay = 0.00>
ST_1 : Operation 6 [1/1] (0.00ns)   --->   "%gameState_legalActionMap_read = read i49 @_ssdm_op_Read.ap_auto.i49, i49 %gameState_legalActionMap"   --->   Operation 6 'read' 'gameState_legalActionMap_read' <Predicate = true> <Delay = 0.00>
ST_1 : Operation 7 [1/1] (0.42ns)   --->   "%store_ln42 = store i6 0, i6 %i" [./GameState.h:42->MCTSSearcher.cpp:43->MCTSSearcher.cpp:17]   --->   Operation 7 'store' 'store_ln42' <Predicate = true> <Delay = 0.42>
ST_1 : Operation 8 [1/1] (0.42ns)   --->   "%store_ln41 = store i32 0, i32 %numLegalActions" [./GameState.h:41->MCTSSearcher.cpp:43->MCTSSearcher.cpp:17]   --->   Operation 8 'store' 'store_ln41' <Predicate = true> <Delay = 0.42>
ST_1 : Operation 9 [1/1] (0.00ns)   --->   "%br_ln0 = br void %for.body.i.i"   --->   Operation 9 'br' 'br_ln0' <Predicate = true> <Delay = 0.00>

State 2 <SV = 1> <Delay = 1.89>
ST_2 : Operation 10 [1/1] (0.00ns)   --->   "%i_1 = load i6 %i" [./GameState.h:42->MCTSSearcher.cpp:43->MCTSSearcher.cpp:17]   --->   Operation 10 'load' 'i_1' <Predicate = true> <Delay = 0.00>
ST_2 : Operation 11 [1/1] (0.78ns)   --->   "%icmp_ln42 = icmp_eq  i6 %i_1, i6 49" [./GameState.h:42->MCTSSearcher.cpp:43->MCTSSearcher.cpp:17]   --->   Operation 11 'icmp' 'icmp_ln42' <Predicate = true> <Delay = 0.78> <CoreInst = "Cmp">   --->   Core 9 'Cmp' <Latency = 0> <II = 1> <Delay = 0.78> <FuncUnit> <Opcode : 'seteq' 'setne' 'setle' 'setge' 'setlt' 'setgt'> <InPorts = 2> <OutPorts = 1>
ST_2 : Operation 12 [1/1] (0.78ns)   --->   "%i_2 = add i6 %i_1, i6 1" [./GameState.h:42->MCTSSearcher.cpp:43->MCTSSearcher.cpp:17]   --->   Operation 12 'add' 'i_2' <Predicate = true> <Delay = 0.78> <CoreInst = "Adder">   --->   Core 1 'Adder' <Latency = 0> <II = 1> <Delay = 0.78> <FuncUnit> <Opcode : 'add' 'sub'> <InPorts = 2> <OutPorts = 1>
ST_2 : Operation 13 [1/1] (0.00ns)   --->   "%br_ln42 = br i1 %icmp_ln42, void %for.body.i.i.split, void %_ZN9GameState18getNumLegalActionsEv.exit.i.exitStub" [./GameState.h:42->MCTSSearcher.cpp:43->MCTSSearcher.cpp:17]   --->   Operation 13 'br' 'br_ln42' <Predicate = true> <Delay = 0.00>
ST_2 : Operation 14 [1/1] (0.00ns)   --->   "%numLegalActions_load = load i32 %numLegalActions" [./GameState.h:44->MCTSSearcher.cpp:43->MCTSSearcher.cpp:17]   --->   Operation 14 'load' 'numLegalActions_load' <Predicate = (!icmp_ln42)> <Delay = 0.00>
ST_2 : Operation 15 [1/1] (0.00ns)   --->   "%specpipeline_ln41 = specpipeline void @_ssdm_op_SpecPipeline, i32 4294967295, i32 0, i32 0, i32 0, void @empty_0" [./GameState.h:41->MCTSSearcher.cpp:43->MCTSSearcher.cpp:17]   --->   Operation 15 'specpipeline' 'specpipeline_ln41' <Predicate = (!icmp_ln42)> <Delay = 0.00>
ST_2 : Operation 16 [1/1] (0.00ns)   --->   "%speclooptripcount_ln41 = speclooptripcount void @_ssdm_op_SpecLoopTripCount, i64 49, i64 49, i64 49" [./GameState.h:41->MCTSSearcher.cpp:43->MCTSSearcher.cpp:17]   --->   Operation 16 'speclooptripcount' 'speclooptripcount_ln41' <Predicate = (!icmp_ln42)> <Delay = 0.00>
ST_2 : Operation 17 [1/1] (0.00ns)   --->   "%specloopname_ln42 = specloopname void @_ssdm_op_SpecLoopName, void @empty_14" [./GameState.h:42->MCTSSearcher.cpp:43->MCTSSearcher.cpp:17]   --->   Operation 17 'specloopname' 'specloopname_ln42' <Predicate = (!icmp_ln42)> <Delay = 0.00>
ST_2 : Operation 18 [1/1] (0.65ns)   --->   "%tobool_i_i = bitselect i1 @_ssdm_op_BitSelect.i1.i49.i6, i49 %gameState_legalActionMap_read, i6 %i_1" [./GameState.h:43->MCTSSearcher.cpp:43->MCTSSearcher.cpp:17]   --->   Operation 18 'bitselect' 'tobool_i_i' <Predicate = (!icmp_ln42)> <Delay = 0.65> <CoreInst = "BitSelector">   --->   Core 153 'BitSelector' <Latency = 0> <II = 1> <Delay = 0.65> <FuncUnit> <Opcode : 'bitselect'> <InPorts = 2> <OutPorts = 1>
ST_2 : Operation 19 [1/1] (1.01ns)   --->   "%add_ln44 = add i32 %numLegalActions_load, i32 1" [./GameState.h:44->MCTSSearcher.cpp:43->MCTSSearcher.cpp:17]   --->   Operation 19 'add' 'add_ln44' <Predicate = (!icmp_ln42)> <Delay = 1.01> <CoreInst = "Adder">   --->   Core 1 'Adder' <Latency = 0> <II = 1> <Delay = 1.01> <FuncUnit> <Opcode : 'add' 'sub'> <InPorts = 2> <OutPorts = 1>
ST_2 : Operation 20 [1/1] (0.44ns)   --->   "%numLegalActions_1 = select i1 %tobool_i_i, i32 %add_ln44, i32 %numLegalActions_load" [./GameState.h:43->MCTSSearcher.cpp:43->MCTSSearcher.cpp:17]   --->   Operation 20 'select' 'numLegalActions_1' <Predicate = (!icmp_ln42)> <Delay = 0.44> <CoreInst = "Sel">   --->   Core 73 'Sel' <Latency = 0> <II = 1> <Delay = 0.44> <FuncUnit> <Opcode : 'select'> <InPorts = 3> <OutPorts = 1>
ST_2 : Operation 21 [1/1] (0.42ns)   --->   "%store_ln42 = store i6 %i_2, i6 %i" [./GameState.h:42->MCTSSearcher.cpp:43->MCTSSearcher.cpp:17]   --->   Operation 21 'store' 'store_ln42' <Predicate = (!icmp_ln42)> <Delay = 0.42>
ST_2 : Operation 22 [1/1] (0.42ns)   --->   "%store_ln41 = store i32 %numLegalActions_1, i32 %numLegalActions" [./GameState.h:41->MCTSSearcher.cpp:43->MCTSSearcher.cpp:17]   --->   Operation 22 'store' 'store_ln41' <Predicate = (!icmp_ln42)> <Delay = 0.42>
ST_2 : Operation 23 [1/1] (0.00ns)   --->   "%br_ln42 = br void %for.body.i.i" [./GameState.h:42->MCTSSearcher.cpp:43->MCTSSearcher.cpp:17]   --->   Operation 23 'br' 'br_ln42' <Predicate = (!icmp_ln42)> <Delay = 0.00>
ST_2 : Operation 24 [1/1] (0.00ns)   --->   "%numLegalActions_load_1 = load i32 %numLegalActions"   --->   Operation 24 'load' 'numLegalActions_load_1' <Predicate = (icmp_ln42)> <Delay = 0.00>
ST_2 : Operation 25 [1/1] (0.00ns)   --->   "%write_ln0 = write void @_ssdm_op_Write.ap_auto.i32P0A, i32 %numLegalActions_out, i32 %numLegalActions_load_1"   --->   Operation 25 'write' 'write_ln0' <Predicate = (icmp_ln42)> <Delay = 0.00>
ST_2 : Operation 26 [1/1] (0.42ns)   --->   "%ret_ln0 = ret"   --->   Operation 26 'ret' 'ret_ln0' <Predicate = (icmp_ln42)> <Delay = 0.42>


============================================================
+ Verbose Summary: Binding
============================================================
STG Binding: 
---------------- STG Properties BEGIN ----------------
- Is combinational: 0
- Is one-state seq: 0
- Is datapath-only: 0
- Is pipelined: 0
- Is top level: 0
Port [ Return ] is wired: 1; IO mode=ap_ctrl_hs:ce=0
Port [ gameState_legalActionMap]:  wired=1; compound=0; hidden=0; nouse=0; global=0; static=0; extern=0; dir=0; type=0; pingpong=0; private_global=0; IO mode=ap_none:ce=0
Port [ numLegalActions_out]:  wired=1; compound=0; hidden=0; nouse=0; global=0; static=0; extern=0; dir=1; type=0; pingpong=0; private_global=0; IO mode=ap_vld:ce=0
---------------- STG Properties END ------------------

---------------- Datapath Model BEGIN ----------------

<LifeTime>
<method=bitvector/>
numLegalActions               (alloca           ) [ 011]
i                             (alloca           ) [ 011]
gameState_legalActionMap_read (read             ) [ 011]
store_ln42                    (store            ) [ 000]
store_ln41                    (store            ) [ 000]
br_ln0                        (br               ) [ 000]
i_1                           (load             ) [ 000]
icmp_ln42                     (icmp             ) [ 011]
i_2                           (add              ) [ 000]
br_ln42                       (br               ) [ 000]
numLegalActions_load          (load             ) [ 000]
specpipeline_ln41             (specpipeline     ) [ 000]
speclooptripcount_ln41        (speclooptripcount) [ 000]
specloopname_ln42             (specloopname     ) [ 000]
tobool_i_i                    (bitselect        ) [ 000]
add_ln44                      (add              ) [ 000]
numLegalActions_1             (select           ) [ 000]
store_ln42                    (store            ) [ 000]
store_ln41                    (store            ) [ 000]
br_ln42                       (br               ) [ 000]
numLegalActions_load_1        (load             ) [ 000]
write_ln0                     (write            ) [ 000]
ret_ln0                       (ret              ) [ 000]
</LifeTime>

<model>

<comp_list>
<comp id="0" class="1000" name="gameState_legalActionMap">
<pin_list>
<pin id="1" dir="1" index="0" bw="1" slack="0"/>
</pin_list>
<bind>
<StgValue><ssdm name="gameState_legalActionMap"/></StgValue>
</bind>
</comp>

<comp id="2" class="1000" name="numLegalActions_out">
<pin_list>
<pin id="3" dir="1" index="0" bw="1" slack="0"/>
</pin_list>
<bind>
<StgValue><ssdm name="numLegalActions_out"/></StgValue>
</bind>
</comp>

<comp id="4" class="1001" name="const_4">
<pin_list>
<pin id="5" dir="1" index="0" bw="1" slack="0"/>
</pin_list>
<bind>
<StgValue><ssdm name=""/></StgValue>
</bind>
</comp>

<comp id="6" class="1001" name="const_6">
<pin_list>
<pin id="7" dir="1" index="0" bw="1" slack="0"/>
</pin_list>
<bind>
<StgValue><ssdm name="_ssdm_op_Read.ap_auto.i49"/></StgValue>
</bind>
</comp>

<comp id="8" class="1001" name="const_8">
<pin_list>
<pin id="9" dir="1" index="0" bw="1" slack="0"/>
</pin_list>
<bind>
<StgValue><ssdm name=""/></StgValue>
</bind>
</comp>

<comp id="10" class="1001" name="const_10">
<pin_list>
<pin id="11" dir="1" index="0" bw="1" slack="0"/>
</pin_list>
<bind>
<StgValue><ssdm name=""/></StgValue>
</bind>
</comp>

<comp id="12" class="1001" name="const_12">
<pin_list>
<pin id="13" dir="1" index="0" bw="1" slack="0"/>
</pin_list>
<bind>
<StgValue><ssdm name=""/></StgValue>
</bind>
</comp>

<comp id="14" class="1001" name="const_14">
<pin_list>
<pin id="15" dir="1" index="0" bw="1" slack="0"/>
</pin_list>
<bind>
<StgValue><ssdm name=""/></StgValue>
</bind>
</comp>

<comp id="16" class="1001" name="const_16">
<pin_list>
<pin id="17" dir="1" index="0" bw="1" slack="2147483647"/>
</pin_list>
<bind>
<StgValue><ssdm name="_ssdm_op_SpecPipeline"/></StgValue>
</bind>
</comp>

<comp id="18" class="1001" name="const_18">
<pin_list>
<pin id="19" dir="1" index="0" bw="1" slack="2147483647"/>
</pin_list>
<bind>
<StgValue><ssdm name=""/></StgValue>
</bind>
</comp>

<comp id="20" class="1001" name="const_20">
<pin_list>
<pin id="21" dir="1" index="0" bw="1" slack="2147483647"/>
</pin_list>
<bind>
<StgValue><ssdm name="empty_0"/></StgValue>
</bind>
</comp>

<comp id="22" class="1001" name="const_22">
<pin_list>
<pin id="23" dir="1" index="0" bw="1" slack="2147483647"/>
</pin_list>
<bind>
<StgValue><ssdm name="_ssdm_op_SpecLoopTripCount"/></StgValue>
</bind>
</comp>

<comp id="24" class="1001" name="const_24">
<pin_list>
<pin id="25" dir="1" index="0" bw="1" slack="2147483647"/>
</pin_list>
<bind>
<StgValue><ssdm name=""/></StgValue>
</bind>
</comp>

<comp id="26" class="1001" name="const_26">
<pin_list>
<pin id="27" dir="1" index="0" bw="1" slack="2147483647"/>
</pin_list>
<bind>
<StgValue><ssdm name="_ssdm_op_SpecLoopName"/></StgValue>
</bind>
</comp>

<comp id="28" class="1001" name="const_28">
<pin_list>
<pin id="29" dir="1" index="0" bw="1" slack="2147483647"/>
</pin_list>
<bind>
<StgValue><ssdm name="empty_14"/></StgValue>
</bind>
</comp>

<comp id="30" class="1001" name="const_30">
<pin_list>
<pin id="31" dir="1" index="0" bw="1" slack="0"/>
</pin_list>
<bind>
<StgValue><ssdm name="_ssdm_op_BitSelect.i1.i49.i6"/></StgValue>
</bind>
</comp>

<comp id="32" class="1001" name="const_32">
<pin_list>
<pin id="33" dir="1" index="0" bw="1" slack="0"/>
</pin_list>
<bind>
<StgValue><ssdm name="_ssdm_op_Write.ap_auto.i32P0A"/></StgValue>
</bind>
</comp>

<comp id="34" class="1004" name="numLegalActions_fu_34">
<pin_list>
<pin id="35" dir="0" index="0" bw="1" slack="0"/>
<pin id="36" dir="1" index="1" bw="32" slack="0"/>
</pin_list>
<bind>
<opcode="alloca(26) " fcode="alloca"/>
<opset="numLegalActions/1 "/>
</bind>
</comp>

<comp id="38" class="1004" name="i_fu_38">
<pin_list>
<pin id="39" dir="0" index="0" bw="1" slack="0"/>
<pin id="40" dir="1" index="1" bw="6" slack="0"/>
</pin_list>
<bind>
<opcode="alloca(26) " fcode="alloca"/>
<opset="i/1 "/>
</bind>
</comp>

<comp id="42" class="1004" name="gameState_legalActionMap_read_read_fu_42">
<pin_list>
<pin id="43" dir="0" index="0" bw="49" slack="0"/>
<pin id="44" dir="0" index="1" bw="49" slack="0"/>
<pin id="45" dir="1" index="2" bw="49" slack="1"/>
</pin_list>
<bind>
<opcode="read(1150) " fcode="read"/>
<opset="gameState_legalActionMap_read/1 "/>
</bind>
</comp>

<comp id="48" class="1004" name="write_ln0_write_fu_48">
<pin_list>
<pin id="49" dir="0" index="0" bw="0" slack="0"/>
<pin id="50" dir="0" index="1" bw="32" slack="0"/>
<pin id="51" dir="0" index="2" bw="32" slack="0"/>
<pin id="52" dir="1" index="3" bw="0" slack="2147483647"/>
</pin_list>
<bind>
<opcode="write(1151) " fcode="write"/>
<opset="write_ln0/2 "/>
</bind>
</comp>

<comp id="55" class="1004" name="store_ln42_store_fu_55">
<pin_list>
<pin id="56" dir="0" index="0" bw="1" slack="0"/>
<pin id="57" dir="0" index="1" bw="6" slack="0"/>
<pin id="58" dir="1" index="2" bw="0" slack="2147483647"/>
</pin_list>
<bind>
<opcode="store(28) " fcode="store"/>
<opset="store_ln42/1 "/>
</bind>
</comp>

<comp id="60" class="1004" name="store_ln41_store_fu_60">
<pin_list>
<pin id="61" dir="0" index="0" bw="1" slack="0"/>
<pin id="62" dir="0" index="1" bw="32" slack="0"/>
<pin id="63" dir="1" index="2" bw="0" slack="2147483647"/>
</pin_list>
<bind>
<opcode="store(28) " fcode="store"/>
<opset="store_ln41/1 "/>
</bind>
</comp>

<comp id="65" class="1004" name="i_1_load_fu_65">
<pin_list>
<pin id="66" dir="0" index="0" bw="6" slack="1"/>
<pin id="67" dir="1" index="1" bw="6" slack="0"/>
</pin_list>
<bind>
<opcode="load(27) " fcode="load"/>
<opset="i_1/2 "/>
</bind>
</comp>

<comp id="68" class="1004" name="icmp_ln42_fu_68">
<pin_list>
<pin id="69" dir="0" index="0" bw="6" slack="0"/>
<pin id="70" dir="0" index="1" bw="6" slack="0"/>
<pin id="71" dir="1" index="2" bw="1" slack="2147483647"/>
</pin_list>
<bind>
<opcode="icmp(45) " fcode="icmp"/>
<opset="icmp_ln42/2 "/>
</bind>
</comp>

<comp id="74" class="1004" name="i_2_fu_74">
<pin_list>
<pin id="75" dir="0" index="0" bw="6" slack="0"/>
<pin id="76" dir="0" index="1" bw="1" slack="0"/>
<pin id="77" dir="1" index="2" bw="6" slack="0"/>
</pin_list>
<bind>
<opcode="add(8) " fcode="add"/>
<opset="i_2/2 "/>
</bind>
</comp>

<comp id="80" class="1004" name="numLegalActions_load_load_fu_80">
<pin_list>
<pin id="81" dir="0" index="0" bw="32" slack="1"/>
<pin id="82" dir="1" index="1" bw="32" slack="0"/>
</pin_list>
<bind>
<opcode="load(27) " fcode="load"/>
<opset="numLegalActions_load/2 "/>
</bind>
</comp>

<comp id="83" class="1004" name="tobool_i_i_fu_83">
<pin_list>
<pin id="84" dir="0" index="0" bw="1" slack="0"/>
<pin id="85" dir="0" index="1" bw="49" slack="1"/>
<pin id="86" dir="0" index="2" bw="6" slack="0"/>
<pin id="87" dir="1" index="3" bw="1" slack="0"/>
</pin_list>
<bind>
<opcode="bitselect(1000) " fcode="bitselect"/>
<opset="tobool_i_i/2 "/>
</bind>
</comp>

<comp id="90" class="1004" name="add_ln44_fu_90">
<pin_list>
<pin id="91" dir="0" index="0" bw="32" slack="0"/>
<pin id="92" dir="0" index="1" bw="1" slack="0"/>
<pin id="93" dir="1" index="2" bw="32" slack="0"/>
</pin_list>
<bind>
<opcode="add(8) " fcode="add"/>
<opset="add_ln44/2 "/>
</bind>
</comp>

<comp id="96" class="1004" name="numLegalActions_1_fu_96">
<pin_list>
<pin id="97" dir="0" index="0" bw="1" slack="0"/>
<pin id="98" dir="0" index="1" bw="32" slack="0"/>
<pin id="99" dir="0" index="2" bw="32" slack="0"/>
<pin id="100" dir="1" index="3" bw="32" slack="0"/>
</pin_list>
<bind>
<opcode="select(49) " fcode="select"/>
<opset="numLegalActions_1/2 "/>
</bind>
</comp>

<comp id="104" class="1004" name="store_ln42_store_fu_104">
<pin_list>
<pin id="105" dir="0" index="0" bw="6" slack="0"/>
<pin id="106" dir="0" index="1" bw="6" slack="1"/>
<pin id="107" dir="1" index="2" bw="0" slack="2147483647"/>
</pin_list>
<bind>
<opcode="store(28) " fcode="store"/>
<opset="store_ln42/2 "/>
</bind>
</comp>

<comp id="109" class="1004" name="store_ln41_store_fu_109">
<pin_list>
<pin id="110" dir="0" index="0" bw="32" slack="0"/>
<pin id="111" dir="0" index="1" bw="32" slack="1"/>
<pin id="112" dir="1" index="2" bw="0" slack="2147483647"/>
</pin_list>
<bind>
<opcode="store(28) " fcode="store"/>
<opset="store_ln41/2 "/>
</bind>
</comp>

<comp id="114" class="1004" name="numLegalActions_load_1_load_fu_114">
<pin_list>
<pin id="115" dir="0" index="0" bw="32" slack="1"/>
<pin id="116" dir="1" index="1" bw="32" slack="0"/>
</pin_list>
<bind>
<opcode="load(27) " fcode="load"/>
<opset="numLegalActions_load_1/2 "/>
</bind>
</comp>

<comp id="118" class="1005" name="numLegalActions_reg_118">
<pin_list>
<pin id="119" dir="0" index="0" bw="32" slack="0"/>
<pin id="120" dir="1" index="1" bw="32" slack="0"/>
</pin_list>
<bind>
<opset="numLegalActions "/>
</bind>
</comp>

<comp id="126" class="1005" name="i_reg_126">
<pin_list>
<pin id="127" dir="0" index="0" bw="6" slack="0"/>
<pin id="128" dir="1" index="1" bw="6" slack="0"/>
</pin_list>
<bind>
<opset="i "/>
</bind>
</comp>

<comp id="133" class="1005" name="gameState_legalActionMap_read_reg_133">
<pin_list>
<pin id="134" dir="0" index="0" bw="49" slack="1"/>
<pin id="135" dir="1" index="1" bw="49" slack="1"/>
</pin_list>
<bind>
<opset="gameState_legalActionMap_read "/>
</bind>
</comp>

</comp_list>

<net_list>
<net id="37"><net_src comp="4" pin="0"/><net_sink comp="34" pin=0"/></net>

<net id="41"><net_src comp="4" pin="0"/><net_sink comp="38" pin=0"/></net>

<net id="46"><net_src comp="6" pin="0"/><net_sink comp="42" pin=0"/></net>

<net id="47"><net_src comp="0" pin="0"/><net_sink comp="42" pin=1"/></net>

<net id="53"><net_src comp="32" pin="0"/><net_sink comp="48" pin=0"/></net>

<net id="54"><net_src comp="2" pin="0"/><net_sink comp="48" pin=1"/></net>

<net id="59"><net_src comp="8" pin="0"/><net_sink comp="55" pin=0"/></net>

<net id="64"><net_src comp="10" pin="0"/><net_sink comp="60" pin=0"/></net>

<net id="72"><net_src comp="65" pin="1"/><net_sink comp="68" pin=0"/></net>

<net id="73"><net_src comp="12" pin="0"/><net_sink comp="68" pin=1"/></net>

<net id="78"><net_src comp="65" pin="1"/><net_sink comp="74" pin=0"/></net>

<net id="79"><net_src comp="14" pin="0"/><net_sink comp="74" pin=1"/></net>

<net id="88"><net_src comp="30" pin="0"/><net_sink comp="83" pin=0"/></net>

<net id="89"><net_src comp="65" pin="1"/><net_sink comp="83" pin=2"/></net>

<net id="94"><net_src comp="80" pin="1"/><net_sink comp="90" pin=0"/></net>

<net id="95"><net_src comp="4" pin="0"/><net_sink comp="90" pin=1"/></net>

<net id="101"><net_src comp="83" pin="3"/><net_sink comp="96" pin=0"/></net>

<net id="102"><net_src comp="90" pin="2"/><net_sink comp="96" pin=1"/></net>

<net id="103"><net_src comp="80" pin="1"/><net_sink comp="96" pin=2"/></net>

<net id="108"><net_src comp="74" pin="2"/><net_sink comp="104" pin=0"/></net>

<net id="113"><net_src comp="96" pin="3"/><net_sink comp="109" pin=0"/></net>

<net id="117"><net_src comp="114" pin="1"/><net_sink comp="48" pin=2"/></net>

<net id="121"><net_src comp="34" pin="1"/><net_sink comp="118" pin=0"/></net>

<net id="122"><net_src comp="118" pin="1"/><net_sink comp="60" pin=1"/></net>

<net id="123"><net_src comp="118" pin="1"/><net_sink comp="80" pin=0"/></net>

<net id="124"><net_src comp="118" pin="1"/><net_sink comp="109" pin=1"/></net>

<net id="125"><net_src comp="118" pin="1"/><net_sink comp="114" pin=0"/></net>

<net id="129"><net_src comp="38" pin="1"/><net_sink comp="126" pin=0"/></net>

<net id="130"><net_src comp="126" pin="1"/><net_sink comp="55" pin=1"/></net>

<net id="131"><net_src comp="126" pin="1"/><net_sink comp="65" pin=0"/></net>

<net id="132"><net_src comp="126" pin="1"/><net_sink comp="104" pin=1"/></net>

<net id="136"><net_src comp="42" pin="2"/><net_sink comp="133" pin=0"/></net>

<net id="137"><net_src comp="133" pin="1"/><net_sink comp="83" pin=1"/></net>

</net_list>

</model> 
---------------- Datapath Model END ------------------

* FSMD analyzer results:
  - Output states:
	Port: numLegalActions_out | {2 }
 - Input state : 
	Port: search_Pipeline_VITIS_LOOP_42_1 : gameState_legalActionMap | {1 }
  - Chain level:
	State 1
		store_ln42 : 1
		store_ln41 : 1
	State 2
		icmp_ln42 : 1
		i_2 : 1
		br_ln42 : 2
		tobool_i_i : 1
		add_ln44 : 1
		numLegalActions_1 : 2
		store_ln42 : 2
		store_ln41 : 3
		write_ln0 : 1


============================================================
+ Verbose Summary: Datapath Resource usage 
============================================================

* Functional unit list:
|----------|------------------------------------------|---------|---------|
| Operation|              Functional Unit             |    FF   |   LUT   |
|----------|------------------------------------------|---------|---------|
|    add   |                 i_2_fu_74                |    0    |    13   |
|          |              add_ln44_fu_90              |    0    |    39   |
|----------|------------------------------------------|---------|---------|
|  select  |          numLegalActions_1_fu_96         |    0    |    32   |
|----------|------------------------------------------|---------|---------|
| bitselect|             tobool_i_i_fu_83             |    0    |    17   |
|----------|------------------------------------------|---------|---------|
|   icmp   |              icmp_ln42_fu_68             |    0    |    13   |
|----------|------------------------------------------|---------|---------|
|   read   | gameState_legalActionMap_read_read_fu_42 |    0    |    0    |
|----------|------------------------------------------|---------|---------|
|   write  |           write_ln0_write_fu_48          |    0    |    0    |
|----------|------------------------------------------|---------|---------|
|   Total  |                                          |    0    |   114   |
|----------|------------------------------------------|---------|---------|

Memories:
N/A

* Register list:
+-------------------------------------+--------+
|                                     |   FF   |
+-------------------------------------+--------+
|gameState_legalActionMap_read_reg_133|   49   |
|              i_reg_126              |    6   |
|       numLegalActions_reg_118       |   32   |
+-------------------------------------+--------+
|                Total                |   87   |
+-------------------------------------+--------+

* Multiplexer (MUX) list: 
|--------|------|------|------|--------|
|  Comp  |  Pin | Size |  BW  | S x BW |
|--------|------|------|------|--------|
|  Total |      |      |      |    0   |
|--------|------|------|------|--------|



* Summary:
+-----------+--------+--------+
|           |   FF   |   LUT  |
+-----------+--------+--------+
|  Function |    0   |   114  |
|   Memory  |    -   |    -   |
|Multiplexer|    -   |    -   |
|  Register |   87   |    -   |
+-----------+--------+--------+
|   Total   |   87   |   114  |
+-----------+--------+--------+
