

================================================================
== Vitis HLS Report for 'search'
================================================================
* Date:           Thu Apr 23 22:10:26 2026

* Version:        2025.1 (Build 6135595 on May 21 2025)
* Project:        mcts.prj
* Solution:       solution1 (Vivado IP Flow Target)
* Product family: zynquplus
* Target device:  xck26-sfvc784-2LV-c


================================================================
== Performance Estimates
================================================================
+ Timing: 
    * Summary: 
    +--------+----------+----------+------------+
    |  Clock |  Target  | Estimated| Uncertainty|
    +--------+----------+----------+------------+
    |ap_clk  |  10.00 ns|  7.167 ns|     2.70 ns|
    +--------+----------+----------+------------+

+ Latency: 
    * Summary: 
    +---------+---------+----------+----------+-----+-----+---------+
    |  Latency (cycles) |  Latency (absolute) |  Interval | Pipeline|
    |   min   |   max   |    min   |    max   | min | max |   Type  |
    +---------+---------+----------+----------+-----+-----+---------+
    |        ?|        ?|         ?|         ?|    ?|    ?|       no|
    +---------+---------+----------+----------+-----+-----+---------+

    + Detail: 
        * Instance: 
        +--------------------------------------------+---------------------------------+---------+---------+----------+----------+-----+-----+------------------------------------------------+
        |                                            |                                 |  Latency (cycles) |  Latency (absolute) |  Interval |                    Pipeline                    |
        |                  Instance                  |              Module             |   min   |   max   |    min   |    max   | min | max |                      Type                      |
        +--------------------------------------------+---------------------------------+---------+---------+----------+----------+-----+-----+------------------------------------------------+
        |grp_search_Pipeline_VITIS_LOOP_42_1_fu_208  |search_Pipeline_VITIS_LOOP_42_1  |       51|       51|  0.510 us|  0.510 us|   50|   50|  loop auto-rewind stp (delay=0 clock cycles(s))|
        |grp_forward_fu_214                          |forward                          |        ?|        ?|         ?|         ?|    ?|    ?|                                              no|
        |grp_search_Pipeline_VITIS_LOOP_27_1_fu_255  |search_Pipeline_VITIS_LOOP_27_1  |        ?|        ?|         ?|         ?|    0|    0|  loop auto-rewind stp (delay=0 clock cycles(s))|
        +--------------------------------------------+---------------------------------+---------+---------+----------+----------+-----+-----+------------------------------------------------+

        * Loop: 
        +-------------------+---------+---------+----------+-----------+-----------+------+----------+
        |                   |  Latency (cycles) | Iteration|  Initiation Interval  | Trip |          |
        |     Loop Name     |   min   |   max   |  Latency |  achieved |   target  | Count| Pipelined|
        +-------------------+---------+---------+----------+-----------+-----------+------+----------+
        |- VITIS_LOOP_46_1  |        ?|        ?|         ?|          -|          -|  5000|        no|
        +-------------------+---------+---------+----------+-----------+-----------+------+----------+



================================================================
== Utilization Estimates
================================================================
* Summary: 
+-----------------+---------+------+--------+--------+-----+
|       Name      | BRAM_18K|  DSP |   FF   |   LUT  | URAM|
+-----------------+---------+------+--------+--------+-----+
|DSP              |        -|     -|       -|       -|    -|
|Expression       |        -|     -|       0|     146|    -|
|FIFO             |        -|     -|       -|       -|    -|
|Instance         |        1|     6|   14161|   22928|    -|
|Memory           |        -|     -|       -|       -|    -|
|Multiplexer      |        -|     -|       0|     349|    -|
|Register         |        -|     -|     221|       -|    -|
+-----------------+---------+------+--------+--------+-----+
|Total            |        1|     6|   14382|   23423|    0|
+-----------------+---------+------+--------+--------+-----+
|Available        |      288|  1248|  234240|  117120|   64|
+-----------------+---------+------+--------+--------+-----+
|Utilization (%)  |       ~0|    ~0|       6|      19|    0|
+-----------------+---------+------+--------+--------+-----+

+ Detail: 
    * Instance: 
    +--------------------------------------------+---------------------------------+---------+----+-------+-------+-----+
    |                  Instance                  |              Module             | BRAM_18K| DSP|   FF  |  LUT  | URAM|
    +--------------------------------------------+---------------------------------+---------+----+-------+-------+-----+
    |grp_forward_fu_214                          |forward                          |        1|   6|  13987|  22573|    0|
    |grp_search_Pipeline_VITIS_LOOP_27_1_fu_255  |search_Pipeline_VITIS_LOOP_27_1  |        0|   0|    133|    203|    0|
    |grp_search_Pipeline_VITIS_LOOP_42_1_fu_208  |search_Pipeline_VITIS_LOOP_42_1  |        0|   0|     41|    152|    0|
    +--------------------------------------------+---------------------------------+---------+----+-------+-------+-----+
    |Total                                       |                                 |        1|   6|  14161|  22928|    0|
    +--------------------------------------------+---------------------------------+---------+----+-------+-------+-----+

    * DSP: 
    N/A

    * Memory: 
    N/A

    * FIFO: 
    N/A

    * Expression: 
    +------------------------------------+----------+----+---+----+------------+------------+
    |            Variable Name           | Operation| DSP| FF| LUT| Bitwidth P0| Bitwidth P1|
    +------------------------------------+----------+----+---+----+------------+------------+
    |i_3_fu_311_p2                       |         +|   0|  0|  20|          13|           1|
    |icmp_ln46_fu_305_p2                 |      icmp|   0|  0|  20|          13|          13|
    |or_ln23_fu_270_p2                   |        or|   0|  0|  49|          49|          49|
    |this_firstChilds_we0                |        or|   0|  0|   2|           1|           1|
    |this_isREDs_we0                     |        or|   0|  0|   2|           1|           1|
    |this_numLegalActions_we0            |        or|   0|  0|   2|           1|           1|
    |this_parents_we0                    |        or|   0|  0|   2|           1|           1|
    |gameState_legalActionMap_fu_276_p2  |       xor|   0|  0|  49|          49|           2|
    +------------------------------------+----------+----+---+----+------------+------------+
    |Total                               |          |   0|  0| 146|         128|          69|
    +------------------------------------+----------+----+---+----+------------+------------+

    * Multiplexer: 
    +---------------------------------+----+-----------+-----+-----------+
    |               Name              | LUT| Input Size| Bits| Total Bits|
    +---------------------------------+----+-----------+-----+-----------+
    |ap_NS_fsm                        |  54|         10|    1|         10|
    |ap_return                        |   9|          2|    6|         12|
    |i_2_fu_80                        |   9|          2|   13|         26|
    |this_childActions_address0       |   9|          2|   13|         26|
    |this_childActions_ce0            |   9|          2|    1|          2|
    |this_childActions_we0            |   9|          2|    1|          2|
    |this_firstChilds_address0        |   9|          2|   13|         26|
    |this_firstChilds_address0_local  |  14|          3|   13|         39|
    |this_firstChilds_ce0             |   9|          2|    1|          2|
    |this_firstChilds_d0              |   9|          2|   32|         64|
    |this_firstChilds_we0             |   9|          2|    1|          2|
    |this_isREDs_address0             |   9|          2|   13|         26|
    |this_isREDs_ce0                  |   9|          2|    1|          2|
    |this_isREDs_d0                   |   9|          2|    1|          2|
    |this_isREDs_we0                  |   9|          2|    1|          2|
    |this_nextFree_0_fu_88            |   9|          2|   32|         64|
    |this_nextSiblings_address0       |  14|          3|   13|         39|
    |this_nextSiblings_ce0            |  14|          3|    1|          3|
    |this_nextSiblings_we0            |   9|          2|    1|          2|
    |this_numLegalActions_address0    |   9|          2|   13|         26|
    |this_numLegalActions_ce0         |   9|          2|    1|          2|
    |this_numLegalActions_d0          |   9|          2|   32|         64|
    |this_numLegalActions_we0         |   9|          2|    1|          2|
    |this_parents_address0            |   9|          2|   13|         26|
    |this_parents_ce0                 |   9|          2|    1|          2|
    |this_parents_d0                  |   9|          2|   32|         64|
    |this_parents_we0                 |   9|          2|    1|          2|
    |this_rng_0_fu_84                 |   9|          2|   64|        128|
    |this_visitCounts_address0        |  14|          3|   13|         39|
    |this_visitCounts_ce0             |  14|          3|    1|          3|
    |this_visitCounts_we0             |   9|          2|    1|          2|
    +---------------------------------+----+-----------+-----+-----------+
    |Total                            | 349|         75|  331|        711|
    +---------------------------------+----+-----------+-----+-----------+

    * Register: 
    +---------------------------------------------------------+----+----+-----+-----------+
    |                           Name                          | FF | LUT| Bits| Const Bits|
    +---------------------------------------------------------+----+----+-----+-----------+
    |ap_CS_fsm                                                |   9|   0|    9|          0|
    |ap_return_preg                                           |   6|   0|    6|          0|
    |bestChildNode_loc_fu_92                                  |  13|   0|   13|          0|
    |bestChildNode_reg_429                                    |  32|   0|   32|          0|
    |gameState_legalActionMap_reg_399                         |  49|   0|   49|          0|
    |grp_forward_fu_214_ap_start_reg                          |   1|   0|    1|          0|
    |grp_search_Pipeline_VITIS_LOOP_27_1_fu_255_ap_start_reg  |   1|   0|    1|          0|
    |grp_search_Pipeline_VITIS_LOOP_42_1_fu_208_ap_start_reg  |   1|   0|    1|          0|
    |i_2_fu_80                                                |  13|   0|   13|          0|
    |this_nextFree_0_fu_88                                    |  32|   0|   32|          0|
    |this_rng_0_fu_84                                         |  64|   0|   64|          0|
    +---------------------------------------------------------+----+----+-----+-----------+
    |Total                                                    | 221|   0|  221|          0|
    +---------------------------------------------------------+----+----+-----+-----------+



================================================================
== Interface
================================================================
* Summary: 
+-------------------------------+-----+-----+------------+----------------------------+--------------+
|           RTL Ports           | Dir | Bits|  Protocol  |        Source Object       |    C Type    |
+-------------------------------+-----+-----+------------+----------------------------+--------------+
|ap_clk                         |   in|    1|  ap_ctrl_hs|                      search|  return value|
|ap_rst                         |   in|    1|  ap_ctrl_hs|                      search|  return value|
|ap_start                       |   in|    1|  ap_ctrl_hs|                      search|  return value|
|ap_done                        |  out|    1|  ap_ctrl_hs|                      search|  return value|
|ap_idle                        |  out|    1|  ap_ctrl_hs|                      search|  return value|
|ap_ready                       |  out|    1|  ap_ctrl_hs|                      search|  return value|
|ap_return                      |  out|    6|  ap_ctrl_hs|                      search|  return value|
|this_visitCounts_address0      |  out|   13|   ap_memory|            this_visitCounts|         array|
|this_visitCounts_ce0           |  out|    1|   ap_memory|            this_visitCounts|         array|
|this_visitCounts_we0           |  out|    1|   ap_memory|            this_visitCounts|         array|
|this_visitCounts_d0            |  out|   32|   ap_memory|            this_visitCounts|         array|
|this_visitCounts_q0            |   in|   32|   ap_memory|            this_visitCounts|         array|
|this_meanQ_address0            |  out|   13|   ap_memory|                  this_meanQ|         array|
|this_meanQ_ce0                 |  out|    1|   ap_memory|                  this_meanQ|         array|
|this_meanQ_we0                 |  out|    1|   ap_memory|                  this_meanQ|         array|
|this_meanQ_d0                  |  out|   20|   ap_memory|                  this_meanQ|         array|
|this_meanQ_q0                  |   in|   20|   ap_memory|                  this_meanQ|         array|
|this_parents_address0          |  out|   13|   ap_memory|                this_parents|         array|
|this_parents_ce0               |  out|    1|   ap_memory|                this_parents|         array|
|this_parents_we0               |  out|    1|   ap_memory|                this_parents|         array|
|this_parents_d0                |  out|   32|   ap_memory|                this_parents|         array|
|this_parents_q0                |   in|   32|   ap_memory|                this_parents|         array|
|this_firstChilds_address0      |  out|   13|   ap_memory|            this_firstChilds|         array|
|this_firstChilds_ce0           |  out|    1|   ap_memory|            this_firstChilds|         array|
|this_firstChilds_we0           |  out|    1|   ap_memory|            this_firstChilds|         array|
|this_firstChilds_d0            |  out|   32|   ap_memory|            this_firstChilds|         array|
|this_firstChilds_q0            |   in|   32|   ap_memory|            this_firstChilds|         array|
|this_numChildren_address0      |  out|   13|   ap_memory|            this_numChildren|         array|
|this_numChildren_ce0           |  out|    1|   ap_memory|            this_numChildren|         array|
|this_numChildren_we0           |  out|    1|   ap_memory|            this_numChildren|         array|
|this_numChildren_d0            |  out|   32|   ap_memory|            this_numChildren|         array|
|this_numChildren_q0            |   in|   32|   ap_memory|            this_numChildren|         array|
|this_nextSiblings_address0     |  out|   13|   ap_memory|           this_nextSiblings|         array|
|this_nextSiblings_ce0          |  out|    1|   ap_memory|           this_nextSiblings|         array|
|this_nextSiblings_we0          |  out|    1|   ap_memory|           this_nextSiblings|         array|
|this_nextSiblings_d0           |  out|   32|   ap_memory|           this_nextSiblings|         array|
|this_nextSiblings_q0           |   in|   32|   ap_memory|           this_nextSiblings|         array|
|this_numLegalActions_address0  |  out|   13|   ap_memory|        this_numLegalActions|         array|
|this_numLegalActions_ce0       |  out|    1|   ap_memory|        this_numLegalActions|         array|
|this_numLegalActions_we0       |  out|    1|   ap_memory|        this_numLegalActions|         array|
|this_numLegalActions_d0        |  out|   32|   ap_memory|        this_numLegalActions|         array|
|this_numLegalActions_q0        |   in|   32|   ap_memory|        this_numLegalActions|         array|
|this_terminals_address0        |  out|   13|   ap_memory|              this_terminals|         array|
|this_terminals_ce0             |  out|    1|   ap_memory|              this_terminals|         array|
|this_terminals_we0             |  out|    1|   ap_memory|              this_terminals|         array|
|this_terminals_d0              |  out|    1|   ap_memory|              this_terminals|         array|
|this_terminals_q0              |   in|    1|   ap_memory|              this_terminals|         array|
|this_childActions_address0     |  out|   13|   ap_memory|           this_childActions|         array|
|this_childActions_ce0          |  out|    1|   ap_memory|           this_childActions|         array|
|this_childActions_we0          |  out|    1|   ap_memory|           this_childActions|         array|
|this_childActions_d0           |  out|    6|   ap_memory|           this_childActions|         array|
|this_childActions_q0           |   in|    6|   ap_memory|           this_childActions|         array|
|this_triedMask_address0        |  out|   13|   ap_memory|              this_triedMask|         array|
|this_triedMask_ce0             |  out|    1|   ap_memory|              this_triedMask|         array|
|this_triedMask_we0             |  out|    1|   ap_memory|              this_triedMask|         array|
|this_triedMask_d0              |  out|   49|   ap_memory|              this_triedMask|         array|
|this_triedMask_q0              |   in|   49|   ap_memory|              this_triedMask|         array|
|this_isREDs_address0           |  out|   13|   ap_memory|                 this_isREDs|         array|
|this_isREDs_ce0                |  out|    1|   ap_memory|                 this_isREDs|         array|
|this_isREDs_we0                |  out|    1|   ap_memory|                 this_isREDs|         array|
|this_isREDs_d0                 |  out|    1|   ap_memory|                 this_isREDs|         array|
|this_isREDs_q0                 |   in|    1|   ap_memory|                 this_isREDs|         array|
|this_logVisitCounts_address0   |  out|   13|   ap_memory|         this_logVisitCounts|         array|
|this_logVisitCounts_ce0        |  out|    1|   ap_memory|         this_logVisitCounts|         array|
|this_logVisitCounts_we0        |  out|    1|   ap_memory|         this_logVisitCounts|         array|
|this_logVisitCounts_d0         |  out|   32|   ap_memory|         this_logVisitCounts|         array|
|this_logVisitCounts_q0         |   in|   32|   ap_memory|         this_logVisitCounts|         array|
|this_rng_read                  |   in|    6|     ap_none|               this_rng_read|        scalar|
|boardState_isPlayer1Turn_s     |   in|    1|     ap_none|  boardState_isPlayer1Turn_s|        scalar|
|boardState_lastMove_s          |   in|   32|     ap_none|       boardState_lastMove_s|        scalar|
|boardState_player1_s           |   in|   49|     ap_none|        boardState_player1_s|        scalar|
|boardState_player2_s           |   in|   49|     ap_none|        boardState_player2_s|        scalar|
|isRED                          |   in|    1|     ap_none|                       isRED|        scalar|
+-------------------------------+-----+-----+------------+----------------------------+--------------+

============================================================
+ Verbose Summary: Synthesis Manager
============================================================
InlineROM: 1
ExposeGlobal: 0
============================================================
+ Verbose Summary: CDFG Model
============================================================
IsTopModel: 0
ResetActiveHigh: 1
IsCombinational: 2
IsDatapathOnly: 2
HasWiredReturn: 1
HasMFsm: 0
HasVarLatency: 1
IsPipeline: 0
IsRtlPipelined: 0
IsInstanceOverlapped: 0
IsDontTouch: 0
HasImplIP: 0
IsGatedGlobalClock: 0


============================================================
+ Verbose Summary: Schedule
============================================================
* Number of FSM states : 9
* Pipeline : 0
* Dataflow Pipeline: 0

* FSM state transitions: 
1 --> 2 
2 --> 3 
3 --> 4 
4 --> 5 6 
5 --> 4 
6 --> 7 
7 --> 8 
8 --> 9 
9 --> 

* FSM state operations: 

State 1 <SV = 0> <Delay = 0.42>
ST_1 : Operation 10 [1/1] (0.00ns)   --->   "%i_2 = alloca i32 1" [MCTSSearcher.cpp:45->MCTSSearcher.cpp:17]   --->   Operation 10 'alloca' 'i_2' <Predicate = true> <Delay = 0.00>
ST_1 : Operation 11 [1/1] (0.00ns)   --->   "%this_rng_0 = alloca i32 1"   --->   Operation 11 'alloca' 'this_rng_0' <Predicate = true> <Delay = 0.00>
ST_1 : Operation 12 [1/1] (0.00ns)   --->   "%this_nextFree_0 = alloca i32 1"   --->   Operation 12 'alloca' 'this_nextFree_0' <Predicate = true> <Delay = 0.00>
ST_1 : Operation 13 [1/1] (0.00ns)   --->   "%boardState_player2_read = read i49 @_ssdm_op_Read.ap_auto.i49, i49 %boardState_player2_s"   --->   Operation 13 'read' 'boardState_player2_read' <Predicate = true> <Delay = 0.00>
ST_1 : Operation 14 [1/1] (0.00ns)   --->   "%boardState_player1_read = read i49 @_ssdm_op_Read.ap_auto.i49, i49 %boardState_player1_s"   --->   Operation 14 'read' 'boardState_player1_read' <Predicate = true> <Delay = 0.00>
ST_1 : Operation 15 [1/1] (0.00ns)   --->   "%this_rng_read_1 = read i6 @_ssdm_op_Read.ap_auto.i6, i6 %this_rng_read"   --->   Operation 15 'read' 'this_rng_read_1' <Predicate = true> <Delay = 0.00>
ST_1 : Operation 16 [1/1] (0.00ns)   --->   "%bestChildNode_loc = alloca i64 1"   --->   Operation 16 'alloca' 'bestChildNode_loc' <Predicate = true> <Delay = 0.00>
ST_1 : Operation 17 [1/1] (0.00ns)   --->   "%numLegalActions_loc = alloca i64 1"   --->   Operation 17 'alloca' 'numLegalActions_loc' <Predicate = true> <Delay = 0.00>
ST_1 : Operation 18 [1/1] (0.00ns)   --->   "%zext_ln64 = zext i6 %this_rng_read_1" [MCTSSearcher.cpp:64]   --->   Operation 18 'zext' 'zext_ln64' <Predicate = true> <Delay = 0.00>
ST_1 : Operation 19 [1/1] (0.00ns) (grouped into LUT with out node gameState_legalActionMap)   --->   "%or_ln23 = or i49 %boardState_player2_read, i49 %boardState_player1_read" [./GameState.h:23->MCTSSearcher.cpp:42->MCTSSearcher.cpp:17]   --->   Operation 19 'or' 'or_ln23' <Predicate = true> <Delay = 0.00> <CoreInst = "LogicGate">   --->   Core 74 'LogicGate' <Latency = 0> <II = 1> <Delay = 0.21> <FuncUnit> <Opcode : 'and' 'or' 'xor'> <InPorts = 2> <OutPorts = 1>
ST_1 : Operation 20 [1/1] (0.21ns) (out node of the LUT)   --->   "%gameState_legalActionMap = xor i49 %or_ln23, i49 562949953421311" [./GameState.h:23->MCTSSearcher.cpp:42->MCTSSearcher.cpp:17]   --->   Operation 20 'xor' 'gameState_legalActionMap' <Predicate = true> <Delay = 0.21> <CoreInst = "LogicGate">   --->   Core 74 'LogicGate' <Latency = 0> <II = 1> <Delay = 0.21> <FuncUnit> <Opcode : 'and' 'or' 'xor'> <InPorts = 2> <OutPorts = 1>
ST_1 : Operation 21 [2/2] (0.00ns)   --->   "%call_ln23 = call void @search_Pipeline_VITIS_LOOP_42_1, i49 %gameState_legalActionMap, i32 %numLegalActions_loc" [./GameState.h:23->MCTSSearcher.cpp:42->MCTSSearcher.cpp:17]   --->   Operation 21 'call' 'call_ln23' <Predicate = true> <Delay = 0.00> <CoreType = "Generic">   --->   Generic Core
ST_1 : Operation 22 [1/1] (0.42ns)   --->   "%store_ln0 = store i32 1, i32 %this_nextFree_0"   --->   Operation 22 'store' 'store_ln0' <Predicate = true> <Delay = 0.42>
ST_1 : Operation 23 [1/1] (0.42ns)   --->   "%store_ln64 = store i64 %zext_ln64, i64 %this_rng_0" [MCTSSearcher.cpp:64]   --->   Operation 23 'store' 'store_ln64' <Predicate = true> <Delay = 0.42>
ST_1 : Operation 24 [1/1] (0.42ns)   --->   "%store_ln45 = store i13 0, i13 %i_2" [MCTSSearcher.cpp:45->MCTSSearcher.cpp:17]   --->   Operation 24 'store' 'store_ln45' <Predicate = true> <Delay = 0.42>

State 2 <SV = 1> <Delay = 1.20>
ST_2 : Operation 25 [1/2] (1.20ns)   --->   "%call_ln23 = call void @search_Pipeline_VITIS_LOOP_42_1, i49 %gameState_legalActionMap, i32 %numLegalActions_loc" [./GameState.h:23->MCTSSearcher.cpp:42->MCTSSearcher.cpp:17]   --->   Operation 25 'call' 'call_ln23' <Predicate = true> <Delay = 1.20> <CoreType = "Generic">   --->   Generic Core

State 3 <SV = 2> <Delay = 1.23>
ST_3 : Operation 26 [1/1] (0.00ns)   --->   "%isRED_read = read i1 @_ssdm_op_Read.ap_auto.i1, i1 %isRED"   --->   Operation 26 'read' 'isRED_read' <Predicate = true> <Delay = 0.00>
ST_3 : Operation 27 [1/1] (0.00ns)   --->   "%boardState_lastMove_read = read i32 @_ssdm_op_Read.ap_auto.i32, i32 %boardState_lastMove_s"   --->   Operation 27 'read' 'boardState_lastMove_read' <Predicate = true> <Delay = 0.00>
ST_3 : Operation 28 [1/1] (0.00ns)   --->   "%boardState_isPlayer1Turn_read = read i1 @_ssdm_op_Read.ap_auto.i1, i1 %boardState_isPlayer1Turn_s"   --->   Operation 28 'read' 'boardState_isPlayer1Turn_read' <Predicate = true> <Delay = 0.00>
ST_3 : Operation 29 [1/1] (0.00ns)   --->   "%this_parents_addr = getelementptr i32 %this_parents, i64 0, i64 0" [MCTSSearcher.cpp:12]   --->   Operation 29 'getelementptr' 'this_parents_addr' <Predicate = true> <Delay = 0.00>
ST_3 : Operation 30 [1/1] ( I:1.23ns O:1.23ns )   --->   "%store_ln12 = store i32 4294967295, i13 %this_parents_addr" [MCTSSearcher.cpp:12]   --->   Operation 30 'store' 'store_ln12' <Predicate = true> <Delay = 1.23> <CoreInst = "RAM">   --->   Core 82 'RAM' <Latency = 1> <II = 1> <Delay = 1.23> <Storage> <Opcode : 'load' 'store'> <Ports = 2> <Width = 32> <Depth = 5100> <RAM>
ST_3 : Operation 31 [1/1] (0.00ns)   --->   "%this_firstChilds_addr = getelementptr i32 %this_firstChilds, i64 0, i64 0" [MCTSSearcher.cpp:13]   --->   Operation 31 'getelementptr' 'this_firstChilds_addr' <Predicate = true> <Delay = 0.00>
ST_3 : Operation 32 [1/1] ( I:1.23ns O:1.23ns )   --->   "%store_ln13 = store i32 4294967295, i13 %this_firstChilds_addr" [MCTSSearcher.cpp:13]   --->   Operation 32 'store' 'store_ln13' <Predicate = true> <Delay = 1.23> <CoreInst = "RAM">   --->   Core 82 'RAM' <Latency = 1> <II = 1> <Delay = 1.23> <Storage> <Opcode : 'load' 'store'> <Ports = 2> <Width = 32> <Depth = 5100> <RAM>
ST_3 : Operation 33 [1/1] (0.00ns)   --->   "%this_isREDs_addr = getelementptr i1 %this_isREDs, i64 0, i64 0" [MCTSSearcher.cpp:15]   --->   Operation 33 'getelementptr' 'this_isREDs_addr' <Predicate = true> <Delay = 0.00>
ST_3 : Operation 34 [1/1] ( I:1.23ns O:1.23ns )   --->   "%store_ln15 = store i1 %isRED_read, i13 %this_isREDs_addr" [MCTSSearcher.cpp:15]   --->   Operation 34 'store' 'store_ln15' <Predicate = true> <Delay = 1.23> <CoreInst = "RAM">   --->   Core 82 'RAM' <Latency = 1> <II = 1> <Delay = 1.23> <Storage> <Opcode : 'load' 'store'> <Ports = 2> <Width = 1> <Depth = 5100> <RAM>
ST_3 : Operation 35 [1/1] (0.00ns)   --->   "%numLegalActions_loc_load = load i32 %numLegalActions_loc"   --->   Operation 35 'load' 'numLegalActions_loc_load' <Predicate = true> <Delay = 0.00>
ST_3 : Operation 36 [1/1] (0.00ns)   --->   "%this_numLegalActions_addr = getelementptr i32 %this_numLegalActions, i64 0, i64 0" [MCTSSearcher.cpp:43->MCTSSearcher.cpp:17]   --->   Operation 36 'getelementptr' 'this_numLegalActions_addr' <Predicate = true> <Delay = 0.00>
ST_3 : Operation 37 [1/1] ( I:1.23ns O:1.23ns )   --->   "%store_ln43 = store i32 %numLegalActions_loc_load, i13 %this_numLegalActions_addr" [MCTSSearcher.cpp:43->MCTSSearcher.cpp:17]   --->   Operation 37 'store' 'store_ln43' <Predicate = true> <Delay = 1.23> <CoreInst = "RAM">   --->   Core 82 'RAM' <Latency = 1> <II = 1> <Delay = 1.23> <Storage> <Opcode : 'load' 'store'> <Ports = 2> <Width = 32> <Depth = 5100> <RAM>
ST_3 : Operation 38 [1/1] (0.00ns)   --->   "%br_ln46 = br void %while.body.i" [MCTSSearcher.cpp:46->MCTSSearcher.cpp:17]   --->   Operation 38 'br' 'br_ln46' <Predicate = true> <Delay = 0.00>

State 4 <SV = 3> <Delay = 1.24>
ST_4 : Operation 39 [1/1] (0.00ns)   --->   "%i = load i13 %i_2" [MCTSSearcher.cpp:48->MCTSSearcher.cpp:17]   --->   Operation 39 'load' 'i' <Predicate = true> <Delay = 0.00>
ST_4 : Operation 40 [1/1] (0.82ns)   --->   "%icmp_ln46 = icmp_eq  i13 %i, i13 5000" [MCTSSearcher.cpp:46->MCTSSearcher.cpp:17]   --->   Operation 40 'icmp' 'icmp_ln46' <Predicate = true> <Delay = 0.82> <CoreInst = "Cmp">   --->   Core 9 'Cmp' <Latency = 0> <II = 1> <Delay = 0.82> <FuncUnit> <Opcode : 'seteq' 'setne' 'setle' 'setge' 'setlt' 'setgt'> <InPorts = 2> <OutPorts = 1>
ST_4 : Operation 41 [1/1] (0.82ns)   --->   "%i_3 = add i13 %i, i13 1" [MCTSSearcher.cpp:48->MCTSSearcher.cpp:17]   --->   Operation 41 'add' 'i_3' <Predicate = true> <Delay = 0.82> <CoreInst = "Adder">   --->   Core 1 'Adder' <Latency = 0> <II = 1> <Delay = 0.82> <FuncUnit> <Opcode : 'add' 'sub'> <InPorts = 2> <OutPorts = 1>
ST_4 : Operation 42 [1/1] (0.00ns)   --->   "%br_ln46 = br i1 %icmp_ln46, void %while.body.i.split, void %_ZN12MCTSSearcherILi5000EE8mainLoopE3HexILj7EE.exit" [MCTSSearcher.cpp:46->MCTSSearcher.cpp:17]   --->   Operation 42 'br' 'br_ln46' <Predicate = true> <Delay = 0.00>
ST_4 : Operation 43 [1/1] (0.00ns)   --->   "%this_rng_0_load = load i64 %this_rng_0" [MCTSSearcher.cpp:47->MCTSSearcher.cpp:17]   --->   Operation 43 'load' 'this_rng_0_load' <Predicate = (!icmp_ln46)> <Delay = 0.00>
ST_4 : Operation 44 [1/1] (0.00ns)   --->   "%this_nextFree_0_load = load i32 %this_nextFree_0" [MCTSSearcher.cpp:47->MCTSSearcher.cpp:17]   --->   Operation 44 'load' 'this_nextFree_0_load' <Predicate = (!icmp_ln46)> <Delay = 0.00>
ST_4 : Operation 45 [2/2] (0.42ns)   --->   "%call_ret = call i96 @forward, i32 %this_visitCounts, i20 %this_meanQ, i32 %this_parents, i32 %this_firstChilds, i32 %this_numChildren, i32 %this_nextSiblings, i32 %this_numLegalActions, i1 %this_terminals, i6 %this_childActions, i49 %this_triedMask, i1 %this_isREDs, i32 %this_logVisitCounts, i32 %this_nextFree_0_load, i64 %this_rng_0_load, i49 %gameState_legalActionMap, i1 %boardState_isPlayer1Turn_read, i32 %boardState_lastMove_read, i49 %boardState_player1_read, i49 %boardState_player2_read, i6 %log_apfixed_reduce_log_inverse_lut_table_array, i22 %log_apfixed_reduce_log0_lut_table_ap_fixed_0_5_64_array, i18 %log_apfixed_reduce_log_lut_table_ap_fixed_4_4_16_array" [MCTSSearcher.cpp:47->MCTSSearcher.cpp:17]   --->   Operation 45 'call' 'call_ret' <Predicate = (!icmp_ln46)> <Delay = 0.42> <CoreType = "Generic">   --->   Generic Core
ST_4 : Operation 46 [1/1] (0.42ns)   --->   "%store_ln45 = store i13 %i_3, i13 %i_2" [MCTSSearcher.cpp:45->MCTSSearcher.cpp:17]   --->   Operation 46 'store' 'store_ln45' <Predicate = (!icmp_ln46)> <Delay = 0.42>
ST_4 : Operation 47 [2/2] (1.23ns)   --->   "%bestChildNode = load i13 %this_firstChilds_addr" [MCTSSearcher.cpp:22]   --->   Operation 47 'load' 'bestChildNode' <Predicate = (icmp_ln46)> <Delay = 1.23> <CoreInst = "RAM">   --->   Core 82 'RAM' <Latency = 1> <II = 1> <Delay = 1.23> <Storage> <Opcode : 'load' 'store'> <Ports = 2> <Width = 32> <Depth = 5100> <RAM>

State 5 <SV = 4> <Delay = 0.42>
ST_5 : Operation 48 [1/1] (0.00ns)   --->   "%speclooptripcount_ln45 = speclooptripcount void @_ssdm_op_SpecLoopTripCount, i64 5000, i64 5000, i64 5000" [MCTSSearcher.cpp:45->MCTSSearcher.cpp:17]   --->   Operation 48 'speclooptripcount' 'speclooptripcount_ln45' <Predicate = true> <Delay = 0.00>
ST_5 : Operation 49 [1/1] (0.00ns)   --->   "%specloopname_ln46 = specloopname void @_ssdm_op_SpecLoopName, void @empty_13" [MCTSSearcher.cpp:46->MCTSSearcher.cpp:17]   --->   Operation 49 'specloopname' 'specloopname_ln46' <Predicate = true> <Delay = 0.00>
ST_5 : Operation 50 [1/2] (0.00ns)   --->   "%call_ret = call i96 @forward, i32 %this_visitCounts, i20 %this_meanQ, i32 %this_parents, i32 %this_firstChilds, i32 %this_numChildren, i32 %this_nextSiblings, i32 %this_numLegalActions, i1 %this_terminals, i6 %this_childActions, i49 %this_triedMask, i1 %this_isREDs, i32 %this_logVisitCounts, i32 %this_nextFree_0_load, i64 %this_rng_0_load, i49 %gameState_legalActionMap, i1 %boardState_isPlayer1Turn_read, i32 %boardState_lastMove_read, i49 %boardState_player1_read, i49 %boardState_player2_read, i6 %log_apfixed_reduce_log_inverse_lut_table_array, i22 %log_apfixed_reduce_log0_lut_table_ap_fixed_0_5_64_array, i18 %log_apfixed_reduce_log_lut_table_ap_fixed_4_4_16_array" [MCTSSearcher.cpp:47->MCTSSearcher.cpp:17]   --->   Operation 50 'call' 'call_ret' <Predicate = true> <Delay = 0.00> <CoreType = "Generic">   --->   Generic Core
ST_5 : Operation 51 [1/1] (0.00ns)   --->   "%this_nextFree_ret = extractvalue i96 %call_ret" [MCTSSearcher.cpp:47->MCTSSearcher.cpp:17]   --->   Operation 51 'extractvalue' 'this_nextFree_ret' <Predicate = true> <Delay = 0.00>
ST_5 : Operation 52 [1/1] (0.00ns)   --->   "%this_rng_ret = extractvalue i96 %call_ret" [MCTSSearcher.cpp:47->MCTSSearcher.cpp:17]   --->   Operation 52 'extractvalue' 'this_rng_ret' <Predicate = true> <Delay = 0.00>
ST_5 : Operation 53 [1/1] (0.42ns)   --->   "%store_ln47 = store i32 %this_nextFree_ret, i32 %this_nextFree_0" [MCTSSearcher.cpp:47->MCTSSearcher.cpp:17]   --->   Operation 53 'store' 'store_ln47' <Predicate = true> <Delay = 0.42>
ST_5 : Operation 54 [1/1] (0.42ns)   --->   "%store_ln47 = store i64 %this_rng_ret, i64 %this_rng_0" [MCTSSearcher.cpp:47->MCTSSearcher.cpp:17]   --->   Operation 54 'store' 'store_ln47' <Predicate = true> <Delay = 0.42>
ST_5 : Operation 55 [1/1] (0.00ns)   --->   "%br_ln46 = br void %while.body.i" [MCTSSearcher.cpp:46->MCTSSearcher.cpp:17]   --->   Operation 55 'br' 'br_ln46' <Predicate = true> <Delay = 0.00>

State 6 <SV = 4> <Delay = 2.90>
ST_6 : Operation 56 [1/2] ( I:1.23ns O:1.23ns )   --->   "%bestChildNode = load i13 %this_firstChilds_addr" [MCTSSearcher.cpp:22]   --->   Operation 56 'load' 'bestChildNode' <Predicate = true> <Delay = 1.23> <CoreInst = "RAM">   --->   Core 82 'RAM' <Latency = 1> <II = 1> <Delay = 1.23> <Storage> <Opcode : 'load' 'store'> <Ports = 2> <Width = 32> <Depth = 5100> <RAM>
ST_6 : Operation 57 [2/2] (1.66ns)   --->   "%call_ln22 = call void @search_Pipeline_VITIS_LOOP_27_1, i32 %bestChildNode, i32 %this_visitCounts, i32 %this_nextSiblings, i13 %bestChildNode_loc" [MCTSSearcher.cpp:22]   --->   Operation 57 'call' 'call_ln22' <Predicate = true> <Delay = 1.66> <CoreType = "Generic">   --->   Generic Core

State 7 <SV = 5> <Delay = 0.00>
ST_7 : Operation 58 [1/2] (0.00ns)   --->   "%call_ln22 = call void @search_Pipeline_VITIS_LOOP_27_1, i32 %bestChildNode, i32 %this_visitCounts, i32 %this_nextSiblings, i13 %bestChildNode_loc" [MCTSSearcher.cpp:22]   --->   Operation 58 'call' 'call_ln22' <Predicate = true> <Delay = 0.00> <CoreType = "Generic">   --->   Generic Core

State 8 <SV = 6> <Delay = 1.23>
ST_8 : Operation 59 [1/1] (0.00ns)   --->   "%bestChildNode_loc_load = load i13 %bestChildNode_loc"   --->   Operation 59 'load' 'bestChildNode_loc_load' <Predicate = true> <Delay = 0.00>
ST_8 : Operation 60 [1/1] (0.00ns)   --->   "%zext_ln36 = zext i13 %bestChildNode_loc_load" [MCTSSearcher.cpp:36]   --->   Operation 60 'zext' 'zext_ln36' <Predicate = true> <Delay = 0.00>
ST_8 : Operation 61 [1/1] (0.00ns)   --->   "%this_childActions_addr = getelementptr i6 %this_childActions, i64 0, i64 %zext_ln36" [MCTSSearcher.cpp:36]   --->   Operation 61 'getelementptr' 'this_childActions_addr' <Predicate = true> <Delay = 0.00>
ST_8 : Operation 62 [2/2] (1.23ns)   --->   "%this_childActions_load = load i13 %this_childActions_addr" [MCTSSearcher.cpp:36]   --->   Operation 62 'load' 'this_childActions_load' <Predicate = true> <Delay = 1.23> <CoreInst = "RAM">   --->   Core 82 'RAM' <Latency = 1> <II = 1> <Delay = 1.23> <Storage> <Opcode : 'load' 'store'> <Ports = 2> <Width = 6> <Depth = 5100> <RAM>

State 9 <SV = 7> <Delay = 1.23>
ST_9 : Operation 63 [1/2] ( I:1.23ns O:1.23ns )   --->   "%this_childActions_load = load i13 %this_childActions_addr" [MCTSSearcher.cpp:36]   --->   Operation 63 'load' 'this_childActions_load' <Predicate = true> <Delay = 1.23> <CoreInst = "RAM">   --->   Core 82 'RAM' <Latency = 1> <II = 1> <Delay = 1.23> <Storage> <Opcode : 'load' 'store'> <Ports = 2> <Width = 6> <Depth = 5100> <RAM>
ST_9 : Operation 64 [1/1] (0.00ns)   --->   "%ret_ln36 = ret i6 %this_childActions_load" [MCTSSearcher.cpp:36]   --->   Operation 64 'ret' 'ret_ln36' <Predicate = true> <Delay = 0.00>


============================================================
+ Verbose Summary: Binding
============================================================
STG Binding: 
---------------- STG Properties BEGIN ----------------
- Is combinational: 0
- Is one-state seq: 0
- Is datapath-only: 0
- Is pipelined: 0
- Is top level: 0
Port [ Return ] is wired: 1; IO mode=ap_ctrl_hs:ce=0
Port [ this_visitCounts]:  wired=1; compound=1; hidden=0; nouse=0; global=0; static=0; extern=0; dir=2; type=1; pingpong=0; private_global=0; MemPort=[23]; IO mode=ap_memory:ce=0
Port [ this_meanQ]:  wired=1; compound=1; hidden=0; nouse=0; global=0; static=0; extern=0; dir=2; type=1; pingpong=0; private_global=0; MemPort=[23]; IO mode=ap_memory:ce=0
Port [ this_parents]:  wired=1; compound=1; hidden=0; nouse=0; global=0; static=0; extern=0; dir=2; type=1; pingpong=0; private_global=0; MemPort=[23]; IO mode=ap_memory:ce=0
Port [ this_firstChilds]:  wired=1; compound=1; hidden=0; nouse=0; global=0; static=0; extern=0; dir=2; type=1; pingpong=0; private_global=0; MemPort=[23]; IO mode=ap_memory:ce=0
Port [ this_numChildren]:  wired=1; compound=1; hidden=0; nouse=0; global=0; static=0; extern=0; dir=2; type=1; pingpong=0; private_global=0; MemPort=[23]; IO mode=ap_memory:ce=0
Port [ this_nextSiblings]:  wired=1; compound=1; hidden=0; nouse=0; global=0; static=0; extern=0; dir=2; type=1; pingpong=0; private_global=0; MemPort=[23]; IO mode=ap_memory:ce=0
Port [ this_numLegalActions]:  wired=1; compound=1; hidden=0; nouse=0; global=0; static=0; extern=0; dir=2; type=1; pingpong=0; private_global=0; MemPort=[23]; IO mode=ap_memory:ce=0
Port [ this_terminals]:  wired=1; compound=1; hidden=0; nouse=0; global=0; static=0; extern=0; dir=2; type=1; pingpong=0; private_global=0; MemPort=[23]; IO mode=ap_memory:ce=0
Port [ this_childActions]:  wired=1; compound=1; hidden=0; nouse=0; global=0; static=0; extern=0; dir=2; type=1; pingpong=0; private_global=0; MemPort=[23]; IO mode=ap_memory:ce=0
Port [ this_triedMask]:  wired=1; compound=1; hidden=0; nouse=0; global=0; static=0; extern=0; dir=2; type=1; pingpong=0; private_global=0; MemPort=[23]; IO mode=ap_memory:ce=0
Port [ this_isREDs]:  wired=1; compound=1; hidden=0; nouse=0; global=0; static=0; extern=0; dir=2; type=1; pingpong=0; private_global=0; MemPort=[23]; IO mode=ap_memory:ce=0
Port [ this_logVisitCounts]:  wired=1; compound=1; hidden=0; nouse=0; global=0; static=0; extern=0; dir=2; type=1; pingpong=0; private_global=0; MemPort=[23]; IO mode=ap_memory:ce=0
Port [ this_rng_read]:  wired=1; compound=0; hidden=0; nouse=0; global=0; static=0; extern=0; dir=0; type=0; pingpong=0; private_global=0; IO mode=ap_none:ce=0
Port [ boardState_isPlayer1Turn_s]:  wired=1; compound=0; hidden=0; nouse=0; global=0; static=0; extern=0; dir=0; type=0; pingpong=0; private_global=0; IO mode=ap_none:ce=0
Port [ boardState_lastMove_s]:  wired=1; compound=0; hidden=0; nouse=0; global=0; static=0; extern=0; dir=0; type=0; pingpong=0; private_global=0; IO mode=ap_none:ce=0
Port [ boardState_player1_s]:  wired=1; compound=0; hidden=0; nouse=0; global=0; static=0; extern=0; dir=0; type=0; pingpong=0; private_global=0; IO mode=ap_none:ce=0
Port [ boardState_player2_s]:  wired=1; compound=0; hidden=0; nouse=0; global=0; static=0; extern=0; dir=0; type=0; pingpong=0; private_global=0; IO mode=ap_none:ce=0
Port [ isRED]:  wired=1; compound=0; hidden=0; nouse=0; global=0; static=0; extern=0; dir=0; type=0; pingpong=0; private_global=0; IO mode=ap_none:ce=0
Port [ log_apfixed_reduce_log_inverse_lut_table_array]:  wired=0; compound=1; hidden=1; nouse=1; global=1; static=1; extern=0; dir=0; type=1; pingpong=0; private_global=0; MemPort=[1]; IO mode=ap_memory:ce=0
Port [ log_apfixed_reduce_log0_lut_table_ap_fixed_0_5_64_array]:  wired=0; compound=1; hidden=1; nouse=1; global=1; static=1; extern=0; dir=0; type=1; pingpong=0; private_global=0; MemPort=[1]; IO mode=ap_memory:ce=0
Port [ log_apfixed_reduce_log_lut_table_ap_fixed_4_4_16_array]:  wired=0; compound=1; hidden=1; nouse=1; global=1; static=1; extern=0; dir=0; type=1; pingpong=0; private_global=0; MemPort=[1]; IO mode=ap_memory:ce=0
---------------- STG Properties END ------------------

---------------- Datapath Model BEGIN ----------------

<LifeTime>
<method=bitvector/>
i_2                           (alloca           ) [ 0111110000]
this_rng_0                    (alloca           ) [ 0111110000]
this_nextFree_0               (alloca           ) [ 0111110000]
boardState_player2_read       (read             ) [ 0011110000]
boardState_player1_read       (read             ) [ 0011110000]
this_rng_read_1               (read             ) [ 0000000000]
bestChildNode_loc             (alloca           ) [ 0011111110]
numLegalActions_loc           (alloca           ) [ 0111000000]
zext_ln64                     (zext             ) [ 0000000000]
or_ln23                       (or               ) [ 0000000000]
gameState_legalActionMap      (xor              ) [ 0011110000]
store_ln0                     (store            ) [ 0000000000]
store_ln64                    (store            ) [ 0000000000]
store_ln45                    (store            ) [ 0000000000]
call_ln23                     (call             ) [ 0000000000]
isRED_read                    (read             ) [ 0000000000]
boardState_lastMove_read      (read             ) [ 0000110000]
boardState_isPlayer1Turn_read (read             ) [ 0000110000]
this_parents_addr             (getelementptr    ) [ 0000000000]
store_ln12                    (store            ) [ 0000000000]
this_firstChilds_addr         (getelementptr    ) [ 0000111000]
store_ln13                    (store            ) [ 0000000000]
this_isREDs_addr              (getelementptr    ) [ 0000000000]
store_ln15                    (store            ) [ 0000000000]
numLegalActions_loc_load      (load             ) [ 0000000000]
this_numLegalActions_addr     (getelementptr    ) [ 0000000000]
store_ln43                    (store            ) [ 0000000000]
br_ln46                       (br               ) [ 0000000000]
i                             (load             ) [ 0000000000]
icmp_ln46                     (icmp             ) [ 0000110000]
i_3                           (add              ) [ 0000000000]
br_ln46                       (br               ) [ 0000000000]
this_rng_0_load               (load             ) [ 0000010000]
this_nextFree_0_load          (load             ) [ 0000010000]
store_ln45                    (store            ) [ 0000000000]
speclooptripcount_ln45        (speclooptripcount) [ 0000000000]
specloopname_ln46             (specloopname     ) [ 0000000000]
call_ret                      (call             ) [ 0000000000]
this_nextFree_ret             (extractvalue     ) [ 0000000000]
this_rng_ret                  (extractvalue     ) [ 0000000000]
store_ln47                    (store            ) [ 0000000000]
store_ln47                    (store            ) [ 0000000000]
br_ln46                       (br               ) [ 0000000000]
bestChildNode                 (load             ) [ 0000000100]
call_ln22                     (call             ) [ 0000000000]
bestChildNode_loc_load        (load             ) [ 0000000000]
zext_ln36                     (zext             ) [ 0000000000]
this_childActions_addr        (getelementptr    ) [ 0000000001]
this_childActions_load        (load             ) [ 0000000000]
ret_ln36                      (ret              ) [ 0000000000]
</LifeTime>

<model>

<comp_list>
<comp id="0" class="1000" name="this_visitCounts">
<pin_list>
<pin id="1" dir="1" index="0" bw="1" slack="0"/>
</pin_list>
<bind>
<StgValue><ssdm name="this_visitCounts"/><MemPortTyVec>2 3 </MemPortTyVec>
</StgValue>
</bind>
</comp>

<comp id="2" class="1000" name="this_meanQ">
<pin_list>
<pin id="3" dir="1" index="0" bw="1" slack="0"/>
</pin_list>
<bind>
<StgValue><ssdm name="this_meanQ"/><MemPortTyVec>2 3 </MemPortTyVec>
</StgValue>
</bind>
</comp>

<comp id="4" class="1000" name="this_parents">
<pin_list>
<pin id="5" dir="1" index="0" bw="1" slack="0"/>
</pin_list>
<bind>
<StgValue><ssdm name="this_parents"/><MemPortTyVec>2 3 </MemPortTyVec>
</StgValue>
</bind>
</comp>

<comp id="6" class="1000" name="this_firstChilds">
<pin_list>
<pin id="7" dir="1" index="0" bw="1" slack="0"/>
</pin_list>
<bind>
<StgValue><ssdm name="this_firstChilds"/><MemPortTyVec>2 3 </MemPortTyVec>
</StgValue>
</bind>
</comp>

<comp id="8" class="1000" name="this_numChildren">
<pin_list>
<pin id="9" dir="1" index="0" bw="1" slack="0"/>
</pin_list>
<bind>
<StgValue><ssdm name="this_numChildren"/><MemPortTyVec>2 3 </MemPortTyVec>
</StgValue>
</bind>
</comp>

<comp id="10" class="1000" name="this_nextSiblings">
<pin_list>
<pin id="11" dir="1" index="0" bw="1" slack="0"/>
</pin_list>
<bind>
<StgValue><ssdm name="this_nextSiblings"/><MemPortTyVec>2 3 </MemPortTyVec>
</StgValue>
</bind>
</comp>

<comp id="12" class="1000" name="this_numLegalActions">
<pin_list>
<pin id="13" dir="1" index="0" bw="1" slack="0"/>
</pin_list>
<bind>
<StgValue><ssdm name="this_numLegalActions"/><MemPortTyVec>2 3 </MemPortTyVec>
</StgValue>
</bind>
</comp>

<comp id="14" class="1000" name="this_terminals">
<pin_list>
<pin id="15" dir="1" index="0" bw="1" slack="0"/>
</pin_list>
<bind>
<StgValue><ssdm name="this_terminals"/><MemPortTyVec>2 3 </MemPortTyVec>
</StgValue>
</bind>
</comp>

<comp id="16" class="1000" name="this_childActions">
<pin_list>
<pin id="17" dir="1" index="0" bw="1" slack="0"/>
</pin_list>
<bind>
<StgValue><ssdm name="this_childActions"/><MemPortTyVec>2 3 </MemPortTyVec>
</StgValue>
</bind>
</comp>

<comp id="18" class="1000" name="this_triedMask">
<pin_list>
<pin id="19" dir="1" index="0" bw="1" slack="0"/>
</pin_list>
<bind>
<StgValue><ssdm name="this_triedMask"/><MemPortTyVec>2 3 </MemPortTyVec>
</StgValue>
</bind>
</comp>

<comp id="20" class="1000" name="this_isREDs">
<pin_list>
<pin id="21" dir="1" index="0" bw="1" slack="0"/>
</pin_list>
<bind>
<StgValue><ssdm name="this_isREDs"/><MemPortTyVec>2 3 </MemPortTyVec>
</StgValue>
</bind>
</comp>

<comp id="22" class="1000" name="this_logVisitCounts">
<pin_list>
<pin id="23" dir="1" index="0" bw="1" slack="0"/>
</pin_list>
<bind>
<StgValue><ssdm name="this_logVisitCounts"/><MemPortTyVec>2 3 </MemPortTyVec>
</StgValue>
</bind>
</comp>

<comp id="24" class="1000" name="this_rng_read">
<pin_list>
<pin id="25" dir="1" index="0" bw="1" slack="0"/>
</pin_list>
<bind>
<StgValue><ssdm name="this_rng_read"/></StgValue>
</bind>
</comp>

<comp id="26" class="1000" name="boardState_isPlayer1Turn_s">
<pin_list>
<pin id="27" dir="1" index="0" bw="1" slack="0"/>
</pin_list>
<bind>
<StgValue><ssdm name="boardState_isPlayer1Turn_s"/></StgValue>
</bind>
</comp>

<comp id="28" class="1000" name="boardState_lastMove_s">
<pin_list>
<pin id="29" dir="1" index="0" bw="1" slack="0"/>
</pin_list>
<bind>
<StgValue><ssdm name="boardState_lastMove_s"/></StgValue>
</bind>
</comp>

<comp id="30" class="1000" name="boardState_player1_s">
<pin_list>
<pin id="31" dir="1" index="0" bw="1" slack="0"/>
</pin_list>
<bind>
<StgValue><ssdm name="boardState_player1_s"/></StgValue>
</bind>
</comp>

<comp id="32" class="1000" name="boardState_player2_s">
<pin_list>
<pin id="33" dir="1" index="0" bw="1" slack="0"/>
</pin_list>
<bind>
<StgValue><ssdm name="boardState_player2_s"/></StgValue>
</bind>
</comp>

<comp id="34" class="1000" name="isRED">
<pin_list>
<pin id="35" dir="1" index="0" bw="1" slack="0"/>
</pin_list>
<bind>
<StgValue><ssdm name="isRED"/></StgValue>
</bind>
</comp>

<comp id="36" class="1000" name="log_apfixed_reduce_log_inverse_lut_table_array">
<pin_list>
<pin id="37" dir="1" index="0" bw="1" slack="0"/>
</pin_list>
<bind>
<StgValue><ssdm name="log_apfixed_reduce_log_inverse_lut_table_array"/><MemPortTyVec>1 </MemPortTyVec>
</StgValue>
</bind>
</comp>

<comp id="38" class="1000" name="log_apfixed_reduce_log0_lut_table_ap_fixed_0_5_64_array">
<pin_list>
<pin id="39" dir="1" index="0" bw="1" slack="0"/>
</pin_list>
<bind>
<StgValue><ssdm name="log_apfixed_reduce_log0_lut_table_ap_fixed_0_5_64_array"/><MemPortTyVec>1 </MemPortTyVec>
</StgValue>
</bind>
</comp>

<comp id="40" class="1000" name="log_apfixed_reduce_log_lut_table_ap_fixed_4_4_16_array">
<pin_list>
<pin id="41" dir="1" index="0" bw="1" slack="0"/>
</pin_list>
<bind>
<StgValue><ssdm name="log_apfixed_reduce_log_lut_table_ap_fixed_4_4_16_array"/><MemPortTyVec>1 </MemPortTyVec>
</StgValue>
</bind>
</comp>

<comp id="42" class="1001" name="const_42">
<pin_list>
<pin id="43" dir="1" index="0" bw="1" slack="0"/>
</pin_list>
<bind>
<StgValue><ssdm name=""/></StgValue>
</bind>
</comp>

<comp id="44" class="1001" name="const_44">
<pin_list>
<pin id="45" dir="1" index="0" bw="1" slack="0"/>
</pin_list>
<bind>
<StgValue><ssdm name="_ssdm_op_Read.ap_auto.i49"/></StgValue>
</bind>
</comp>

<comp id="46" class="1001" name="const_46">
<pin_list>
<pin id="47" dir="1" index="0" bw="1" slack="0"/>
</pin_list>
<bind>
<StgValue><ssdm name="_ssdm_op_Read.ap_auto.i6"/></StgValue>
</bind>
</comp>

<comp id="48" class="1001" name="const_48">
<pin_list>
<pin id="49" dir="1" index="0" bw="1" slack="0"/>
</pin_list>
<bind>
<StgValue><ssdm name=""/></StgValue>
</bind>
</comp>

<comp id="50" class="1001" name="const_50">
<pin_list>
<pin id="51" dir="1" index="0" bw="1" slack="0"/>
</pin_list>
<bind>
<StgValue><ssdm name=""/></StgValue>
</bind>
</comp>

<comp id="52" class="1001" name="const_52">
<pin_list>
<pin id="53" dir="1" index="0" bw="1" slack="0"/>
</pin_list>
<bind>
<StgValue><ssdm name="search_Pipeline_VITIS_LOOP_42_1"/></StgValue>
</bind>
</comp>

<comp id="54" class="1001" name="const_54">
<pin_list>
<pin id="55" dir="1" index="0" bw="1" slack="0"/>
</pin_list>
<bind>
<StgValue><ssdm name=""/></StgValue>
</bind>
</comp>

<comp id="56" class="1001" name="const_56">
<pin_list>
<pin id="57" dir="1" index="0" bw="1" slack="0"/>
</pin_list>
<bind>
<StgValue><ssdm name="_ssdm_op_Read.ap_auto.i1"/></StgValue>
</bind>
</comp>

<comp id="58" class="1001" name="const_58">
<pin_list>
<pin id="59" dir="1" index="0" bw="1" slack="0"/>
</pin_list>
<bind>
<StgValue><ssdm name="_ssdm_op_Read.ap_auto.i32"/></StgValue>
</bind>
</comp>

<comp id="60" class="1001" name="const_60">
<pin_list>
<pin id="61" dir="1" index="0" bw="1" slack="0"/>
</pin_list>
<bind>
<StgValue><ssdm name=""/></StgValue>
</bind>
</comp>

<comp id="62" class="1001" name="const_62">
<pin_list>
<pin id="63" dir="1" index="0" bw="1" slack="0"/>
</pin_list>
<bind>
<StgValue><ssdm name=""/></StgValue>
</bind>
</comp>

<comp id="64" class="1001" name="const_64">
<pin_list>
<pin id="65" dir="1" index="0" bw="1" slack="0"/>
</pin_list>
<bind>
<StgValue><ssdm name=""/></StgValue>
</bind>
</comp>

<comp id="66" class="1001" name="const_66">
<pin_list>
<pin id="67" dir="1" index="0" bw="1" slack="0"/>
</pin_list>
<bind>
<StgValue><ssdm name=""/></StgValue>
</bind>
</comp>

<comp id="68" class="1001" name="const_68">
<pin_list>
<pin id="69" dir="1" index="0" bw="1" slack="0"/>
</pin_list>
<bind>
<StgValue><ssdm name="forward"/></StgValue>
</bind>
</comp>

<comp id="70" class="1001" name="const_70">
<pin_list>
<pin id="71" dir="1" index="0" bw="1" slack="2147483647"/>
</pin_list>
<bind>
<StgValue><ssdm name="_ssdm_op_SpecLoopTripCount"/></StgValue>
</bind>
</comp>

<comp id="72" class="1001" name="const_72">
<pin_list>
<pin id="73" dir="1" index="0" bw="1" slack="2147483647"/>
</pin_list>
<bind>
<StgValue><ssdm name=""/></StgValue>
</bind>
</comp>

<comp id="74" class="1001" name="const_74">
<pin_list>
<pin id="75" dir="1" index="0" bw="1" slack="2147483647"/>
</pin_list>
<bind>
<StgValue><ssdm name="_ssdm_op_SpecLoopName"/></StgValue>
</bind>
</comp>

<comp id="76" class="1001" name="const_76">
<pin_list>
<pin id="77" dir="1" index="0" bw="1" slack="2147483647"/>
</pin_list>
<bind>
<StgValue><ssdm name="empty_13"/></StgValue>
</bind>
</comp>

<comp id="78" class="1001" name="const_78">
<pin_list>
<pin id="79" dir="1" index="0" bw="1" slack="0"/>
</pin_list>
<bind>
<StgValue><ssdm name="search_Pipeline_VITIS_LOOP_27_1"/></StgValue>
</bind>
</comp>

<comp id="80" class="1004" name="i_2_fu_80">
<pin_list>
<pin id="81" dir="0" index="0" bw="1" slack="0"/>
<pin id="82" dir="1" index="1" bw="13" slack="0"/>
</pin_list>
<bind>
<opcode="alloca(26) " fcode="alloca"/>
<opset="i_2/1 "/>
</bind>
</comp>

<comp id="84" class="1004" name="this_rng_0_fu_84">
<pin_list>
<pin id="85" dir="0" index="0" bw="1" slack="0"/>
<pin id="86" dir="1" index="1" bw="64" slack="0"/>
</pin_list>
<bind>
<opcode="alloca(26) " fcode="alloca"/>
<opset="this_rng_0/1 "/>
</bind>
</comp>

<comp id="88" class="1004" name="this_nextFree_0_fu_88">
<pin_list>
<pin id="89" dir="0" index="0" bw="1" slack="0"/>
<pin id="90" dir="1" index="1" bw="32" slack="0"/>
</pin_list>
<bind>
<opcode="alloca(26) " fcode="alloca"/>
<opset="this_nextFree_0/1 "/>
</bind>
</comp>

<comp id="92" class="1004" name="bestChildNode_loc_fu_92">
<pin_list>
<pin id="93" dir="0" index="0" bw="1" slack="0"/>
<pin id="94" dir="1" index="1" bw="13" slack="4"/>
</pin_list>
<bind>
<opcode="alloca(26) " fcode="alloca"/>
<opset="bestChildNode_loc/1 "/>
</bind>
</comp>

<comp id="96" class="1004" name="numLegalActions_loc_fu_96">
<pin_list>
<pin id="97" dir="0" index="0" bw="1" slack="0"/>
<pin id="98" dir="1" index="1" bw="32" slack="0"/>
</pin_list>
<bind>
<opcode="alloca(26) " fcode="alloca"/>
<opset="numLegalActions_loc/1 "/>
</bind>
</comp>

<comp id="100" class="1004" name="boardState_player2_read_read_fu_100">
<pin_list>
<pin id="101" dir="0" index="0" bw="49" slack="0"/>
<pin id="102" dir="0" index="1" bw="49" slack="0"/>
<pin id="103" dir="1" index="2" bw="49" slack="0"/>
</pin_list>
<bind>
<opcode="read(1150) " fcode="read"/>
<opset="boardState_player2_read/1 "/>
</bind>
</comp>

<comp id="106" class="1004" name="boardState_player1_read_read_fu_106">
<pin_list>
<pin id="107" dir="0" index="0" bw="49" slack="0"/>
<pin id="108" dir="0" index="1" bw="49" slack="0"/>
<pin id="109" dir="1" index="2" bw="49" slack="0"/>
</pin_list>
<bind>
<opcode="read(1150) " fcode="read"/>
<opset="boardState_player1_read/1 "/>
</bind>
</comp>

<comp id="112" class="1004" name="this_rng_read_1_read_fu_112">
<pin_list>
<pin id="113" dir="0" index="0" bw="6" slack="0"/>
<pin id="114" dir="0" index="1" bw="6" slack="0"/>
<pin id="115" dir="1" index="2" bw="6" slack="0"/>
</pin_list>
<bind>
<opcode="read(1150) " fcode="read"/>
<opset="this_rng_read_1/1 "/>
</bind>
</comp>

<comp id="118" class="1004" name="isRED_read_read_fu_118">
<pin_list>
<pin id="119" dir="0" index="0" bw="1" slack="0"/>
<pin id="120" dir="0" index="1" bw="1" slack="0"/>
<pin id="121" dir="1" index="2" bw="1" slack="0"/>
</pin_list>
<bind>
<opcode="read(1150) " fcode="read"/>
<opset="isRED_read/3 "/>
</bind>
</comp>

<comp id="124" class="1004" name="boardState_lastMove_read_read_fu_124">
<pin_list>
<pin id="125" dir="0" index="0" bw="32" slack="0"/>
<pin id="126" dir="0" index="1" bw="32" slack="0"/>
<pin id="127" dir="1" index="2" bw="32" slack="1"/>
</pin_list>
<bind>
<opcode="read(1150) " fcode="read"/>
<opset="boardState_lastMove_read/3 "/>
</bind>
</comp>

<comp id="130" class="1004" name="boardState_isPlayer1Turn_read_read_fu_130">
<pin_list>
<pin id="131" dir="0" index="0" bw="1" slack="0"/>
<pin id="132" dir="0" index="1" bw="1" slack="0"/>
<pin id="133" dir="1" index="2" bw="1" slack="1"/>
</pin_list>
<bind>
<opcode="read(1150) " fcode="read"/>
<opset="boardState_isPlayer1Turn_read/3 "/>
</bind>
</comp>

<comp id="136" class="1004" name="this_parents_addr_gep_fu_136">
<pin_list>
<pin id="137" dir="0" index="0" bw="32" slack="0"/>
<pin id="138" dir="0" index="1" bw="1" slack="0"/>
<pin id="139" dir="0" index="2" bw="1" slack="0"/>
<pin id="140" dir="1" index="3" bw="13" slack="0"/>
</pin_list>
<bind>
<opcode="getelementptr(29) " fcode="getelementptr"/>
<opset="this_parents_addr/3 "/>
</bind>
</comp>

<comp id="144" class="1004" name="store_ln12_access_fu_144">
<pin_list>
<pin id="145" dir="0" index="0" bw="13" slack="0"/>
<pin id="146" dir="0" index="1" bw="32" slack="0"/>
<pin id="147" dir="0" index="2" bw="0" slack="2147483647"/>
<pin id="148" dir="1" index="3" bw="32" slack="2147483647"/>
</pin_list>
<bind>
<opcode="store(28) " fcode="store"/>
<opset="store_ln12/3 "/>
</bind>
</comp>

<comp id="151" class="1004" name="this_firstChilds_addr_gep_fu_151">
<pin_list>
<pin id="152" dir="0" index="0" bw="32" slack="0"/>
<pin id="153" dir="0" index="1" bw="1" slack="0"/>
<pin id="154" dir="0" index="2" bw="1" slack="0"/>
<pin id="155" dir="1" index="3" bw="13" slack="0"/>
</pin_list>
<bind>
<opcode="getelementptr(29) " fcode="getelementptr"/>
<opset="this_firstChilds_addr/3 "/>
</bind>
</comp>

<comp id="159" class="1004" name="grp_access_fu_159">
<pin_list>
<pin id="160" dir="0" index="0" bw="13" slack="0"/>
<pin id="161" dir="0" index="1" bw="32" slack="0"/>
<pin id="162" dir="0" index="2" bw="0" slack="2147483647"/>
<pin id="163" dir="1" index="3" bw="32" slack="0"/>
</pin_list>
<bind>
<opcode="load(27) store(28) " fcode="load"/>
<opset="store_ln13/3 bestChildNode/4 "/>
</bind>
</comp>

<comp id="166" class="1004" name="this_isREDs_addr_gep_fu_166">
<pin_list>
<pin id="167" dir="0" index="0" bw="1" slack="0"/>
<pin id="168" dir="0" index="1" bw="1" slack="0"/>
<pin id="169" dir="0" index="2" bw="1" slack="0"/>
<pin id="170" dir="1" index="3" bw="13" slack="0"/>
</pin_list>
<bind>
<opcode="getelementptr(29) " fcode="getelementptr"/>
<opset="this_isREDs_addr/3 "/>
</bind>
</comp>

<comp id="174" class="1004" name="store_ln15_access_fu_174">
<pin_list>
<pin id="175" dir="0" index="0" bw="13" slack="0"/>
<pin id="176" dir="0" index="1" bw="1" slack="0"/>
<pin id="177" dir="0" index="2" bw="0" slack="2147483647"/>
<pin id="178" dir="1" index="3" bw="1" slack="2147483647"/>
</pin_list>
<bind>
<opcode="store(28) " fcode="store"/>
<opset="store_ln15/3 "/>
</bind>
</comp>

<comp id="181" class="1004" name="this_numLegalActions_addr_gep_fu_181">
<pin_list>
<pin id="182" dir="0" index="0" bw="32" slack="0"/>
<pin id="183" dir="0" index="1" bw="1" slack="0"/>
<pin id="184" dir="0" index="2" bw="1" slack="0"/>
<pin id="185" dir="1" index="3" bw="13" slack="0"/>
</pin_list>
<bind>
<opcode="getelementptr(29) " fcode="getelementptr"/>
<opset="this_numLegalActions_addr/3 "/>
</bind>
</comp>

<comp id="189" class="1004" name="store_ln43_access_fu_189">
<pin_list>
<pin id="190" dir="0" index="0" bw="13" slack="0"/>
<pin id="191" dir="0" index="1" bw="32" slack="0"/>
<pin id="192" dir="0" index="2" bw="0" slack="2147483647"/>
<pin id="193" dir="1" index="3" bw="32" slack="2147483647"/>
</pin_list>
<bind>
<opcode="store(28) " fcode="store"/>
<opset="store_ln43/3 "/>
</bind>
</comp>

<comp id="195" class="1004" name="this_childActions_addr_gep_fu_195">
<pin_list>
<pin id="196" dir="0" index="0" bw="6" slack="0"/>
<pin id="197" dir="0" index="1" bw="1" slack="0"/>
<pin id="198" dir="0" index="2" bw="13" slack="0"/>
<pin id="199" dir="1" index="3" bw="13" slack="0"/>
</pin_list>
<bind>
<opcode="getelementptr(29) " fcode="getelementptr"/>
<opset="this_childActions_addr/8 "/>
</bind>
</comp>

<comp id="202" class="1004" name="grp_access_fu_202">
<pin_list>
<pin id="203" dir="0" index="0" bw="13" slack="0"/>
<pin id="204" dir="0" index="1" bw="6" slack="2147483647"/>
<pin id="205" dir="0" index="2" bw="0" slack="2147483647"/>
<pin id="206" dir="1" index="3" bw="6" slack="2147483647"/>
</pin_list>
<bind>
<opcode="load(27) " fcode="load"/>
<opset="this_childActions_load/8 "/>
</bind>
</comp>

<comp id="208" class="1004" name="grp_search_Pipeline_VITIS_LOOP_42_1_fu_208">
<pin_list>
<pin id="209" dir="0" index="0" bw="0" slack="0"/>
<pin id="210" dir="0" index="1" bw="49" slack="0"/>
<pin id="211" dir="0" index="2" bw="32" slack="0"/>
<pin id="212" dir="1" index="3" bw="0" slack="2147483647"/>
</pin_list>
<bind>
<opcode="call(48) " fcode="call"/>
<opset="call_ln23/1 "/>
</bind>
</comp>

<comp id="214" class="1004" name="grp_forward_fu_214">
<pin_list>
<pin id="215" dir="0" index="0" bw="96" slack="0"/>
<pin id="216" dir="0" index="1" bw="32" slack="0"/>
<pin id="217" dir="0" index="2" bw="20" slack="0"/>
<pin id="218" dir="0" index="3" bw="32" slack="0"/>
<pin id="219" dir="0" index="4" bw="32" slack="0"/>
<pin id="220" dir="0" index="5" bw="32" slack="0"/>
<pin id="221" dir="0" index="6" bw="32" slack="0"/>
<pin id="222" dir="0" index="7" bw="32" slack="0"/>
<pin id="223" dir="0" index="8" bw="1" slack="0"/>
<pin id="224" dir="0" index="9" bw="6" slack="0"/>
<pin id="225" dir="0" index="10" bw="49" slack="0"/>
<pin id="226" dir="0" index="11" bw="1" slack="0"/>
<pin id="227" dir="0" index="12" bw="32" slack="0"/>
<pin id="228" dir="0" index="13" bw="32" slack="0"/>
<pin id="229" dir="0" index="14" bw="64" slack="0"/>
<pin id="230" dir="0" index="15" bw="49" slack="3"/>
<pin id="231" dir="0" index="16" bw="1" slack="1"/>
<pin id="232" dir="0" index="17" bw="32" slack="1"/>
<pin id="233" dir="0" index="18" bw="49" slack="3"/>
<pin id="234" dir="0" index="19" bw="49" slack="3"/>
<pin id="235" dir="0" index="20" bw="6" slack="0"/>
<pin id="236" dir="0" index="21" bw="22" slack="0"/>
<pin id="237" dir="0" index="22" bw="18" slack="0"/>
<pin id="238" dir="1" index="23" bw="96" slack="0"/>
</pin_list>
<bind>
<opcode="call(48) " fcode="call"/>
<opset="call_ret/4 "/>
</bind>
</comp>

<comp id="255" class="1004" name="grp_search_Pipeline_VITIS_LOOP_27_1_fu_255">
<pin_list>
<pin id="256" dir="0" index="0" bw="0" slack="0"/>
<pin id="257" dir="0" index="1" bw="32" slack="0"/>
<pin id="258" dir="0" index="2" bw="32" slack="0"/>
<pin id="259" dir="0" index="3" bw="32" slack="0"/>
<pin id="260" dir="0" index="4" bw="13" slack="4"/>
<pin id="261" dir="1" index="5" bw="0" slack="2147483647"/>
</pin_list>
<bind>
<opcode="call(48) " fcode="call"/>
<opset="call_ln22/6 "/>
</bind>
</comp>

<comp id="266" class="1004" name="zext_ln64_fu_266">
<pin_list>
<pin id="267" dir="0" index="0" bw="6" slack="0"/>
<pin id="268" dir="1" index="1" bw="64" slack="0"/>
</pin_list>
<bind>
<opcode="zext(34) " fcode="zext"/>
<opset="zext_ln64/1 "/>
</bind>
</comp>

<comp id="270" class="1004" name="or_ln23_fu_270">
<pin_list>
<pin id="271" dir="0" index="0" bw="49" slack="0"/>
<pin id="272" dir="0" index="1" bw="49" slack="0"/>
<pin id="273" dir="1" index="2" bw="49" slack="0"/>
</pin_list>
<bind>
<opcode="or(24) " fcode="or"/>
<opset="or_ln23/1 "/>
</bind>
</comp>

<comp id="276" class="1004" name="gameState_legalActionMap_fu_276">
<pin_list>
<pin id="277" dir="0" index="0" bw="49" slack="0"/>
<pin id="278" dir="0" index="1" bw="49" slack="0"/>
<pin id="279" dir="1" index="2" bw="49" slack="0"/>
</pin_list>
<bind>
<opcode="xor(25) " fcode="xor"/>
<opset="gameState_legalActionMap/1 "/>
</bind>
</comp>

<comp id="283" class="1004" name="store_ln0_store_fu_283">
<pin_list>
<pin id="284" dir="0" index="0" bw="1" slack="0"/>
<pin id="285" dir="0" index="1" bw="32" slack="0"/>
<pin id="286" dir="1" index="2" bw="0" slack="2147483647"/>
</pin_list>
<bind>
<opcode="store(28) " fcode="store"/>
<opset="store_ln0/1 "/>
</bind>
</comp>

<comp id="288" class="1004" name="store_ln64_store_fu_288">
<pin_list>
<pin id="289" dir="0" index="0" bw="6" slack="0"/>
<pin id="290" dir="0" index="1" bw="64" slack="0"/>
<pin id="291" dir="1" index="2" bw="0" slack="2147483647"/>
</pin_list>
<bind>
<opcode="store(28) " fcode="store"/>
<opset="store_ln64/1 "/>
</bind>
</comp>

<comp id="293" class="1004" name="store_ln45_store_fu_293">
<pin_list>
<pin id="294" dir="0" index="0" bw="1" slack="0"/>
<pin id="295" dir="0" index="1" bw="13" slack="0"/>
<pin id="296" dir="1" index="2" bw="0" slack="2147483647"/>
</pin_list>
<bind>
<opcode="store(28) " fcode="store"/>
<opset="store_ln45/1 "/>
</bind>
</comp>

<comp id="298" class="1004" name="numLegalActions_loc_load_load_fu_298">
<pin_list>
<pin id="299" dir="0" index="0" bw="32" slack="2"/>
<pin id="300" dir="1" index="1" bw="32" slack="0"/>
</pin_list>
<bind>
<opcode="load(27) " fcode="load"/>
<opset="numLegalActions_loc_load/3 "/>
</bind>
</comp>

<comp id="302" class="1004" name="i_load_fu_302">
<pin_list>
<pin id="303" dir="0" index="0" bw="13" slack="3"/>
<pin id="304" dir="1" index="1" bw="13" slack="0"/>
</pin_list>
<bind>
<opcode="load(27) " fcode="load"/>
<opset="i/4 "/>
</bind>
</comp>

<comp id="305" class="1004" name="icmp_ln46_fu_305">
<pin_list>
<pin id="306" dir="0" index="0" bw="13" slack="0"/>
<pin id="307" dir="0" index="1" bw="13" slack="0"/>
<pin id="308" dir="1" index="2" bw="1" slack="2147483647"/>
</pin_list>
<bind>
<opcode="icmp(45) " fcode="icmp"/>
<opset="icmp_ln46/4 "/>
</bind>
</comp>

<comp id="311" class="1004" name="i_3_fu_311">
<pin_list>
<pin id="312" dir="0" index="0" bw="13" slack="0"/>
<pin id="313" dir="0" index="1" bw="1" slack="0"/>
<pin id="314" dir="1" index="2" bw="13" slack="0"/>
</pin_list>
<bind>
<opcode="add(8) " fcode="add"/>
<opset="i_3/4 "/>
</bind>
</comp>

<comp id="317" class="1004" name="this_rng_0_load_load_fu_317">
<pin_list>
<pin id="318" dir="0" index="0" bw="64" slack="3"/>
<pin id="319" dir="1" index="1" bw="64" slack="0"/>
</pin_list>
<bind>
<opcode="load(27) " fcode="load"/>
<opset="this_rng_0_load/4 "/>
</bind>
</comp>

<comp id="321" class="1004" name="this_nextFree_0_load_load_fu_321">
<pin_list>
<pin id="322" dir="0" index="0" bw="32" slack="3"/>
<pin id="323" dir="1" index="1" bw="32" slack="0"/>
</pin_list>
<bind>
<opcode="load(27) " fcode="load"/>
<opset="this_nextFree_0_load/4 "/>
</bind>
</comp>

<comp id="325" class="1004" name="store_ln45_store_fu_325">
<pin_list>
<pin id="326" dir="0" index="0" bw="13" slack="0"/>
<pin id="327" dir="0" index="1" bw="13" slack="3"/>
<pin id="328" dir="1" index="2" bw="0" slack="2147483647"/>
</pin_list>
<bind>
<opcode="store(28) " fcode="store"/>
<opset="store_ln45/4 "/>
</bind>
</comp>

<comp id="330" class="1004" name="this_nextFree_ret_fu_330">
<pin_list>
<pin id="331" dir="0" index="0" bw="96" slack="0"/>
<pin id="332" dir="1" index="1" bw="32" slack="0"/>
</pin_list>
<bind>
<opcode="extractvalue(56) " fcode="extractvalue"/>
<opset="this_nextFree_ret/5 "/>
</bind>
</comp>

<comp id="334" class="1004" name="this_rng_ret_fu_334">
<pin_list>
<pin id="335" dir="0" index="0" bw="96" slack="0"/>
<pin id="336" dir="1" index="1" bw="64" slack="0"/>
</pin_list>
<bind>
<opcode="extractvalue(56) " fcode="extractvalue"/>
<opset="this_rng_ret/5 "/>
</bind>
</comp>

<comp id="338" class="1004" name="store_ln47_store_fu_338">
<pin_list>
<pin id="339" dir="0" index="0" bw="32" slack="0"/>
<pin id="340" dir="0" index="1" bw="32" slack="4"/>
<pin id="341" dir="1" index="2" bw="0" slack="2147483647"/>
</pin_list>
<bind>
<opcode="store(28) " fcode="store"/>
<opset="store_ln47/5 "/>
</bind>
</comp>

<comp id="343" class="1004" name="store_ln47_store_fu_343">
<pin_list>
<pin id="344" dir="0" index="0" bw="64" slack="0"/>
<pin id="345" dir="0" index="1" bw="64" slack="4"/>
<pin id="346" dir="1" index="2" bw="0" slack="2147483647"/>
</pin_list>
<bind>
<opcode="store(28) " fcode="store"/>
<opset="store_ln47/5 "/>
</bind>
</comp>

<comp id="348" class="1004" name="bestChildNode_loc_load_load_fu_348">
<pin_list>
<pin id="349" dir="0" index="0" bw="13" slack="6"/>
<pin id="350" dir="1" index="1" bw="13" slack="0"/>
</pin_list>
<bind>
<opcode="load(27) " fcode="load"/>
<opset="bestChildNode_loc_load/8 "/>
</bind>
</comp>

<comp id="351" class="1004" name="zext_ln36_fu_351">
<pin_list>
<pin id="352" dir="0" index="0" bw="13" slack="0"/>
<pin id="353" dir="1" index="1" bw="64" slack="0"/>
</pin_list>
<bind>
<opcode="zext(34) " fcode="zext"/>
<opset="zext_ln36/8 "/>
</bind>
</comp>

<comp id="356" class="1005" name="i_2_reg_356">
<pin_list>
<pin id="357" dir="0" index="0" bw="13" slack="0"/>
<pin id="358" dir="1" index="1" bw="13" slack="0"/>
</pin_list>
<bind>
<opset="i_2 "/>
</bind>
</comp>

<comp id="363" class="1005" name="this_rng_0_reg_363">
<pin_list>
<pin id="364" dir="0" index="0" bw="64" slack="0"/>
<pin id="365" dir="1" index="1" bw="64" slack="0"/>
</pin_list>
<bind>
<opset="this_rng_0 "/>
</bind>
</comp>

<comp id="370" class="1005" name="this_nextFree_0_reg_370">
<pin_list>
<pin id="371" dir="0" index="0" bw="32" slack="0"/>
<pin id="372" dir="1" index="1" bw="32" slack="0"/>
</pin_list>
<bind>
<opset="this_nextFree_0 "/>
</bind>
</comp>

<comp id="377" class="1005" name="boardState_player2_read_reg_377">
<pin_list>
<pin id="378" dir="0" index="0" bw="49" slack="3"/>
<pin id="379" dir="1" index="1" bw="49" slack="3"/>
</pin_list>
<bind>
<opset="boardState_player2_read "/>
</bind>
</comp>

<comp id="382" class="1005" name="boardState_player1_read_reg_382">
<pin_list>
<pin id="383" dir="0" index="0" bw="49" slack="3"/>
<pin id="384" dir="1" index="1" bw="49" slack="3"/>
</pin_list>
<bind>
<opset="boardState_player1_read "/>
</bind>
</comp>

<comp id="387" class="1005" name="bestChildNode_loc_reg_387">
<pin_list>
<pin id="388" dir="0" index="0" bw="13" slack="4"/>
<pin id="389" dir="1" index="1" bw="13" slack="4"/>
</pin_list>
<bind>
<opset="bestChildNode_loc "/>
</bind>
</comp>

<comp id="393" class="1005" name="numLegalActions_loc_reg_393">
<pin_list>
<pin id="394" dir="0" index="0" bw="32" slack="0"/>
<pin id="395" dir="1" index="1" bw="32" slack="0"/>
</pin_list>
<bind>
<opset="numLegalActions_loc "/>
</bind>
</comp>

<comp id="399" class="1005" name="gameState_legalActionMap_reg_399">
<pin_list>
<pin id="400" dir="0" index="0" bw="49" slack="1"/>
<pin id="401" dir="1" index="1" bw="49" slack="1"/>
</pin_list>
<bind>
<opset="gameState_legalActionMap "/>
</bind>
</comp>

<comp id="405" class="1005" name="boardState_lastMove_read_reg_405">
<pin_list>
<pin id="406" dir="0" index="0" bw="32" slack="1"/>
<pin id="407" dir="1" index="1" bw="32" slack="1"/>
</pin_list>
<bind>
<opset="boardState_lastMove_read "/>
</bind>
</comp>

<comp id="410" class="1005" name="boardState_isPlayer1Turn_read_reg_410">
<pin_list>
<pin id="411" dir="0" index="0" bw="1" slack="1"/>
<pin id="412" dir="1" index="1" bw="1" slack="1"/>
</pin_list>
<bind>
<opset="boardState_isPlayer1Turn_read "/>
</bind>
</comp>

<comp id="415" class="1005" name="this_firstChilds_addr_reg_415">
<pin_list>
<pin id="416" dir="0" index="0" bw="13" slack="1"/>
<pin id="417" dir="1" index="1" bw="13" slack="1"/>
</pin_list>
<bind>
<opset="this_firstChilds_addr "/>
</bind>
</comp>

<comp id="429" class="1005" name="bestChildNode_reg_429">
<pin_list>
<pin id="430" dir="0" index="0" bw="32" slack="1"/>
<pin id="431" dir="1" index="1" bw="32" slack="1"/>
</pin_list>
<bind>
<opset="bestChildNode "/>
</bind>
</comp>

<comp id="434" class="1005" name="this_childActions_addr_reg_434">
<pin_list>
<pin id="435" dir="0" index="0" bw="13" slack="1"/>
<pin id="436" dir="1" index="1" bw="13" slack="1"/>
</pin_list>
<bind>
<opset="this_childActions_addr "/>
</bind>
</comp>

</comp_list>

<net_list>
<net id="83"><net_src comp="42" pin="0"/><net_sink comp="80" pin=0"/></net>

<net id="87"><net_src comp="42" pin="0"/><net_sink comp="84" pin=0"/></net>

<net id="91"><net_src comp="42" pin="0"/><net_sink comp="88" pin=0"/></net>

<net id="95"><net_src comp="48" pin="0"/><net_sink comp="92" pin=0"/></net>

<net id="99"><net_src comp="48" pin="0"/><net_sink comp="96" pin=0"/></net>

<net id="104"><net_src comp="44" pin="0"/><net_sink comp="100" pin=0"/></net>

<net id="105"><net_src comp="32" pin="0"/><net_sink comp="100" pin=1"/></net>

<net id="110"><net_src comp="44" pin="0"/><net_sink comp="106" pin=0"/></net>

<net id="111"><net_src comp="30" pin="0"/><net_sink comp="106" pin=1"/></net>

<net id="116"><net_src comp="46" pin="0"/><net_sink comp="112" pin=0"/></net>

<net id="117"><net_src comp="24" pin="0"/><net_sink comp="112" pin=1"/></net>

<net id="122"><net_src comp="56" pin="0"/><net_sink comp="118" pin=0"/></net>

<net id="123"><net_src comp="34" pin="0"/><net_sink comp="118" pin=1"/></net>

<net id="128"><net_src comp="58" pin="0"/><net_sink comp="124" pin=0"/></net>

<net id="129"><net_src comp="28" pin="0"/><net_sink comp="124" pin=1"/></net>

<net id="134"><net_src comp="56" pin="0"/><net_sink comp="130" pin=0"/></net>

<net id="135"><net_src comp="26" pin="0"/><net_sink comp="130" pin=1"/></net>

<net id="141"><net_src comp="4" pin="0"/><net_sink comp="136" pin=0"/></net>

<net id="142"><net_src comp="60" pin="0"/><net_sink comp="136" pin=1"/></net>

<net id="143"><net_src comp="60" pin="0"/><net_sink comp="136" pin=2"/></net>

<net id="149"><net_src comp="62" pin="0"/><net_sink comp="144" pin=1"/></net>

<net id="150"><net_src comp="136" pin="3"/><net_sink comp="144" pin=0"/></net>

<net id="156"><net_src comp="6" pin="0"/><net_sink comp="151" pin=0"/></net>

<net id="157"><net_src comp="60" pin="0"/><net_sink comp="151" pin=1"/></net>

<net id="158"><net_src comp="60" pin="0"/><net_sink comp="151" pin=2"/></net>

<net id="164"><net_src comp="62" pin="0"/><net_sink comp="159" pin=1"/></net>

<net id="165"><net_src comp="151" pin="3"/><net_sink comp="159" pin=0"/></net>

<net id="171"><net_src comp="20" pin="0"/><net_sink comp="166" pin=0"/></net>

<net id="172"><net_src comp="60" pin="0"/><net_sink comp="166" pin=1"/></net>

<net id="173"><net_src comp="60" pin="0"/><net_sink comp="166" pin=2"/></net>

<net id="179"><net_src comp="118" pin="2"/><net_sink comp="174" pin=1"/></net>

<net id="180"><net_src comp="166" pin="3"/><net_sink comp="174" pin=0"/></net>

<net id="186"><net_src comp="12" pin="0"/><net_sink comp="181" pin=0"/></net>

<net id="187"><net_src comp="60" pin="0"/><net_sink comp="181" pin=1"/></net>

<net id="188"><net_src comp="60" pin="0"/><net_sink comp="181" pin=2"/></net>

<net id="194"><net_src comp="181" pin="3"/><net_sink comp="189" pin=0"/></net>

<net id="200"><net_src comp="16" pin="0"/><net_sink comp="195" pin=0"/></net>

<net id="201"><net_src comp="60" pin="0"/><net_sink comp="195" pin=1"/></net>

<net id="207"><net_src comp="195" pin="3"/><net_sink comp="202" pin=0"/></net>

<net id="213"><net_src comp="52" pin="0"/><net_sink comp="208" pin=0"/></net>

<net id="239"><net_src comp="68" pin="0"/><net_sink comp="214" pin=0"/></net>

<net id="240"><net_src comp="0" pin="0"/><net_sink comp="214" pin=1"/></net>

<net id="241"><net_src comp="2" pin="0"/><net_sink comp="214" pin=2"/></net>

<net id="242"><net_src comp="4" pin="0"/><net_sink comp="214" pin=3"/></net>

<net id="243"><net_src comp="6" pin="0"/><net_sink comp="214" pin=4"/></net>

<net id="244"><net_src comp="8" pin="0"/><net_sink comp="214" pin=5"/></net>

<net id="245"><net_src comp="10" pin="0"/><net_sink comp="214" pin=6"/></net>

<net id="246"><net_src comp="12" pin="0"/><net_sink comp="214" pin=7"/></net>

<net id="247"><net_src comp="14" pin="0"/><net_sink comp="214" pin=8"/></net>

<net id="248"><net_src comp="16" pin="0"/><net_sink comp="214" pin=9"/></net>

<net id="249"><net_src comp="18" pin="0"/><net_sink comp="214" pin=10"/></net>

<net id="250"><net_src comp="20" pin="0"/><net_sink comp="214" pin=11"/></net>

<net id="251"><net_src comp="22" pin="0"/><net_sink comp="214" pin=12"/></net>

<net id="252"><net_src comp="36" pin="0"/><net_sink comp="214" pin=20"/></net>

<net id="253"><net_src comp="38" pin="0"/><net_sink comp="214" pin=21"/></net>

<net id="254"><net_src comp="40" pin="0"/><net_sink comp="214" pin=22"/></net>

<net id="262"><net_src comp="78" pin="0"/><net_sink comp="255" pin=0"/></net>

<net id="263"><net_src comp="159" pin="3"/><net_sink comp="255" pin=1"/></net>

<net id="264"><net_src comp="0" pin="0"/><net_sink comp="255" pin=2"/></net>

<net id="265"><net_src comp="10" pin="0"/><net_sink comp="255" pin=3"/></net>

<net id="269"><net_src comp="112" pin="2"/><net_sink comp="266" pin=0"/></net>

<net id="274"><net_src comp="100" pin="2"/><net_sink comp="270" pin=0"/></net>

<net id="275"><net_src comp="106" pin="2"/><net_sink comp="270" pin=1"/></net>

<net id="280"><net_src comp="270" pin="2"/><net_sink comp="276" pin=0"/></net>

<net id="281"><net_src comp="50" pin="0"/><net_sink comp="276" pin=1"/></net>

<net id="282"><net_src comp="276" pin="2"/><net_sink comp="208" pin=1"/></net>

<net id="287"><net_src comp="42" pin="0"/><net_sink comp="283" pin=0"/></net>

<net id="292"><net_src comp="266" pin="1"/><net_sink comp="288" pin=0"/></net>

<net id="297"><net_src comp="54" pin="0"/><net_sink comp="293" pin=0"/></net>

<net id="301"><net_src comp="298" pin="1"/><net_sink comp="189" pin=1"/></net>

<net id="309"><net_src comp="302" pin="1"/><net_sink comp="305" pin=0"/></net>

<net id="310"><net_src comp="64" pin="0"/><net_sink comp="305" pin=1"/></net>

<net id="315"><net_src comp="302" pin="1"/><net_sink comp="311" pin=0"/></net>

<net id="316"><net_src comp="66" pin="0"/><net_sink comp="311" pin=1"/></net>

<net id="320"><net_src comp="317" pin="1"/><net_sink comp="214" pin=14"/></net>

<net id="324"><net_src comp="321" pin="1"/><net_sink comp="214" pin=13"/></net>

<net id="329"><net_src comp="311" pin="2"/><net_sink comp="325" pin=0"/></net>

<net id="333"><net_src comp="214" pin="23"/><net_sink comp="330" pin=0"/></net>

<net id="337"><net_src comp="214" pin="23"/><net_sink comp="334" pin=0"/></net>

<net id="342"><net_src comp="330" pin="1"/><net_sink comp="338" pin=0"/></net>

<net id="347"><net_src comp="334" pin="1"/><net_sink comp="343" pin=0"/></net>

<net id="354"><net_src comp="348" pin="1"/><net_sink comp="351" pin=0"/></net>

<net id="355"><net_src comp="351" pin="1"/><net_sink comp="195" pin=2"/></net>

<net id="359"><net_src comp="80" pin="1"/><net_sink comp="356" pin=0"/></net>

<net id="360"><net_src comp="356" pin="1"/><net_sink comp="293" pin=1"/></net>

<net id="361"><net_src comp="356" pin="1"/><net_sink comp="302" pin=0"/></net>

<net id="362"><net_src comp="356" pin="1"/><net_sink comp="325" pin=1"/></net>

<net id="366"><net_src comp="84" pin="1"/><net_sink comp="363" pin=0"/></net>

<net id="367"><net_src comp="363" pin="1"/><net_sink comp="288" pin=1"/></net>

<net id="368"><net_src comp="363" pin="1"/><net_sink comp="317" pin=0"/></net>

<net id="369"><net_src comp="363" pin="1"/><net_sink comp="343" pin=1"/></net>

<net id="373"><net_src comp="88" pin="1"/><net_sink comp="370" pin=0"/></net>

<net id="374"><net_src comp="370" pin="1"/><net_sink comp="283" pin=1"/></net>

<net id="375"><net_src comp="370" pin="1"/><net_sink comp="321" pin=0"/></net>

<net id="376"><net_src comp="370" pin="1"/><net_sink comp="338" pin=1"/></net>

<net id="380"><net_src comp="100" pin="2"/><net_sink comp="377" pin=0"/></net>

<net id="381"><net_src comp="377" pin="1"/><net_sink comp="214" pin=19"/></net>

<net id="385"><net_src comp="106" pin="2"/><net_sink comp="382" pin=0"/></net>

<net id="386"><net_src comp="382" pin="1"/><net_sink comp="214" pin=18"/></net>

<net id="390"><net_src comp="92" pin="1"/><net_sink comp="387" pin=0"/></net>

<net id="391"><net_src comp="387" pin="1"/><net_sink comp="255" pin=4"/></net>

<net id="392"><net_src comp="387" pin="1"/><net_sink comp="348" pin=0"/></net>

<net id="396"><net_src comp="96" pin="1"/><net_sink comp="393" pin=0"/></net>

<net id="397"><net_src comp="393" pin="1"/><net_sink comp="208" pin=2"/></net>

<net id="398"><net_src comp="393" pin="1"/><net_sink comp="298" pin=0"/></net>

<net id="402"><net_src comp="276" pin="2"/><net_sink comp="399" pin=0"/></net>

<net id="403"><net_src comp="399" pin="1"/><net_sink comp="208" pin=1"/></net>

<net id="404"><net_src comp="399" pin="1"/><net_sink comp="214" pin=15"/></net>

<net id="408"><net_src comp="124" pin="2"/><net_sink comp="405" pin=0"/></net>

<net id="409"><net_src comp="405" pin="1"/><net_sink comp="214" pin=17"/></net>

<net id="413"><net_src comp="130" pin="2"/><net_sink comp="410" pin=0"/></net>

<net id="414"><net_src comp="410" pin="1"/><net_sink comp="214" pin=16"/></net>

<net id="418"><net_src comp="151" pin="3"/><net_sink comp="415" pin=0"/></net>

<net id="419"><net_src comp="415" pin="1"/><net_sink comp="159" pin=0"/></net>

<net id="432"><net_src comp="159" pin="3"/><net_sink comp="429" pin=0"/></net>

<net id="433"><net_src comp="429" pin="1"/><net_sink comp="255" pin=1"/></net>

<net id="437"><net_src comp="195" pin="3"/><net_sink comp="434" pin=0"/></net>

<net id="438"><net_src comp="434" pin="1"/><net_sink comp="202" pin=0"/></net>

</net_list>

</model> 
---------------- Datapath Model END ------------------

* FSMD analyzer results:
  - Output states:
	Port: this_visitCounts | {4 5 }
	Port: this_meanQ | {4 5 }
	Port: this_parents | {3 4 5 }
	Port: this_firstChilds | {3 4 5 }
	Port: this_numChildren | {4 5 }
	Port: this_nextSiblings | {4 5 }
	Port: this_numLegalActions | {3 4 5 }
	Port: this_terminals | {4 5 }
	Port: this_childActions | {4 5 }
	Port: this_triedMask | {4 5 }
	Port: this_isREDs | {3 4 5 }
	Port: this_logVisitCounts | {4 5 }
	Port: log_apfixed_reduce_log_inverse_lut_table_array | {}
	Port: log_apfixed_reduce_log0_lut_table_ap_fixed_0_5_64_array | {}
	Port: log_apfixed_reduce_log_lut_table_ap_fixed_4_4_16_array | {}
 - Input state : 
	Port: search : this_visitCounts | {4 5 6 7 }
	Port: search : this_meanQ | {4 5 }
	Port: search : this_parents | {4 5 }
	Port: search : this_firstChilds | {4 5 6 }
	Port: search : this_numChildren | {4 5 }
	Port: search : this_nextSiblings | {4 5 6 7 }
	Port: search : this_numLegalActions | {4 5 }
	Port: search : this_terminals | {4 5 }
	Port: search : this_childActions | {4 5 8 9 }
	Port: search : this_triedMask | {4 5 }
	Port: search : this_isREDs | {4 5 }
	Port: search : this_logVisitCounts | {4 5 }
	Port: search : this_rng_read | {1 }
	Port: search : boardState_isPlayer1Turn_s | {3 }
	Port: search : boardState_lastMove_s | {3 }
	Port: search : boardState_player1_s | {1 }
	Port: search : boardState_player2_s | {1 }
	Port: search : isRED | {3 }
	Port: search : log_apfixed_reduce_log_inverse_lut_table_array | {4 5 }
	Port: search : log_apfixed_reduce_log0_lut_table_ap_fixed_0_5_64_array | {4 5 }
	Port: search : log_apfixed_reduce_log_lut_table_ap_fixed_4_4_16_array | {4 5 }
  - Chain level:
	State 1
		store_ln0 : 1
		store_ln64 : 1
		store_ln45 : 1
	State 2
	State 3
		store_ln12 : 1
		store_ln13 : 1
		store_ln15 : 1
		store_ln43 : 1
	State 4
		icmp_ln46 : 1
		i_3 : 1
		br_ln46 : 2
		call_ret : 1
		store_ln45 : 2
	State 5
		this_nextFree_ret : 1
		this_rng_ret : 1
		store_ln47 : 2
		store_ln47 : 2
	State 6
		call_ln22 : 1
	State 7
	State 8
		zext_ln36 : 1
		this_childActions_addr : 2
		this_childActions_load : 3
	State 9
		ret_ln36 : 1


============================================================
+ Verbose Summary: Datapath Resource usage 
============================================================

* Functional unit list:
|----------|--------------------------------------------|---------|---------|---------|---------|
| Operation|               Functional Unit              |   DSP   |  Delay  |    FF   |   LUT   |
|----------|--------------------------------------------|---------|---------|---------|---------|
|          | grp_search_Pipeline_VITIS_LOOP_42_1_fu_208 |    0    |    0    |    87   |   114   |
|   call   |             grp_forward_fu_214             |    6    |  26.759 |  12613  |  18343  |
|          | grp_search_Pipeline_VITIS_LOOP_27_1_fu_255 |    0    |  0.854  |   155   |   160   |
|----------|--------------------------------------------|---------|---------|---------|---------|
|    or    |               or_ln23_fu_270               |    0    |    0    |    0    |    49   |
|----------|--------------------------------------------|---------|---------|---------|---------|
|    xor   |       gameState_legalActionMap_fu_276      |    0    |    0    |    0    |    49   |
|----------|--------------------------------------------|---------|---------|---------|---------|
|   icmp   |              icmp_ln46_fu_305              |    0    |    0    |    0    |    20   |
|----------|--------------------------------------------|---------|---------|---------|---------|
|    add   |                 i_3_fu_311                 |    0    |    0    |    0    |    20   |
|----------|--------------------------------------------|---------|---------|---------|---------|
|          |     boardState_player2_read_read_fu_100    |    0    |    0    |    0    |    0    |
|          |     boardState_player1_read_read_fu_106    |    0    |    0    |    0    |    0    |
|   read   |         this_rng_read_1_read_fu_112        |    0    |    0    |    0    |    0    |
|          |           isRED_read_read_fu_118           |    0    |    0    |    0    |    0    |
|          |    boardState_lastMove_read_read_fu_124    |    0    |    0    |    0    |    0    |
|          |  boardState_isPlayer1Turn_read_read_fu_130 |    0    |    0    |    0    |    0    |
|----------|--------------------------------------------|---------|---------|---------|---------|
|   zext   |              zext_ln64_fu_266              |    0    |    0    |    0    |    0    |
|          |              zext_ln36_fu_351              |    0    |    0    |    0    |    0    |
|----------|--------------------------------------------|---------|---------|---------|---------|
|extractvalue|          this_nextFree_ret_fu_330          |    0    |    0    |    0    |    0    |
|          |             this_rng_ret_fu_334            |    0    |    0    |    0    |    0    |
|----------|--------------------------------------------|---------|---------|---------|---------|
|   Total  |                                            |    6    |  27.613 |  12855  |  18755  |
|----------|--------------------------------------------|---------|---------|---------|---------|

Memories:
N/A

* Register list:
+-------------------------------------+--------+
|                                     |   FF   |
+-------------------------------------+--------+
|      bestChildNode_loc_reg_387      |   13   |
|        bestChildNode_reg_429        |   32   |
|boardState_isPlayer1Turn_read_reg_410|    1   |
|   boardState_lastMove_read_reg_405  |   32   |
|   boardState_player1_read_reg_382   |   49   |
|   boardState_player2_read_reg_377   |   49   |
|   gameState_legalActionMap_reg_399  |   49   |
|             i_2_reg_356             |   13   |
|     numLegalActions_loc_reg_393     |   32   |
|    this_childActions_addr_reg_434   |   13   |
|    this_firstChilds_addr_reg_415    |   13   |
|       this_nextFree_0_reg_370       |   32   |
|          this_rng_0_reg_363         |   64   |
+-------------------------------------+--------+
|                Total                |   392  |
+-------------------------------------+--------+

* Multiplexer (MUX) list: 
|--------------------------------------------|------|------|------|--------||---------||---------||---------|
|                    Comp                    |  Pin | Size |  BW  | S x BW ||  Delay  ||    FF   ||   LUT   |
|--------------------------------------------|------|------|------|--------||---------||---------||---------|
|              grp_access_fu_159             |  p0  |   2  |  13  |   26   ||    0    ||    9    |
|              grp_access_fu_202             |  p0  |   2  |  13  |   26   ||    0    ||    9    |
| grp_search_Pipeline_VITIS_LOOP_42_1_fu_208 |  p1  |   2  |  49  |   98   ||    0    ||    9    |
| grp_search_Pipeline_VITIS_LOOP_27_1_fu_255 |  p1  |   2  |  32  |   64   ||    0    ||    9    |
|--------------------------------------------|------|------|------|--------||---------||---------||---------|
|                    Total                   |      |      |      |   214  ||  1.708  ||    0    ||    36   |
|--------------------------------------------|------|------|------|--------||---------||---------||---------|



* Summary:
+-----------+--------+--------+--------+--------+
|           |   DSP  |  Delay |   FF   |   LUT  |
+-----------+--------+--------+--------+--------+
|  Function |    6   |   27   |  12855 |  18755 |
|   Memory  |    -   |    -   |    -   |    -   |
|Multiplexer|    -   |    1   |    0   |   36   |
|  Register |    -   |    -   |   392  |    -   |
+-----------+--------+--------+--------+--------+
|   Total   |    6   |   29   |  13247 |  18791 |
+-----------+--------+--------+--------+--------+
